Archive member included to satisfy reference by file (symbol)

C:/ProgramData/MATLAB/SupportPackages/R2024b/3P.instrset/gnuarm-armcortex.instrset/win/bin/../lib/gcc/arm-none-eabi/13.2.1/thumb/v7e-m+fp/hard\libm.a(libm_a-w_fmod.o)
                              xcp_ext_common.o (fmod)
C:/ProgramData/MATLAB/SupportPackages/R2024b/3P.instrset/gnuarm-armcortex.instrset/win/bin/../lib/gcc/arm-none-eabi/13.2.1/thumb/v7e-m+fp/hard\libm.a(libm_a-e_fmod.o)
                              C:/ProgramData/MATLAB/SupportPackages/R2024b/3P.instrset/gnuarm-armcortex.instrset/win/bin/../lib/gcc/arm-none-eabi/13.2.1/thumb/v7e-m+fp/hard\libm.a(libm_a-w_fmod.o) (__ieee754_fmod)
C:/ProgramData/MATLAB/SupportPackages/R2024b/3P.instrset/gnuarm-armcortex.instrset/win/bin/../lib/gcc/arm-none-eabi/13.2.1/thumb/v7e-m+fp/hard\libgcc.a(_arm_muldf3.o)
                              Homing.o (__aeabi_dmul)
C:/ProgramData/MATLAB/SupportPackages/R2024b/3P.instrset/gnuarm-armcortex.instrset/win/bin/../lib/gcc/arm-none-eabi/13.2.1/thumb/v7e-m+fp/hard\libgcc.a(_arm_addsubdf3.o)
                              Homing.o (__aeabi_dsub)
C:/ProgramData/MATLAB/SupportPackages/R2024b/3P.instrset/gnuarm-armcortex.instrset/win/bin/../lib/gcc/arm-none-eabi/13.2.1/thumb/v7e-m+fp/hard\libgcc.a(_arm_muldivdf3.o)
                              Homing.o (__aeabi_ddiv)
C:/ProgramData/MATLAB/SupportPackages/R2024b/3P.instrset/gnuarm-armcortex.instrset/win/bin/../lib/gcc/arm-none-eabi/13.2.1/thumb/v7e-m+fp/hard\libgcc.a(_arm_cmpdf2.o)
                              xcp_ext_mode.o (__aeabi_dcmpeq)
C:/ProgramData/MATLAB/SupportPackages/R2024b/3P.instrset/gnuarm-armcortex.instrset/win/bin/../lib/gcc/arm-none-eabi/13.2.1/thumb/v7e-m+fp/hard\libgcc.a(_arm_unorddf2.o)
                              C:/ProgramData/MATLAB/SupportPackages/R2024b/3P.instrset/gnuarm-armcortex.instrset/win/bin/../lib/gcc/arm-none-eabi/13.2.1/thumb/v7e-m+fp/hard\libm.a(libm_a-w_fmod.o) (__aeabi_dcmpun)
C:/ProgramData/MATLAB/SupportPackages/R2024b/3P.instrset/gnuarm-armcortex.instrset/win/bin/../lib/gcc/arm-none-eabi/13.2.1/thumb/v7e-m+fp/hard\libgcc.a(_arm_fixunsdfsi.o)
                              xcp_ext_common.o (__aeabi_d2uiz)
C:/ProgramData/MATLAB/SupportPackages/R2024b/3P.instrset/gnuarm-armcortex.instrset/win/bin/../lib/gcc/arm-none-eabi/13.2.1/thumb/v7e-m+fp/hard\libgcc.a(_aeabi_uldivmod.o)
                              stm32g4xx_ll_lpuart.o (__aeabi_uldivmod)
C:/ProgramData/MATLAB/SupportPackages/R2024b/3P.instrset/gnuarm-armcortex.instrset/win/bin/../lib/gcc/arm-none-eabi/13.2.1/thumb/v7e-m+fp/hard\libgcc.a(_udivmoddi4.o)
                              C:/ProgramData/MATLAB/SupportPackages/R2024b/3P.instrset/gnuarm-armcortex.instrset/win/bin/../lib/gcc/arm-none-eabi/13.2.1/thumb/v7e-m+fp/hard\libgcc.a(_aeabi_uldivmod.o) (__udivmoddi4)
C:/ProgramData/MATLAB/SupportPackages/R2024b/3P.instrset/gnuarm-armcortex.instrset/win/bin/../lib/gcc/arm-none-eabi/13.2.1/thumb/v7e-m+fp/hard\libgcc.a(_dvmd_tls.o)
                              C:/ProgramData/MATLAB/SupportPackages/R2024b/3P.instrset/gnuarm-armcortex.instrset/win/bin/../lib/gcc/arm-none-eabi/13.2.1/thumb/v7e-m+fp/hard\libgcc.a(_aeabi_uldivmod.o) (__aeabi_ldiv0)
C:/ProgramData/MATLAB/SupportPackages/R2024b/3P.instrset/gnuarm-armcortex.instrset/win/bin/../lib/gcc/arm-none-eabi/13.2.1/thumb/v7e-m+fp/hard\libg_nano.a(libc_a-exit.o)
                              C:/ProgramData/MATLAB/SupportPackages/R2024b/3P.instrset/gnuarm-armcortex.instrset/win/bin/../lib/gcc/arm-none-eabi/13.2.1/thumb/v7e-m+fp/hard/crt0.o (exit)
C:/ProgramData/MATLAB/SupportPackages/R2024b/3P.instrset/gnuarm-armcortex.instrset/win/bin/../lib/gcc/arm-none-eabi/13.2.1/thumb/v7e-m+fp/hard\libg_nano.a(libc_a-findfp.o)
                              C:/ProgramData/MATLAB/SupportPackages/R2024b/3P.instrset/gnuarm-armcortex.instrset/win/bin/../lib/gcc/arm-none-eabi/13.2.1/thumb/v7e-m+fp/hard\libg_nano.a(libc_a-exit.o) (__stdio_exit_handler)
C:/ProgramData/MATLAB/SupportPackages/R2024b/3P.instrset/gnuarm-armcortex.instrset/win/bin/../lib/gcc/arm-none-eabi/13.2.1/thumb/v7e-m+fp/hard\libg_nano.a(libc_a-fwalk.o)
                              C:/ProgramData/MATLAB/SupportPackages/R2024b/3P.instrset/gnuarm-armcortex.instrset/win/bin/../lib/gcc/arm-none-eabi/13.2.1/thumb/v7e-m+fp/hard\libg_nano.a(libc_a-findfp.o) (_fwalk_sglue)
C:/ProgramData/MATLAB/SupportPackages/R2024b/3P.instrset/gnuarm-armcortex.instrset/win/bin/../lib/gcc/arm-none-eabi/13.2.1/thumb/v7e-m+fp/hard\libg_nano.a(libc_a-stdio.o)
                              C:/ProgramData/MATLAB/SupportPackages/R2024b/3P.instrset/gnuarm-armcortex.instrset/win/bin/../lib/gcc/arm-none-eabi/13.2.1/thumb/v7e-m+fp/hard\libg_nano.a(libc_a-findfp.o) (__sread)
C:/ProgramData/MATLAB/SupportPackages/R2024b/3P.instrset/gnuarm-armcortex.instrset/win/bin/../lib/gcc/arm-none-eabi/13.2.1/thumb/v7e-m+fp/hard\libg_nano.a(libc_a-memset.o)
[...]
Memory Configuration

Name             Origin             Length             Attributes
RAM              0x20000000         0x00020000         xrw
FLASH            0x08000000         0x00080000         xr
*default*        0x00000000         0xffffffff

Linker script and memory map

LOAD C:/ProgramData/MATLAB/SupportPackages/R2024b/3P.instrset/gnuarm-armcortex.instrset/win/bin/../lib/gcc/arm-none-eabi/13.2.1/thumb/v7e-m+fp/hard/crti.o
LOAD C:/ProgramData/MATLAB/SupportPackages/R2024b/3P.instrset/gnuarm-armcortex.instrset/win/bin/../lib/gcc/arm-none-eabi/13.2.1/thumb/v7e-m+fp/hard/crtbegin.o
LOAD C:/ProgramData/MATLAB/SupportPackages/R2024b/3P.instrset/gnuarm-armcortex.instrset/win/bin/../lib/gcc/arm-none-eabi/13.2.1/thumb/v7e-m+fp/hard/crt0.o
LOAD stm_timer_ll.o
LOAD xcp_ext_mode.o
LOAD Homing.o
LOAD ert_main.o
LOAD xcp_ext_common.o
LOAD xcp_ext_classic_trigger.o
LOAD xcp.o
LOAD xcp_standard.o
LOAD xcp_daq.o
LOAD xcp_calibration.o
LOAD xcp_fifo.o
LOAD xcp_transport.o
LOAD xcp_mem_default.o
LOAD xcp_drv_rtiostream.o
LOAD xcp_utils.o
LOAD xcp_frame_serial.o
LOAD xcp_ext_param_default_serial.o
LOAD overrideHALDelay.o
LOAD platform_timer.o
LOAD SysTickScheduler.o
LOAD m3m4m4f_multitasking.o
LOAD rtiostream_serial.o
LOAD stm_usart.o
LOAD stm_lpuart.o
LOAD sys_arch.o
LOAD main.o
LOAD stm32g4xx_it.o
LOAD stm32g4xx_hal_msp.o
LOAD stm32g4xx_hal_timebase_tim.o
LOAD stm32g4xx_ll_utils.o
LOAD stm32g4xx_ll_exti.o
LOAD stm32g4xx_ll_gpio.o
LOAD stm32g4xx_ll_dma.o
LOAD stm32g4xx_ll_lpuart.o
LOAD stm32g4xx_ll_rcc.o
LOAD stm32g4xx_ll_pwr.o
LOAD stm32g4xx_hal.o
LOAD stm32g4xx_hal_rcc.o
LOAD stm32g4xx_hal_rcc_ex.o
LOAD stm32g4xx_hal_flash.o
LOAD stm32g4xx_hal_flash_ex.o
LOAD stm32g4xx_hal_flash_ramfunc.o
LOAD stm32g4xx_hal_gpio.o
LOAD stm32g4xx_hal_exti.o
LOAD stm32g4xx_hal_dma.o
LOAD stm32g4xx_hal_dma_ex.o
LOAD stm32g4xx_hal_pwr.o
LOAD stm32g4xx_hal_pwr_ex.o
LOAD stm32g4xx_hal_cortex.o
LOAD stm32g4xx_hal_tim.o
LOAD stm32g4xx_hal_tim_ex.o
LOAD stm32g4xx_ll_tim.o
LOAD system_stm32g4xx.o
LOAD syscalls.o
LOAD sysmem.o
LOAD startup_stm32g474retx.o
LOAD C:/ProgramData/MATLAB/SupportPackages/R2024b/3P.instrset/cmsis_dsp.instrset/Lib/GCC/arm_cortexm4ldfsp_math/libCMSISDSP.a
LOAD C:/ProgramData/MATLAB/SupportPackages/R2024b/toolbox/shared/supportpackages/stm32/lib/GCC/libmw_pdmfilter_m4_spfp.lib
LOAD C:/ProgramData/MATLAB/SupportPackages/R2024b/3P.instrset/gnuarm-armcortex.instrset/win/bin/../lib/gcc/arm-none-eabi/13.2.1/thumb/v7e-m+fp/hard\libstdc++_nano.a
LOAD C:/ProgramData/MATLAB/SupportPackages/R2024b/3P.instrset/gnuarm-armcortex.instrset/win/bin/../lib/gcc/arm-none-eabi/13.2.1/thumb/v7e-m+fp/hard\libm.a
START GROUP
LOAD C:/ProgramData/MATLAB/SupportPackages/R2024b/3P.instrset/gnuarm-armcortex.instrset/win/bin/../lib/gcc/arm-none-eabi/13.2.1/thumb/v7e-m+fp/hard\libgcc.a
LOAD C:/ProgramData/MATLAB/SupportPackages/R2024b/3P.instrset/gnuarm-armcortex.instrset/win/bin/../lib/gcc/arm-none-eabi/13.2.1/thumb/v7e-m+fp/hard\libg_nano.a
LOAD C:/ProgramData/MATLAB/SupportPackages/R2024b/3P.instrset/gnuarm-armcortex.instrset/win/bin/../lib/gcc/arm-none-eabi/13.2.1/thumb/v7e-m+fp/hard\libc_nano.a
END GROUP
START GROUP
LOAD C:/ProgramData/MATLAB/SupportPackages/R2024b/3P.instrset/gnuarm-armcortex.instrset/win/bin/../lib/gcc/arm-none-eabi/13.2.1/thumb/v7e-m+fp/hard\libgcc.a
LOAD C:/ProgramData/MATLAB/SupportPackages/R2024b/3P.instrset/gnuarm-armcortex.instrset/win/bin/../lib/gcc/arm-none-eabi/13.2.1/thumb/v7e-m+fp/hard\libc_nano.a
LOAD C:/ProgramData/MATLAB/SupportPackages/R2024b/3P.instrset/gnuarm-armcortex.instrset/win/bin/../lib/gcc/arm-none-eabi/13.2.1/thumb/v7e-m+fp/hard\libnosys.a
END GROUP
START GROUP
LOAD C:/ProgramData/MATLAB/SupportPackages/R2024b/3P.instrset/gnuarm-armcortex.instrset/win/bin/../lib/gcc/arm-none-eabi/13.2.1/thumb/v7e-m+fp/hard\libgcc.a
LOAD C:/ProgramData/MATLAB/SupportPackages/R2024b/3P.instrset/gnuarm-armcortex.instrset/win/bin/../lib/gcc/arm-none-eabi/13.2.1/thumb/v7e-m+fp/hard\libc_nano.a
LOAD C:/ProgramData/MATLAB/SupportPackages/R2024b/3P.instrset/gnuarm-armcortex.instrset/win/bin/../lib/gcc/arm-none-eabi/13.2.1/thumb/v7e-m+fp/hard\libnosys.a
END GROUP
LOAD C:/ProgramData/MATLAB/SupportPackages/R2024b/3P.instrset/gnuarm-armcortex.instrset/win/bin/../lib/gcc/arm-none-eabi/13.2.1/thumb/v7e-m+fp/hard/crtend.o
LOAD C:/ProgramData/MATLAB/SupportPackages/R2024b/3P.instrset/gnuarm-armcortex.instrset/win/bin/../lib/gcc/arm-none-eabi/13.2.1/thumb/v7e-m+fp/hard/crtn.o
                0x20020000                        _estack = (ORIGIN (RAM) + LENGTH (RAM))
                0x00000200                        _Min_Heap_Size = 0x200
                0x00000400                        _Min_Stack_Size = 0x400

.isr_vector     0x08000000      0x1d8
                0x08000000                        . = ALIGN (0x4)
 *(.isr_vector)
 .isr_vector    0x08000000      0x1d8 startup_stm32g474retx.o
                0x08000000                g_pfnVectors
                0x080001d8                        . = ALIGN (0x4)

.text           0x080001d8     0xd0c0
                0x080001d8                        . = ALIGN (0x4)
 *(.text)
 .text          0x080001d8      0x378 C:/ProgramData/MATLAB/SupportPackages/R2024b/3P.instrset/gnuarm-armcortex.instrset/win/bin/../lib/gcc/arm-none-eabi/13.2.1/thumb/v7e-m+fp/hard\libgcc.a(_arm_addsubdf3.o)
                0x080001d8                __aeabi_drsub
                0x080001e0                __aeabi_dsub
                0x080001e0                __subdf3
                0x080001e4                __aeabi_dadd
                0x080001e4                __adddf3
                0x0800045c                __floatunsidf
                0x0800045c                __aeabi_ui2d
                0x0800047c                __floatsidf
                0x0800047c                __aeabi_i2d
                0x080004a0                __aeabi_f2d
                0x080004a0                __extendsfdf2
                0x080004e4                __floatundidf
                0x080004e4                __aeabi_ul2d
                0x080004f4                __floatdidf
                0x080004f4                __aeabi_l2d
 .text          0x08000550      0x424 C:/ProgramData/MATLAB/SupportPackages/R2024b/3P.instrset/gnuarm-armcortex.instrset/win/bin/../lib/gcc/arm-none-eabi/13.2.1/thumb/v7e-m+fp/hard\libgcc.a(_arm_muldivdf3.o)
                0x08000550                __aeabi_dmul
                0x08000550                __muldf3
                0x080007a4                __divdf3
                0x080007a4                __aeabi_ddiv
 .text          0x08000974      0x110 C:/ProgramData/MATLAB/SupportPackages/R2024b/3P.instrset/gnuarm-armcortex.instrset/win/bin/../lib/gcc/arm-none-eabi/13.2.1/thumb/v7e-m+fp/hard\libgcc.a(_arm_cmpdf2.o)
                0x08000974                __gtdf2
                0x08000974                __gedf2
                0x0800097c                __ltdf2
                0x0800097c                __ledf2
                0x08000984                __nedf2
                0x08000984                __eqdf2
                0x08000984                __cmpdf2
                0x08000a00                __aeabi_cdrcmple
                0x08000a10                __aeabi_cdcmpeq
                0x08000a10                __aeabi_cdcmple
                0x08000a20                __aeabi_dcmpeq
                0x08000a34                __aeabi_dcmplt
                0x08000a48                __aeabi_dcmple
                0x08000a5c                __aeabi_dcmpge
                0x08000a70                __aeabi_dcmpgt
 .text          0x08000a84       0x2c C:/ProgramData/MATLAB/SupportPackages/R2024b/3P.instrset/gnuarm-armcortex.instrset/win/bin/../lib/gcc/arm-none-eabi/13.2.1/thumb/v7e-m+fp/hard\libgcc.a(_arm_unorddf2.o)
                0x08000a84                __unorddf2
                0x08000a84                __aeabi_dcmpun
 .text          0x08000ab0       0x40 C:/ProgramData/MATLAB/SupportPackages/R2024b/3P.instrset/gnuarm-armcortex.instrset/win/bin/../lib/gcc/arm-none-eabi/13.2.1/thumb/v7e-m+fp/hard\libgcc.a(_arm_fixunsdfsi.o)
                0x08000ab0                __aeabi_d2uiz
                0x08000ab0                __fixunsdfsi
 .text          0x08000af0       0x30 C:/ProgramData/MATLAB/SupportPackages/R2024b/3P.instrset/gnuarm-armcortex.instrset/win/bin/../lib/gcc/arm-none-eabi/13.2.1/thumb/v7e-m+fp/hard\libgcc.a(_aeabi_uldivmod.o)
                0x08000af0                __aeabi_uldivmod
 .text          0x08000b20        0x4 C:/ProgramData/MATLAB/SupportPackages/R2024b/3P.instrset/gnuarm-armcortex.instrset/win/bin/../lib/gcc/arm-none-eabi/13.2.1/thumb/v7e-m+fp/hard\libgcc.a(_dvmd_tls.o)
                0x08000b20                __aeabi_idiv0
                0x08000b20                __aeabi_ldiv0
 *(.text*)
 .text.deregister_tm_clones
                0x08000b24       0x1c C:/ProgramData/MATLAB/SupportPackages/R2024b/3P.instrset/gnuarm-armcortex.instrset/win/bin/../lib/gcc/arm-none-eabi/13.2.1/thumb/v7e-m+fp/hard/crtbegin.o
 .text.register_tm_clones
                0x08000b40       0x24 C:/ProgramData/MATLAB/SupportPackages/R2024b/3P.instrset/gnuarm-armcortex.instrset/win/bin/../lib/gcc/arm-none-eabi/13.2.1/thumb/v7e-m+fp/hard/crtbegin.o
 .text.__do_global_dtors_aux
                0x08000b64       0x28 C:/ProgramData/MATLAB/SupportPackages/R2024b/3P.instrset/gnuarm-armcortex.instrset/win/bin/../lib/gcc/arm-none-eabi/13.2.1/thumb/v7e-m+fp/hard/crtbegin.o
 .text.frame_dummy
                0x08000b8c       0x24 C:/ProgramData/MATLAB/SupportPackages/R2024b/3P.instrset/gnuarm-armcortex.instrset/win/bin/../lib/gcc/arm-none-eabi/13.2.1/thumb/v7e-m+fp/hard/crtbegin.o
 .text.LL_TIM_GetCounterMode
                0x08000bb0       0x30 stm_timer_ll.o
 .text.LL_TIM_GetCounter
                0x08000be0       0x18 stm_timer_ll.o
 .text.LL_TIM_GetRepetitionCounter
                0x08000bf8       0x18 stm_timer_ll.o
 .text.LL_TIM_CC_EnableChannel
                0x08000c10       0x22 stm_timer_ll.o
 .text.LL_TIM_CC_DisableChannel
                0x08000c32       0x24 stm_timer_ll.o
 .text.LL_TIM_EnableAllOutputs
                0x08000c56       0x20 stm_timer_ll.o
 .text.LL_TIM_IsActiveFlag_IDX
                0x08000c76       0x28 stm_timer_ll.o
 .text.LL_TIM_EnableIT_UPDATE
                0x08000c9e       0x20 stm_timer_ll.o
 .text.LL_TIM_DisableIT_UPDATE
                0x08000cbe       0x20 stm_timer_ll.o
 .text.LL_TIM_IsEnabledIT_UPDATE
                0x08000cde       0x26 stm_timer_ll.o
 .text.LL_TIM_EnableIT_CC1
                0x08000d04       0x20 stm_timer_ll.o
 .text.LL_TIM_DisableIT_CC1
                0x08000d24       0x20 stm_timer_ll.o
 .text.LL_TIM_IsEnabledIT_CC1
                0x08000d44       0x26 stm_timer_ll.o
 .text.LL_TIM_EnableIT_CC2
                0x08000d6a       0x20 stm_timer_ll.o
 .text.LL_TIM_DisableIT_CC2
                0x08000d8a       0x20 stm_timer_ll.o
 .text.LL_TIM_IsEnabledIT_CC2
                0x08000daa       0x26 stm_timer_ll.o
 .text.LL_TIM_EnableIT_CC3
                0x08000dd0       0x20 stm_timer_ll.o
 .text.LL_TIM_DisableIT_CC3
                0x08000df0       0x20 stm_timer_ll.o
 .text.LL_TIM_IsEnabledIT_CC3
                0x08000e10       0x26 stm_timer_ll.o
 .text.LL_TIM_EnableIT_CC4
                0x08000e36       0x20 stm_timer_ll.o
 .text.LL_TIM_DisableIT_CC4
                0x08000e56       0x20 stm_timer_ll.o
 .text.LL_TIM_IsEnabledIT_CC4
                0x08000e76       0x26 stm_timer_ll.o
 .text.LL_TIM_EnableIT_COM
                0x08000e9c       0x20 stm_timer_ll.o
 .text.LL_TIM_DisableIT_COM
                0x08000ebc       0x20 stm_timer_ll.o
 .text.LL_TIM_IsEnabledIT_COM
                0x08000edc       0x26 stm_timer_ll.o
 .text.LL_TIM_EnableIT_TRIG
                0x08000f02       0x20 stm_timer_ll.o
 .text.LL_TIM_DisableIT_TRIG
                0x08000f22       0x20 stm_timer_ll.o
 .text.LL_TIM_IsEnabledIT_TRIG
                0x08000f42       0x26 stm_timer_ll.o
 .text.LL_TIM_EnableIT_BRK
                0x08000f68       0x20 stm_timer_ll.o
 .text.LL_TIM_DisableIT_BRK
                0x08000f88       0x20 stm_timer_ll.o
 .text.LL_TIM_IsEnabledIT_BRK
                0x08000fa8       0x26 stm_timer_ll.o
 .text.LL_TIM_EnableIT_TERR
                0x08000fce       0x20 stm_timer_ll.o
 .text.LL_TIM_DisableIT_TERR
                0x08000fee       0x20 stm_timer_ll.o
 .text.LL_TIM_IsEnabledIT_TERR
                0x0800100e       0x28 stm_timer_ll.o
 .text.LL_TIM_EnableIT_IERR
                0x08001036       0x20 stm_timer_ll.o
 .text.LL_TIM_DisableIT_IERR
                0x08001056       0x20 stm_timer_ll.o
 .text.LL_TIM_IsEnabledIT_IERR
                0x08001076       0x28 stm_timer_ll.o
 .text.LL_TIM_EnableIT_DIR
                0x0800109e       0x20 stm_timer_ll.o
 .text.LL_TIM_DisableIT_DIR
                0x080010be       0x20 stm_timer_ll.o
 .text.LL_TIM_IsEnabledIT_DIR
                0x080010de       0x28 stm_timer_ll.o
 .text.LL_TIM_EnableIT_IDX
                0x08001106       0x20 stm_timer_ll.o
 .text.LL_TIM_DisableIT_IDX
                0x08001126       0x20 stm_timer_ll.o
 .text.LL_TIM_IsEnabledIT_IDX
                0x08001146       0x28 stm_timer_ll.o
 .text.TIM_IsActiveFlagIDX
                0x0800116e       0x34 stm_timer_ll.o
                0x0800116e                TIM_IsActiveFlagIDX
 .text.enableTimerInterrupts
                0x080011a2      0x1c4 stm_timer_ll.o
                0x080011a2                enableTimerInterrupts
 .text.disableTimerInterrupts
                0x08001366      0x1c4 stm_timer_ll.o
                0x08001366                disableTimerInterrupts
 *fill*         0x0800152a        0x2 
 .text.enableTimerChannel1
                0x0800152c       0xb0 stm_timer_ll.o
                0x0800152c                enableTimerChannel1
 .text.disableTimerChannel1
                0x080015dc       0xb0 stm_timer_ll.o
                0x080015dc                disableTimerChannel1
 .text.enableTimerChannel2
                0x0800168c       0xb0 stm_timer_ll.o
                0x0800168c                enableTimerChannel2
 .text.disableTimerChannel2
                0x0800173c       0xb0 stm_timer_ll.o
                0x0800173c                disableTimerChannel2
 .text.Timer_Handle_Init
                0x080017ec      0x114 stm_timer_ll.o
                0x080017ec                Timer_Handle_Init
 .text.getTimerCounterValueForG4
                0x08001900       0x64 stm_timer_ll.o
                0x08001900                getTimerCounterValueForG4
 .text.extmodeParseArgs
                0x08001964       0x1e xcp_ext_mode.o
                0x08001964                extmodeParseArgs
 *fill*         0x08001982        0x2 
 .text.extmodeInit
                0x08001984      0x128 xcp_ext_mode.o
                0x08001984                extmodeInit
 .text.extmodeWaitForHostRequest
                0x08001aac       0xcc xcp_ext_mode.o
                0x08001aac                extmodeWaitForHostRequest
 .text.extmodeEvent
                0x08001b78       0xfc xcp_ext_mode.o
                0x08001b78                extmodeEvent
 .text.extmodeBackgroundRun
                0x08001c74       0x20 xcp_ext_mode.o
                0x08001c74                extmodeBackgroundRun
 .text.extmodeReset
                0x08001c94       0x40 xcp_ext_mode.o
                0x08001c94                extmodeReset
 .text.extmodeStopRequested
                0x08001cd4       0x18 xcp_ext_mode.o
                0x08001cd4                extmodeStopRequested
 .text.extmodeSimulationComplete
                0x08001cec       0x18 xcp_ext_mode.o
                0x08001cec                extmodeSimulationComplete
 .text.LL_TIM_EnableCounter
                0x08001d04       0x20 Homing.o
 .text.LL_TIM_DisableCounter
                0x08001d24       0x20 Homing.o
 .text.LL_TIM_SetUpdateSource
                0x08001d44       0x26 Homing.o
 .text.LL_TIM_GetUpdateSource
                0x08001d6a       0x1c Homing.o
 .text.LL_TIM_SetRepetitionCounter
                0x08001d86       0x1c Homing.o
 .text.LL_TIM_GenerateEvent_UPDATE
                0x08001da2       0x20 Homing.o
 .text.LL_GPIO_ReadInputPort
                0x08001dc2       0x18 Homing.o
 *fill*         0x08001dda        0x2 
 .text.isSlaveTriggerModeEnabled
                0x08001ddc       0x30 Homing.o
 .text.enableCounter
                0x08001e0c      0x118 Homing.o
 .text.disableCounter
                0x08001f24       0x1a Homing.o
 *fill*         0x08001f3e        0x2 
 .text.Homing_SystemCore_setup
                0x08001f40       0x94 Homing.o
 *fill*         0x08001fd4        0x4 
 .text.Homing_step
                0x08001fd8      0x1ac Homing.o
                0x08001fd8                Homing_step
 *fill*         0x08002184        0x4 
 .text.Homing_initialize
                0x08002188       0xc8 Homing.o
                0x08002188                Homing_initialize
 .text.Homing_terminate
                0x08002250       0x68 Homing.o
                0x08002250                Homing_terminate
 .text.rt_OneStep
                0x080022b8       0x78 ert_main.o
                0x080022b8                rt_OneStep
 .text.main     0x08002330      0x18c ert_main.o
                0x08002330                main
 .text.xcp_void_printf
                0x080024bc       0x12 xcp_ext_common.o
                0x080024bc                xcp_void_printf
 .text.xcpCopyTimeValue
                0x080024ce       0x26 xcp_ext_common.o
 *fill*         0x080024f4        0x4 
 .text.xcpExtModeUpdateTime
                0x080024f8      0x13c xcp_ext_common.o
                0x080024f8                xcpExtModeUpdateTime
 .text.xcpExtModeInit
                0x08002634       0xb0 xcp_ext_common.o
                0x08002634                xcpExtModeInit
 .text.xcpExtModeRunBackground
                0x080026e4      0x13c xcp_ext_common.o
                0x080026e4                xcpExtModeRunBackground
 .text.xcpExtModeReset
                0x08002820      0x128 xcp_ext_common.o
                0x08002820                xcpExtModeReset
 .text.sampleSignalTrigger
                0x08002948      0x1b4 xcp_ext_classic_trigger.o
 .text.updateTriggerStatus
                0x08002afc      0x2b8 xcp_ext_classic_trigger.o
 .text.xcpExtModeClassicTriggerInit
                0x08002db4       0x68 xcp_ext_classic_trigger.o
                0x08002db4                xcpExtModeClassicTriggerInit
 .text.xcpExtModeClassicTriggerEnabled
                0x08002e1c      0x100 xcp_ext_classic_trigger.o
                0x08002e1c                xcpExtModeClassicTriggerEnabled
 .text.xcpExtModeClassicTriggerReset
                0x08002f1c       0xf4 xcp_ext_classic_trigger.o
                0x08002f1c                xcpExtModeClassicTriggerReset
 .text.xcpExtModeClassicTriggerForceEnableStatusUpdate
                0x08003010       0x78 xcp_ext_classic_trigger.o
                0x08003010                xcpExtModeClassicTriggerForceEnableStatusUpdate
 .text.msgBufferRealloc
                0x08003088       0x72 xcp.o
 *fill*         0x080030fa        0x2 
 .text.discardInputPacketHandler
                0x080030fc       0x3c xcp.o
 .text.unknownInputPacketHandler
                0x08003138       0x34 xcp.o
 .text.xcpGetPacketGroupID
                0x0800316c       0x74 xcp.o
 .text.xcpGetPacketHandlers
                0x080031e0      0x124 xcp.o
 .text.xcpStatusSet
                0x08003304       0x20 xcp.o
                0x08003304                xcpStatusSet
 .text.xcpSessionStatusGet
                0x08003324       0x18 xcp.o
                0x08003324                xcpSessionStatusGet
 .text.xcpSessionStatusSetMask
                0x0800333c       0x28 xcp.o
                0x0800333c                xcpSessionStatusSetMask
 .text.xcpSessionStatusClearMask
                0x08003364       0x34 xcp.o
                0x08003364                xcpSessionStatusClearMask
 .text.xcpResourceProtectionStatusGet
                0x08003398       0x18 xcp.o
                0x08003398                xcpResourceProtectionStatusGet
 .text.xcpSessionConfigurationIdGet
                0x080033b0       0x18 xcp.o
                0x080033b0                xcpSessionConfigurationIdGet
 .text.genericOutputPacketHandler
                0x080033c8      0x11c xcp.o
                0x080033c8                genericOutputPacketHandler
 .text.xcpFindPacket
                0x080034e4       0x6e xcp.o
                0x080034e4                xcpFindPacket
 *fill*         0x08003552        0x2 
 .text.xcpInit  0x08003554       0x64 xcp.o
                0x08003554                xcpInit
 .text.xcpRun   0x080035b8      0x194 xcp.o
                0x080035b8                xcpRun
 .text.xcpEvent
                0x0800374c       0x50 xcp.o
                0x0800374c                xcpEvent
 .text.xcpGetStatus
                0x0800379c       0x18 xcp.o
                0x0800379c                xcpGetStatus
 .text.xcpReset
                0x080037b4       0x40 xcp.o
                0x080037b4                xcpReset
 .text.xcpPackedModeEventsFlush
                0x080037f4       0x1e xcp.o
                0x080037f4                xcpPackedModeEventsFlush
 .text.xcpPackedModeEventReset
                0x08003812       0x2a xcp.o
                0x08003812                xcpPackedModeEventReset
 .text.isValidUploadSize
                0x0800383c       0x30 xcp_standard.o
 .text.xcpMemcpyFromMTA
                0x0800386c       0x38 xcp_standard.o
 .text.connectInputPacketHandler
                0x080038a4       0xa4 xcp_standard.o
 .text.connectOutputPacketHandler
                0x08003948       0xd4 xcp_standard.o
 .text.disconnectInputPacketHandler
                0x08003a1c       0x54 xcp_standard.o
 .text.getStatusInputPacketHandler
                0x08003a70       0x28 xcp_standard.o
 .text.getStatusOutputPacketHandler
                0x08003a98       0x80 xcp_standard.o
 .text.synchInputPacketHandler
                0x08003b18       0x44 xcp_standard.o
 .text.setMTAInputPacketHandler
                0x08003b5c       0x78 xcp_standard.o
 .text.uploadInputPacketHandler
                0x08003bd4       0x98 xcp_standard.o
 .text.uploadOutputPacketHandler
                0x08003c6c       0x9c xcp_standard.o
 .text.shortUploadInputPacketHandler
                0x08003d08       0xa4 xcp_standard.o
 .text.shortUploadOutputPacketHandler
                0x08003dac       0x9c xcp_standard.o
 .text.getPacket
                0x08003e48       0x24 xcp_standard.o
 .text.xcpStandardInit
                0x08003e6c       0x18 xcp_standard.o
                0x08003e6c                xcpStandardInit
 .text.xcpStandardGetPacketLookup
                0x08003e84       0x18 xcp_standard.o
                0x08003e84                xcpStandardGetPacketLookup
 .text.xcpStandardSetPacketLookup
                0x08003e9c       0x20 xcp_standard.o
                0x08003e9c                xcpStandardSetPacketLookup
 .text.xcpStandardReset
                0x08003ebc       0x12 xcp_standard.o
                0x08003ebc                xcpStandardReset
 *fill*         0x08003ece        0x2 
 .text.xcpStandardGetAddressFromMta
                0x08003ed0       0x18 xcp_standard.o
                0x08003ed0                xcpStandardGetAddressFromMta
 .text.xcpStandardSetMta
                0x08003ee8       0x3c xcp_standard.o
                0x08003ee8                xcpStandardSetMta
 .text.xcpStandardIncrementMta
                0x08003f24       0x28 xcp_standard.o
                0x08003f24                xcpStandardIncrementMta
 .text.xcpStandardExtendedInit
                0x08003f4c        0xe xcp_standard.o
                0x08003f4c                xcpStandardExtendedInit
 .text.xcpStandardExtendedReset
                0x08003f5a        0xe xcp_standard.o
                0x08003f5a                xcpStandardExtendedReset
 .text.xcpDaqWriteLock
                0x08003f68       0x4c xcp_daq.o
 .text.xcpDaqWriteUnlock
                0x08003fb4       0x20 xcp_daq.o
 .text.xcpDaqReadLock
                0x08003fd4       0x38 xcp_daq.o
 .text.xcpDaqReadUnlock
                0x0800400c       0x38 xcp_daq.o
 .text.isActiveDaqList
                0x08004044       0x50 xcp_daq.o
 .text.noActiveDaqLists
                0x08004094       0x50 xcp_daq.o
 .text.isValidDaqPtr
                0x080040e4       0xb8 xcp_daq.o
 .text.isValidDaqEntry
                0x0800419c       0x36 xcp_daq.o
 .text.isSupportedDaqListMode
                0x080041d2       0x26 xcp_daq.o
 .text.isValidStartStopMode
                0x080041f8       0x32 xcp_daq.o
 .text.isValidStartStopSynchMode
                0x0800422a       0x32 xcp_daq.o
 .text.absoluteOdtNumberIdentification
                0x0800425c       0x10 xcp_daq.o
 .text.isDaqPackedModeEnabled
                0x0800426c       0x6c xcp_daq.o
 .text.odtPacketSize
                0x080042d8       0x54 xcp_daq.o
 .text.createDaqReservedPool
                0x0800432c       0x88 xcp_daq.o
 .text.destroyDaqReservedPool
                0x080043b4       0x2c xcp_daq.o
 .text.setDaqPtrInputPacketHandler
                0x080043e0       0xdc xcp_daq.o
 .text.writeDaqInputPacketHandler
                0x080044bc      0x198 xcp_daq.o
 .text.setDaqListModeInputPacketHandler
                0x08004654      0x1c8 xcp_daq.o
 .text.startStopDaqListInputPacketHandler
                0x0800481c      0x3f4 xcp_daq.o
 .text.startStopDaqListOutputPacketHandler
                0x08004c10       0x5c xcp_daq.o
 .text.startStopSynchInputPacketHandler
                0x08004c6c      0x328 xcp_daq.o
 .text.getDaqProcessorInfoInputPacketHandler
                0x08004f94       0x28 xcp_daq.o
 .text.getDaqProcessorInfoOutputPacketHandler
                0x08004fbc       0xac xcp_daq.o
 .text.getDaqResolutionInfoInputPacketHandler
                0x08005068       0x28 xcp_daq.o
 .text.getDaqResolutionInfoOutputPacketHandler
                0x08005090       0xb8 xcp_daq.o
 .text.freeDaqInputPacketHandler
                0x08005148       0x5c xcp_daq.o
 .text.allocDaqInputPacketHandler
                0x080051a4      0x18c xcp_daq.o
 .text.allocOdtInputPacketHandler
                0x08005330      0x1c0 xcp_daq.o
 .text.allocOdtEntryInputPacketHandler
                0x080054f0      0x270 xcp_daq.o
 .text.getDaqClockInputPacketHandler
                0x08005760       0x22 xcp_daq.o
 *fill*         0x08005782        0x2 
 .text.setDaqPackedModeInputPacketHandler
                0x08005784      0x21c xcp_daq.o
 .text.level1CommandInputPacketHandler
                0x080059a0       0x64 xcp_daq.o
 .text.getPacket
                0x08005a04       0x24 xcp_daq.o
 .text.xcpDaqInit
                0x08005a28       0x38 xcp_daq.o
                0x08005a28                xcpDaqInit
 .text.xcpDaqGetPacketLookup
                0x08005a60       0x18 xcp_daq.o
                0x08005a60                xcpDaqGetPacketLookup
 .text.xcpDaqSetPacketLookup
                0x08005a78       0x20 xcp_daq.o
                0x08005a78                xcpDaqSetPacketLookup
 .text.xcpResetDaq
                0x08005a98       0xa4 xcp_daq.o
 .text.daqWriteXCPDataForOdt
                0x08005b3c       0x7c xcp_daq.o
 .text.odtWriteEntries
                0x08005bb8       0x9c xcp_daq.o
 .text.xcpProcessDaq
                0x08005c54      0x208 xcp_daq.o
 .text.xcpDaqEvent
                0x08005e5c      0x108 xcp_daq.o
                0x08005e5c                xcpDaqEvent
 .text.xcpDaqEventsFlush
                0x08005f64      0x284 xcp_daq.o
                0x08005f64                xcpDaqEventsFlush
 .text.xcpDaqLock
                0x080061e8       0x1e xcp_daq.o
                0x080061e8                xcpDaqLock
 .text.xcpDaqUnlock
                0x08006206        0xe xcp_daq.o
                0x08006206                xcpDaqUnlock
 .text.xcpResetDaqListStatus
                0x08006214      0x19c xcp_daq.o
                0x08006214                xcpResetDaqListStatus
 .text.xcpDaqReset
                0x080063b0       0x20 xcp_daq.o
                0x080063b0                xcpDaqReset
 .text.xcpDaqExtendedInit
                0x080063d0        0xe xcp_daq.o
                0x080063d0                xcpDaqExtendedInit
 .text.xcpDaqExtendedReset
                0x080063de        0xe xcp_daq.o
                0x080063de                xcpDaqExtendedReset
 .text.isValidShortDownloadSize
                0x080063ec       0x34 xcp_calibration.o
 .text.isValidDownloadSize
                0x08006420       0x3a xcp_calibration.o
 *fill*         0x0800645a        0x2 
 .text.xcpMemcpyToMTA
                0x0800645c       0x34 xcp_calibration.o
 .text.downloadInputPacketHandler
                0x08006490       0xb0 xcp_calibration.o
 .text.shortDownloadInputPacketHandler
                0x08006540       0xb8 xcp_calibration.o
 .text.getPacket
                0x080065f8       0x24 xcp_calibration.o
 .text.xcpCalibrationInit
                0x0800661c       0x14 xcp_calibration.o
                0x0800661c                xcpCalibrationInit
 .text.xcpCalibrationGetPacketLookup
                0x08006630       0x18 xcp_calibration.o
                0x08006630                xcpCalibrationGetPacketLookup
 .text.xcpCalibrationSetPacketLookup
                0x08006648       0x20 xcp_calibration.o
                0x08006648                xcpCalibrationSetPacketLookup
 .text.xcpCalibrationReset
                0x08006668        0xe xcp_calibration.o
                0x08006668                xcpCalibrationReset
 .text.xcpFifoInit
                0x08006676       0x20 xcp_fifo.o
                0x08006676                xcpFifoInit
 .text.xcpFifoEnqueue
                0x08006696       0x2a xcp_fifo.o
                0x08006696                xcpFifoEnqueue
 .text.xcpFifoDequeue
                0x080066c0       0x3e xcp_fifo.o
                0x080066c0                xcpFifoDequeue
 .text.xcpFifoEnqueueHead
                0x080066fe       0x32 xcp_fifo.o
                0x080066fe                xcpFifoEnqueueHead
 .text.xcpFifoReset
                0x08006730       0x16 xcp_fifo.o
                0x08006730                xcpFifoReset
 *fill*         0x08006746        0x2 
 .text.xcpTransportEmptyTxFifo
                0x08006748       0x6c xcp_transport.o
 .text.xcpTransportEmptyRxFifo
                0x080067b4       0x6c xcp_transport.o
 .text.xcpTransportInit
                0x08006820      0x138 xcp_transport.o
                0x08006820                xcpTransportInit
 .text.xcpTransportTxReady
                0x08006958       0x1a xcp_transport.o
                0x08006958                xcpTransportTxReady
 .text.xcpTransportTxTrigger
                0x08006972       0x1a xcp_transport.o
                0x08006972                xcpTransportTxTrigger
 .text.xcpTransportTxPacketSet
                0x0800698c      0x144 xcp_transport.o
                0x0800698c                xcpTransportTxPacketSet
 .text.xcpTransportTx
                0x08006ad0       0xec xcp_transport.o
                0x08006ad0                xcpTransportTx
 .text.xcpTransportRx
                0x08006bbc       0x80 xcp_transport.o
                0x08006bbc                xcpTransportRx
 .text.xcpTransportRxPacketGet
                0x08006c3c      0x12c xcp_transport.o
                0x08006c3c                xcpTransportRxPacketGet
 .text.xcpTransportPacketOffset
                0x08006d68       0x20 xcp_transport.o
                0x08006d68                xcpTransportPacketOffset
 .text.xcpTransportMsgBufferSize
                0x08006d88       0x70 xcp_transport.o
                0x08006d88                xcpTransportMsgBufferSize
 .text.xcpTransportMaxDtoSize
                0x08006df8        0xe xcp_transport.o
                0x08006df8                xcpTransportMaxDtoSize
 .text.xcpTransportMaxCtoSize
                0x08006e06        0xe xcp_transport.o
                0x08006e06                xcpTransportMaxCtoSize
 .text.xcpTransportRestart
                0x08006e14       0x44 xcp_transport.o
                0x08006e14                xcpTransportRestart
 .text.xcpTransportResynch
                0x08006e58       0x40 xcp_transport.o
                0x08006e58                xcpTransportResynch
 .text.xcpTransportCtoReservedMemPoolId
                0x08006e98       0x18 xcp_transport.o
                0x08006e98                xcpTransportCtoReservedMemPoolId
 .text.xcpTransportReset
                0x08006eb0       0xe4 xcp_transport.o
                0x08006eb0                xcpTransportReset
 .text.xcpInitializePoolMemoryArea
                0x08006f94       0x72 xcp_mem_default.o
 *fill*         0x08007006        0x2 
 .text.xcpMemInit
                0x08007008      0x1d4 xcp_mem_default.o
                0x08007008                xcpMemInit
 .text.xcpMemAlloc
                0x080071dc       0xe8 xcp_mem_default.o
                0x080071dc                xcpMemAlloc
 .text.xcpMemFree
                0x080072c4      0x170 xcp_mem_default.o
                0x080072c4                xcpMemFree
 .text.xcpMemReservedPoolCreate
                0x08007434      0x224 xcp_mem_default.o
                0x08007434                xcpMemReservedPoolCreate
 .text.xcpMemReservedPoolDestroy
                0x08007658      0x158 xcp_mem_default.o
                0x08007658                xcpMemReservedPoolDestroy
 .text.xcpMemCustomPoolCreate
                0x080077b0       0xbc xcp_mem_default.o
                0x080077b0                xcpMemCustomPoolCreate
 .text.xcpMemCustomPoolDestroy
                0x0800786c       0x64 xcp_mem_default.o
                0x0800786c                xcpMemCustomPoolDestroy
 .text.xcpMemAllocFromPool
                0x080078d0      0x170 xcp_mem_default.o
                0x080078d0                xcpMemAllocFromPool
 .text.xcpMemReset
                0x08007a40       0x50 xcp_mem_default.o
                0x08007a40                xcpMemReset
 .text.xcpDrvOpen
                0x08007a90       0x64 xcp_drv_rtiostream.o
                0x08007a90                xcpDrvOpen
 .text.xcpDrvIoctl
                0x08007af4       0x4c xcp_drv_rtiostream.o
                0x08007af4                xcpDrvIoctl
 .text.xcpDrvSend
                0x08007b40      0x14c xcp_drv_rtiostream.o
                0x08007b40                xcpDrvSend
 .text.xcpDrvRecv
                0x08007c8c      0x14c xcp_drv_rtiostream.o
                0x08007c8c                xcpDrvRecv
 .text.xcpDrvClose
                0x08007dd8       0x5c xcp_drv_rtiostream.o
                0x08007dd8                xcpDrvClose
 .text.xcpSortArray
                0x08007e34       0xcc xcp_utils.o
                0x08007e34                xcpSortArray
 .text.xcpSxiHtons
                0x08007f00       0x18 xcp_frame_serial.o
 .text.xcpSxiNtohs
                0x08007f18       0x1c xcp_frame_serial.o
 .text.xcpSxiChecksum
                0x08007f34       0x3e xcp_frame_serial.o
                0x08007f34                xcpSxiChecksum
 *fill*         0x08007f72        0x2 
 .text.xcpFrameInit
                0x08007f74       0x70 xcp_frame_serial.o
                0x08007f74                xcpFrameInit
 .text.xcpFrameMsgSend
                0x08007fe4      0x188 xcp_frame_serial.o
                0x08007fe4                xcpFrameMsgSend
 .text.xcpFrameMsgRecv
                0x0800816c      0x180 xcp_frame_serial.o
                0x0800816c                xcpFrameMsgRecv
 .text.xcpFrameCreateMsg
                0x080082ec       0x94 xcp_frame_serial.o
                0x080082ec                xcpFrameCreateMsg
 .text.xcpFrameExtractPacket
                0x08008380      0x158 xcp_frame_serial.o
                0x08008380                xcpFrameExtractPacket
 .text.xcpFrameHeaderSize
                0x080084d8       0x10 xcp_frame_serial.o
                0x080084d8                xcpFrameHeaderSize
 .text.xcpFrameTailSize
                0x080084e8       0x10 xcp_frame_serial.o
                0x080084e8                xcpFrameTailSize
 .text.xcpFrameMaxDtoSize
                0x080084f8       0x12 xcp_frame_serial.o
                0x080084f8                xcpFrameMaxDtoSize
 .text.xcpFrameMaxCtoSize
                0x0800850a       0x10 xcp_frame_serial.o
                0x0800850a                xcpFrameMaxCtoSize
 *fill*         0x0800851a        0x2 
 .text.xcpFrameRestart
                0x0800851c       0x30 xcp_frame_serial.o
                0x0800851c                xcpFrameRestart
 .text.xcpFrameSetCtoReservedMemPoolId
                0x0800854c       0x20 xcp_frame_serial.o
                0x0800854c                xcpFrameSetCtoReservedMemPoolId
 .text.xcpFrameReset
                0x0800856c       0x70 xcp_frame_serial.o
                0x0800856c                xcpFrameReset
 .text.xcpTransportGetInitParameters
                0x080085dc       0x2e xcp_ext_param_default_serial.o
                0x080085dc                xcpTransportGetInitParameters
 .text.xcpGetInitParameters
                0x0800860a       0x2e xcp_ext_param_default_serial.o
                0x0800860a                xcpGetInitParameters
 .text.HAL_Delay
                0x08008638       0x2e overrideHALDelay.o
                0x08008638                HAL_Delay
 *fill*         0x08008666        0x2 
 .text.PeriphCommonClock_Config
                0x08008668       0x10 platform_timer.o
                0x08008668                PeriphCommonClock_Config
 .text.getCurrentTimestampInMicros
                0x08008678       0x3c platform_timer.o
                0x08008678                getCurrentTimestampInMicros
 .text.returnTimeElapsed
                0x080086b4       0x2c platform_timer.o
                0x080086b4                returnTimeElapsed
 .text.timestampInit
                0x080086e0       0x28 platform_timer.o
 .text.getCurrentTimestamp
                0x08008708       0x44 platform_timer.o
                0x08008708                getCurrentTimestamp
 .text.__NVIC_SetPriority
                0x0800874c       0x54 SysTickScheduler.o
 .text.SysTick_Config
                0x080087a0       0x44 SysTickScheduler.o
 .text.SysTick_Isr
                0x080087e4       0x48 SysTickScheduler.o
 .text.SysTick_Handler
                0x0800882c       0x20 SysTickScheduler.o
                0x0800882c                SysTick_Handler
 .text.ARMCM_SysTick_Config
                0x0800884c       0xb0 SysTickScheduler.o
                0x0800884c                ARMCM_SysTick_Config
 .text.PendSV_Handler
                0x080088fc       0x44 m3m4m4f_multitasking.o
                0x080088fc                PendSV_Handler
 .text.SVC_Handler
                0x08008940       0x58 m3m4m4f_multitasking.o
                0x08008940                SVC_Handler
 .text.rtIOStreamOpen
                0x08008998       0x44 rtiostream_serial.o
                0x08008998                rtIOStreamOpen
 .text.rtIOStreamSend
                0x080089dc       0x38 rtiostream_serial.o
                0x080089dc                rtIOStreamSend
 .text.rtIOStreamRecv
                0x08008a14       0x48 rtiostream_serial.o
                0x08008a14                rtIOStreamRecv
 .text.rtIOStreamClose
                0x08008a5c       0x20 rtiostream_serial.o
                0x08008a5c                rtIOStreamClose
 .text.LL_DMA_GetDataLength
                0x08008a7c       0x30 stm_usart.o
 .text.getAvailableDataInBuffer
                0x08008aac       0xcc stm_usart.o
                0x08008aac                getAvailableDataInBuffer
 .text.getBytesToBeReadFromBuffer
                0x08008b78       0x6e stm_usart.o
                0x08008b78                getBytesToBeReadFromBuffer
 *fill*         0x08008be6        0x2 
 .text.readDataFromBuffer
                0x08008be8       0xdc stm_usart.o
                0x08008be8                readDataFromBuffer
 .text.__NVIC_GetPriorityGrouping
                0x08008cc4       0x1c stm_lpuart.o
 .text.__NVIC_EnableIRQ
                0x08008ce0       0x3c stm_lpuart.o
 .text.__NVIC_SetPriority
                0x08008d1c       0x54 stm_lpuart.o
 .text.NVIC_EncodePriority
                0x08008d70       0x66 stm_lpuart.o
 *fill*         0x08008dd6        0x2 
 .text.LL_DMA_EnableChannel
                0x08008dd8       0x44 stm_lpuart.o
 .text.LL_DMA_DisableChannel
                0x08008e1c       0x44 stm_lpuart.o
 .text.LL_DMA_GetMode
                0x08008e60       0x34 stm_lpuart.o
 .text.LL_DMA_SetDataLength
                0x08008e94       0x4c stm_lpuart.o
 .text.LL_DMA_ConfigAddresses
                0x08008ee0       0x7c stm_lpuart.o
 .text.LL_DMA_IsActiveFlag_TC1
                0x08008f5c       0x26 stm_lpuart.o
 .text.LL_DMA_ClearFlag_TC1
                0x08008f82       0x1a stm_lpuart.o
 .text.LL_DMA_EnableIT_TC
                0x08008f9c       0x44 stm_lpuart.o
 .text.LL_DMA_DisableIT_TC
                0x08008fe0       0x44 stm_lpuart.o
 .text.LL_DMA_IsEnabledIT_TC
                0x08009024       0x3c stm_lpuart.o
 .text.LL_LPUART_Enable
                0x08009060       0x20 stm_lpuart.o
 .text.LL_LPUART_Disable
                0x08009080       0x20 stm_lpuart.o
 .text.LL_LPUART_IsEnabled
                0x080090a0       0x26 stm_lpuart.o
 .text.LL_LPUART_IsActiveFlag_PE
                0x080090c6       0x26 stm_lpuart.o
 .text.LL_LPUART_IsActiveFlag_FE
                0x080090ec       0x26 stm_lpuart.o
 .text.LL_LPUART_IsActiveFlag_NE
                0x08009112       0x26 stm_lpuart.o
 .text.LL_LPUART_IsActiveFlag_ORE
                0x08009138       0x26 stm_lpuart.o
 .text.LL_LPUART_IsActiveFlag_TC
                0x0800915e       0x26 stm_lpuart.o
 .text.LL_LPUART_IsActiveFlag_TXE_TXFNF
                0x08009184       0x26 stm_lpuart.o
 .text.LL_LPUART_ClearFlag_PE
                0x080091aa       0x1a stm_lpuart.o
 .text.LL_LPUART_ClearFlag_FE
                0x080091c4       0x1a stm_lpuart.o
 .text.LL_LPUART_ClearFlag_NE
                0x080091de       0x1a stm_lpuart.o
 .text.LL_LPUART_ClearFlag_ORE
                0x080091f8       0x1a stm_lpuart.o
 .text.LL_LPUART_EnableIT_RXNE_RXFNE
                0x08009212       0x42 stm_lpuart.o
 .text.LL_LPUART_EnableIT_PE
                0x08009254       0x42 stm_lpuart.o
 .text.LL_LPUART_EnableIT_ERROR
                0x08009296       0x46 stm_lpuart.o
 .text.LL_LPUART_DisableIT_RXNE_RXFNE
                0x080092dc       0x42 stm_lpuart.o
 .text.LL_LPUART_DisableIT_TXE_TXFNF
                0x0800931e       0x42 stm_lpuart.o
 .text.LL_LPUART_DisableIT_PE
                0x08009360       0x42 stm_lpuart.o
 .text.LL_LPUART_DisableIT_ERROR
                0x080093a2       0x46 stm_lpuart.o
 .text.LL_LPUART_EnableDMAReq_RX
                0x080093e8       0x46 stm_lpuart.o
 .text.LL_LPUART_DisableDMAReq_RX
                0x0800942e       0x46 stm_lpuart.o
 .text.LL_LPUART_EnableDMAReq_TX
                0x08009474       0x46 stm_lpuart.o
 .text.LL_LPUART_DisableDMAReq_TX
                0x080094ba       0x46 stm_lpuart.o
 .text.LL_LPUART_DMA_GetRegAddr
                0x08009500       0x2c stm_lpuart.o
 .text.LL_LPUART_ReceiveData8
                0x0800952c       0x1a stm_lpuart.o
 .text.LL_LPUART_TransmitData8
                0x08009546       0x1e stm_lpuart.o
 .text.LPUART_RXDMAInterruptHandler
                0x08009564       0xd4 stm_lpuart.o
                0x08009564                LPUART_RXDMAInterruptHandler
 .text.LPUART_IsActiveFlagError
                0x08009638       0xf4 stm_lpuart.o
                0x08009638                LPUART_IsActiveFlagError
 .text.LPUART1_IRQHandler
                0x0800972c       0x14 stm_lpuart.o
                0x0800972c                LPUART1_IRQHandler
 .text.DMA1_Channel1_IRQHandler
                0x08009740       0x20 stm_lpuart.o
                0x08009740                DMA1_Channel1_IRQHandler
 .text.LPUART_ConfigureReceiveDMA
                0x08009760       0xae stm_lpuart.o
                0x08009760                LPUART_ConfigureReceiveDMA
 .text.LPUART_ConfigureTransmitDMA
                0x0800980e       0x7a stm_lpuart.o
                0x0800980e                LPUART_ConfigureTransmitDMA
 .text.MW_LPUART_GetReadErrorStatus
                0x08009888       0xc8 stm_lpuart.o
                0x08009888                MW_LPUART_GetReadErrorStatus
 .text.MW_LPUART_Initialize
                0x08009950      0x170 stm_lpuart.o
                0x08009950                MW_LPUART_Initialize
 .text.MW_LPUART_ReceiveUsingBuffer
                0x08009ac0       0x5c stm_lpuart.o
                0x08009ac0                MW_LPUART_ReceiveUsingBuffer
 .text.MW_LPUART_TransmitUsingPolling
                0x08009b1c      0x184 stm_lpuart.o
                0x08009b1c                MW_LPUART_TransmitUsingPolling
 .text.MW_LPUART_DeInit
                0x08009ca0       0xaa stm_lpuart.o
                0x08009ca0                MW_LPUART_DeInit
 .text.sys_arch_protect
                0x08009d4a       0x22 sys_arch.o
                0x08009d4a                sys_arch_protect
 .text.sys_arch_unprotect
                0x08009d6c       0x20 sys_arch.o
                0x08009d6c                sys_arch_unprotect
 .text.__NVIC_GetPriorityGrouping
                0x08009d8c       0x1c main.o
 .text.__NVIC_EnableIRQ
                0x08009da8       0x3c main.o
 .text.__NVIC_SetPriority
                0x08009de4       0x54 main.o
 .text.NVIC_EncodePriority
                0x08009e38       0x66 main.o
 *fill*         0x08009e9e        0x2 
 .text.LL_DMA_SetDataTransferDirection
                0x08009ea0       0x50 main.o
 .text.LL_DMA_SetMode
                0x08009ef0       0x4c main.o
 .text.LL_DMA_SetPeriphIncMode
                0x08009f3c       0x4c main.o
 .text.LL_DMA_SetMemoryIncMode
                0x08009f88       0x4c main.o
 .text.LL_DMA_SetPeriphSize
                0x08009fd4       0x4c main.o
 .text.LL_DMA_SetMemorySize
                0x0800a020       0x4c main.o
 .text.LL_DMA_SetChannelPriorityLevel
                0x0800a06c       0x4c main.o
 .text.LL_DMA_SetPeriphRequest
                0x0800a0b8       0x54 main.o
 .text.LL_LPUART_Enable
                0x0800a10c       0x20 main.o
 .text.LL_LPUART_DisableFIFO
                0x0800a12c       0x20 main.o
 .text.LL_LPUART_SetTXFIFOThreshold
                0x0800a14c       0x4e main.o
 .text.LL_LPUART_SetRXFIFOThreshold
                0x0800a19a       0x4e main.o
 .text.LL_LPUART_IsActiveFlag_TEACK
                0x0800a1e8       0x28 main.o
 .text.LL_LPUART_IsActiveFlag_REACK
                0x0800a210       0x28 main.o
 .text.LL_RCC_HSI_Enable
                0x0800a238       0x20 main.o
 .text.LL_RCC_HSI_IsReady
                0x0800a258       0x28 main.o
 .text.LL_RCC_HSI_SetCalibTrimming
                0x0800a280       0x2c main.o
 .text.LL_RCC_SetSysClkSource
                0x0800a2ac       0x28 main.o
 .text.LL_RCC_GetSysClkSource
                0x0800a2d4       0x1c main.o
 .text.LL_RCC_SetAHBPrescaler
                0x0800a2f0       0x28 main.o
 .text.LL_RCC_SetAPB1Prescaler
                0x0800a318       0x28 main.o
 .text.LL_RCC_SetAPB2Prescaler
                0x0800a340       0x28 main.o
 .text.LL_RCC_SetLPUARTClockSource
                0x0800a368       0x2c main.o
 .text.LL_RCC_PLL_Enable
                0x0800a394       0x20 main.o
 .text.LL_RCC_PLL_IsReady
                0x0800a3b4       0x28 main.o
 .text.LL_RCC_PLL_ConfigDomain_SYS
                0x0800a3dc       0x40 main.o
 .text.LL_RCC_PLL_EnableDomain_SYS
                0x0800a41c       0x20 main.o
 .text.LL_AHB1_GRP1_EnableClock
                0x0800a43c       0x30 main.o
 .text.LL_AHB2_GRP1_EnableClock
                0x0800a46c       0x30 main.o
 .text.LL_APB1_GRP1_EnableClock
                0x0800a49c       0x30 main.o
 .text.LL_APB1_GRP2_EnableClock
                0x0800a4cc       0x30 main.o
 .text.LL_APB2_GRP1_EnableClock
                0x0800a4fc       0x30 main.o
 .text.LL_SYSCFG_SetEXTISource
                0x0800a52c       0x70 main.o
 .text.LL_FLASH_SetLatency
                0x0800a59c       0x28 main.o
 .text.LL_FLASH_GetLatency
                0x0800a5c4       0x1c main.o
 .text.LL_PWR_EnableRange1BoostMode
                0x0800a5e0       0x24 main.o
 .text.LL_TIM_DisableARRPreload
                0x0800a604       0x20 main.o
 .text.LL_TIM_IC_SetActiveInput
                0x0800a624       0xc0 main.o
 .text.LL_TIM_IC_SetPrescaler
                0x0800a6e4       0xc0 main.o
 .text.LL_TIM_IC_SetFilter
                0x0800a7a4       0xc0 main.o
 .text.LL_TIM_IC_SetPolarity
                0x0800a864       0xac main.o
 .text.LL_TIM_SetEncoderMode
                0x0800a910       0x2a main.o
 .text.LL_TIM_SetTriggerOutput
                0x0800a93a       0x2a main.o
 .text.LL_TIM_SetTriggerOutput2
                0x0800a964       0x26 main.o
 .text.LL_TIM_DisableMasterSlaveMode
                0x0800a98a       0x20 main.o
 .text.LL_GPIO_SetPinMode
                0x0800a9aa       0x7a main.o
 .text.LL_GPIO_SetPinPull
                0x0800aa24       0x7a main.o
 .text.LL_GPIO_ResetOutputPin
                0x0800aa9e       0x1c main.o
 *fill*         0x0800aaba        0x2 
 .text.SystemClock_Config
                0x0800aabc       0xb0 main.o
                0x0800aabc                SystemClock_Config
 .text.MX_LPUART1_UART_Init
                0x0800ab6c      0x148 main.o
                0x0800ab6c                MX_LPUART1_UART_Init
 .text.MX_TIM3_Init
                0x0800acb4      0x114 main.o
                0x0800acb4                MX_TIM3_Init
 .text.MX_TIM4_Init
                0x0800adc8      0x118 main.o
                0x0800adc8                MX_TIM4_Init
 .text.MX_TIM8_Init
                0x0800aee0      0x134 main.o
                0x0800aee0                MX_TIM8_Init
 .text.MX_DMA_Init
                0x0800b014       0x34 main.o
                0x0800b014                MX_DMA_Init
 .text.MX_GPIO_Init
                0x0800b048      0x108 main.o
                0x0800b048                MX_GPIO_Init
 .text.HAL_TIM_PeriodElapsedCallback
                0x0800b150       0x1e main.o
                0x0800b150                HAL_TIM_PeriodElapsedCallback
 .text.Error_Handler
                0x0800b16e        0xc main.o
                0x0800b16e                Error_Handler
 *fill*         0x0800b17a        0x2 
 .text.LL_EXTI_IsActiveFlag_0_31
                0x0800b17c       0x2c stm32g4xx_it.o
 .text.LL_EXTI_ClearFlag_0_31
                0x0800b1a8       0x20 stm32g4xx_it.o
 .text.NMI_Handler
                0x0800b1c8        0x8 stm32g4xx_it.o
                0x0800b1c8                NMI_Handler
 .text.HardFault_Handler
                0x0800b1d0        0x8 stm32g4xx_it.o
                0x0800b1d0                HardFault_Handler
 .text.MemManage_Handler
                0x0800b1d8        0x8 stm32g4xx_it.o
                0x0800b1d8                MemManage_Handler
 .text.BusFault_Handler
                0x0800b1e0        0x8 stm32g4xx_it.o
                0x0800b1e0                BusFault_Handler
 .text.UsageFault_Handler
                0x0800b1e8        0x8 stm32g4xx_it.o
                0x0800b1e8                UsageFault_Handler
 .text.DebugMon_Handler
                0x0800b1f0        0xe stm32g4xx_it.o
                0x0800b1f0                DebugMon_Handler
 *fill*         0x0800b1fe        0x2 
 .text.TIM2_IRQHandler
                0x0800b200       0x14 stm32g4xx_it.o
                0x0800b200                TIM2_IRQHandler
 .text.EXTI15_10_IRQHandler
                0x0800b214       0x1e stm32g4xx_it.o
                0x0800b214                EXTI15_10_IRQHandler
 *fill*         0x0800b232        0x2 
 .text.HAL_MspInit
                0x0800b234       0x48 stm32g4xx_hal_msp.o
                0x0800b234                HAL_MspInit
 .text.HAL_InitTick
                0x0800b27c       0xd8 stm32g4xx_hal_timebase_tim.o
                0x0800b27c                HAL_InitTick
 .text.LL_SetSystemCoreClock
                0x0800b354       0x20 stm32g4xx_ll_utils.o
                0x0800b354                LL_SetSystemCoreClock
 .text.LL_EXTI_EnableIT_0_31
                0x0800b374       0x24 stm32g4xx_ll_exti.o
 .text.LL_EXTI_EnableIT_32_63
                0x0800b398       0x24 stm32g4xx_ll_exti.o
 .text.LL_EXTI_DisableIT_0_31
                0x0800b3bc       0x28 stm32g4xx_ll_exti.o
 .text.LL_EXTI_DisableIT_32_63
                0x0800b3e4       0x28 stm32g4xx_ll_exti.o
 .text.LL_EXTI_EnableEvent_0_31
                0x0800b40c       0x24 stm32g4xx_ll_exti.o
 .text.LL_EXTI_EnableEvent_32_63
                0x0800b430       0x24 stm32g4xx_ll_exti.o
 .text.LL_EXTI_DisableEvent_0_31
                0x0800b454       0x28 stm32g4xx_ll_exti.o
 .text.LL_EXTI_DisableEvent_32_63
                0x0800b47c       0x28 stm32g4xx_ll_exti.o
 .text.LL_EXTI_EnableRisingTrig_0_31
                0x0800b4a4       0x24 stm32g4xx_ll_exti.o
 .text.LL_EXTI_EnableRisingTrig_32_63
                0x0800b4c8       0x24 stm32g4xx_ll_exti.o
 .text.LL_EXTI_DisableRisingTrig_0_31
                0x0800b4ec       0x28 stm32g4xx_ll_exti.o
 .text.LL_EXTI_DisableRisingTrig_32_63
                0x0800b514       0x28 stm32g4xx_ll_exti.o
 .text.LL_EXTI_EnableFallingTrig_0_31
                0x0800b53c       0x24 stm32g4xx_ll_exti.o
 .text.LL_EXTI_EnableFallingTrig_32_63
                0x0800b560       0x24 stm32g4xx_ll_exti.o
 .text.LL_EXTI_DisableFallingTrig_0_31
                0x0800b584       0x28 stm32g4xx_ll_exti.o
 .text.LL_EXTI_DisableFallingTrig_32_63
                0x0800b5ac       0x28 stm32g4xx_ll_exti.o
 .text.LL_EXTI_Init
                0x0800b5d4      0x1ec stm32g4xx_ll_exti.o
                0x0800b5d4                LL_EXTI_Init
 .text.LL_GPIO_SetPinMode
                0x0800b7c0       0x7a stm32g4xx_ll_gpio.o
 .text.LL_GPIO_SetPinOutputType
                0x0800b83a       0x30 stm32g4xx_ll_gpio.o
 .text.LL_GPIO_SetPinSpeed
                0x0800b86a       0x7a stm32g4xx_ll_gpio.o
 .text.LL_GPIO_SetPinPull
                0x0800b8e4       0x7a stm32g4xx_ll_gpio.o
 .text.LL_GPIO_SetAFPin_0_7
                0x0800b95e       0x7a stm32g4xx_ll_gpio.o
 .text.LL_GPIO_SetAFPin_8_15
                0x0800b9d8       0x7e stm32g4xx_ll_gpio.o
 .text.LL_GPIO_Init
                0x0800ba56       0xdc stm32g4xx_ll_gpio.o
                0x0800ba56                LL_GPIO_Init
 .text.LL_LPUART_IsEnabled
                0x0800bb32       0x26 stm32g4xx_ll_lpuart.o
 .text.LL_LPUART_SetPrescaler
                0x0800bb58       0x28 stm32g4xx_ll_lpuart.o
 .text.LL_LPUART_SetStopBitsLength
                0x0800bb80       0x26 stm32g4xx_ll_lpuart.o
 .text.LL_LPUART_SetHWFlowCtrl
                0x0800bba6       0x26 stm32g4xx_ll_lpuart.o
 .text.LL_LPUART_SetBaudRate
                0x0800bbcc       0x98 stm32g4xx_ll_lpuart.o
 .text.LL_LPUART_Init
                0x0800bc64       0x98 stm32g4xx_ll_lpuart.o
                0x0800bc64                LL_LPUART_Init
 .text.LL_RCC_HSI_IsReady
                0x0800bcfc       0x28 stm32g4xx_ll_rcc.o
 .text.LL_RCC_LSE_IsReady
                0x0800bd24       0x28 stm32g4xx_ll_rcc.o
 .text.LL_RCC_GetSysClkSource
                0x0800bd4c       0x1c stm32g4xx_ll_rcc.o
 .text.LL_RCC_GetAHBPrescaler
                0x0800bd68       0x1c stm32g4xx_ll_rcc.o
 .text.LL_RCC_GetAPB1Prescaler
                0x0800bd84       0x1c stm32g4xx_ll_rcc.o
 .text.LL_RCC_GetLPUARTClockSource
                0x0800bda0       0x24 stm32g4xx_ll_rcc.o
 .text.LL_RCC_PLL_GetMainSource
                0x0800bdc4       0x1c stm32g4xx_ll_rcc.o
 .text.LL_RCC_PLL_GetN
                0x0800bde0       0x1c stm32g4xx_ll_rcc.o
 .text.LL_RCC_PLL_GetR
                0x0800bdfc       0x1c stm32g4xx_ll_rcc.o
 .text.LL_RCC_PLL_GetDivider
                0x0800be18       0x1c stm32g4xx_ll_rcc.o
 .text.LL_RCC_GetLPUARTClockFreq
                0x0800be34       0x84 stm32g4xx_ll_rcc.o
                0x0800be34                LL_RCC_GetLPUARTClockFreq
 .text.RCC_GetSystemClockFreq
                0x0800beb8       0x4c stm32g4xx_ll_rcc.o
 .text.RCC_GetHCLKClockFreq
                0x0800bf04       0x30 stm32g4xx_ll_rcc.o
 .text.RCC_GetPCLK1ClockFreq
                0x0800bf34       0x2c stm32g4xx_ll_rcc.o
 .text.RCC_PLL_GetFreqDomain_SYS
                0x0800bf60       0x68 stm32g4xx_ll_rcc.o
 .text.HAL_Init
                0x0800bfc8       0x30 stm32g4xx_hal.o
                0x0800bfc8                HAL_Init
 .text.HAL_IncTick
                0x0800bff8       0x24 stm32g4xx_hal.o
                0x0800bff8                HAL_IncTick
 .text.HAL_GetTick
                0x0800c01c       0x18 stm32g4xx_hal.o
                0x0800c01c                HAL_GetTick
 .text.HAL_RCC_GetHCLKFreq
                0x0800c034       0x18 stm32g4xx_hal_rcc.o
                0x0800c034                HAL_RCC_GetHCLKFreq
 .text.HAL_RCC_GetPCLK1Freq
                0x0800c04c       0x2c stm32g4xx_hal_rcc.o
                0x0800c04c                HAL_RCC_GetPCLK1Freq
 .text.HAL_RCC_GetClockConfig
                0x0800c078       0x64 stm32g4xx_hal_rcc.o
                0x0800c078                HAL_RCC_GetClockConfig
 .text.HAL_PWREx_DisableUCPDDeadBattery
                0x0800c0dc       0x20 stm32g4xx_hal_pwr_ex.o
                0x0800c0dc                HAL_PWREx_DisableUCPDDeadBattery
 .text.__NVIC_SetPriorityGrouping
                0x0800c0fc       0x48 stm32g4xx_hal_cortex.o
 .text.__NVIC_GetPriorityGrouping
                0x0800c144       0x1c stm32g4xx_hal_cortex.o
 .text.__NVIC_EnableIRQ
                0x0800c160       0x3c stm32g4xx_hal_cortex.o
 .text.__NVIC_SetPriority
                0x0800c19c       0x54 stm32g4xx_hal_cortex.o
 .text.NVIC_EncodePriority
                0x0800c1f0       0x66 stm32g4xx_hal_cortex.o
 .text.HAL_NVIC_SetPriorityGrouping
                0x0800c256       0x16 stm32g4xx_hal_cortex.o
                0x0800c256                HAL_NVIC_SetPriorityGrouping
 .text.HAL_NVIC_SetPriority
                0x0800c26c       0x34 stm32g4xx_hal_cortex.o
                0x0800c26c                HAL_NVIC_SetPriority
 .text.HAL_NVIC_EnableIRQ
                0x0800c2a0       0x1c stm32g4xx_hal_cortex.o
                0x0800c2a0                HAL_NVIC_EnableIRQ
 .text.HAL_TIM_Base_Init
                0x0800c2bc       0xae stm32g4xx_hal_tim.o
                0x0800c2bc                HAL_TIM_Base_Init
 .text.HAL_TIM_Base_MspInit
                0x0800c36a       0x14 stm32g4xx_hal_tim.o
                0x0800c36a                HAL_TIM_Base_MspInit
 *fill*         0x0800c37e        0x2 
 .text.HAL_TIM_Base_Start_IT
                0x0800c380       0xf0 stm32g4xx_hal_tim.o
                0x0800c380                HAL_TIM_Base_Start_IT
 .text.HAL_TIM_IRQHandler
                0x0800c470      0x2fe stm32g4xx_hal_tim.o
                0x0800c470                HAL_TIM_IRQHandler
 .text.HAL_TIM_OC_DelayElapsedCallback
                0x0800c76e       0x14 stm32g4xx_hal_tim.o
                0x0800c76e                HAL_TIM_OC_DelayElapsedCallback
 .text.HAL_TIM_IC_CaptureCallback
                0x0800c782       0x14 stm32g4xx_hal_tim.o
                0x0800c782                HAL_TIM_IC_CaptureCallback
 .text.HAL_TIM_PWM_PulseFinishedCallback
                0x0800c796       0x14 stm32g4xx_hal_tim.o
                0x0800c796                HAL_TIM_PWM_PulseFinishedCallback
 .text.HAL_TIM_TriggerCallback
                0x0800c7aa       0x14 stm32g4xx_hal_tim.o
                0x0800c7aa                HAL_TIM_TriggerCallback
 *fill*         0x0800c7be        0x2 
 .text.TIM_Base_SetConfig
                0x0800c7c0      0x150 stm32g4xx_hal_tim.o
                0x0800c7c0                TIM_Base_SetConfig
 .text.HAL_TIMEx_CommutCallback
                0x0800c910       0x14 stm32g4xx_hal_tim_ex.o
                0x0800c910                HAL_TIMEx_CommutCallback
 .text.HAL_TIMEx_BreakCallback
                0x0800c924       0x14 stm32g4xx_hal_tim_ex.o
                0x0800c924                HAL_TIMEx_BreakCallback
 .text.HAL_TIMEx_Break2Callback
                0x0800c938       0x14 stm32g4xx_hal_tim_ex.o
                0x0800c938                HAL_TIMEx_Break2Callback
 .text.HAL_TIMEx_EncoderIndexCallback
                0x0800c94c       0x14 stm32g4xx_hal_tim_ex.o
                0x0800c94c                HAL_TIMEx_EncoderIndexCallback
 .text.HAL_TIMEx_DirectionChangeCallback
                0x0800c960       0x14 stm32g4xx_hal_tim_ex.o
                0x0800c960                HAL_TIMEx_DirectionChangeCallback
 .text.HAL_TIMEx_IndexErrorCallback
                0x0800c974       0x14 stm32g4xx_hal_tim_ex.o
                0x0800c974                HAL_TIMEx_IndexErrorCallback
 .text.HAL_TIMEx_TransitionErrorCallback
                0x0800c988       0x14 stm32g4xx_hal_tim_ex.o
                0x0800c988                HAL_TIMEx_TransitionErrorCallback
 .text.LL_TIM_SetPrescaler
                0x0800c99c       0x1c stm32g4xx_ll_tim.o
 .text.LL_TIM_SetAutoReload
                0x0800c9b8       0x1c stm32g4xx_ll_tim.o
 .text.LL_TIM_SetRepetitionCounter
                0x0800c9d4       0x1c stm32g4xx_ll_tim.o
 .text.LL_TIM_GenerateEvent_UPDATE
                0x0800c9f0       0x20 stm32g4xx_ll_tim.o
 .text.LL_TIM_Init
                0x0800ca10      0x144 stm32g4xx_ll_tim.o
                0x0800ca10                LL_TIM_Init
 .text.SystemInit
                0x0800cb54       0x24 system_stm32g4xx.o
                0x0800cb54                SystemInit
 .text.Reset_Handler
                0x0800cb78       0x50 startup_stm32g474retx.o
                0x0800cb78                Reset_Handler
 .text.Default_Handler
                0x0800cbc8        0x2 startup_stm32g474retx.o
                0x0800cbc8                RTC_Alarm_IRQHandler
                0x0800cbc8                EXTI2_IRQHandler
                0x0800cbc8                TIM8_TRG_COM_IRQHandler
                0x0800cbc8                TIM8_CC_IRQHandler
                0x0800cbc8                HRTIM1_Master_IRQHandler
                0x0800cbc8                SPI4_IRQHandler
                0x0800cbc8                FDCAN3_IT0_IRQHandler
                0x0800cbc8                TIM1_CC_IRQHandler
                0x0800cbc8                HRTIM1_FLT_IRQHandler
                0x0800cbc8                HRTIM1_TIMF_IRQHandler
                0x0800cbc8                USB_HP_IRQHandler
                0x0800cbc8                CORDIC_IRQHandler
                0x0800cbc8                HRTIM1_TIMD_IRQHandler
                0x0800cbc8                DMA2_Channel8_IRQHandler
                0x0800cbc8                EXTI3_IRQHandler
                0x0800cbc8                I2C3_ER_IRQHandler
                0x0800cbc8                EXTI0_IRQHandler
                0x0800cbc8                I2C2_EV_IRQHandler
                0x0800cbc8                FPU_IRQHandler
                0x0800cbc8                FDCAN1_IT1_IRQHandler
                0x0800cbc8                TIM1_UP_TIM16_IRQHandler
                0x0800cbc8                ADC1_2_IRQHandler
                0x0800cbc8                HRTIM1_TIME_IRQHandler
                0x0800cbc8                SPI1_IRQHandler
                0x0800cbc8                TIM6_DAC_IRQHandler
                0x0800cbc8                HRTIM1_TIMC_IRQHandler
                0x0800cbc8                TIM8_UP_IRQHandler
                0x0800cbc8                DMA2_Channel2_IRQHandler
                0x0800cbc8                DMA1_Channel4_IRQHandler
                0x0800cbc8                TIM20_TRG_COM_IRQHandler
                0x0800cbc8                USART3_IRQHandler
                0x0800cbc8                DMA1_Channel7_IRQHandler
                0x0800cbc8                UART5_IRQHandler
                0x0800cbc8                ADC3_IRQHandler
                0x0800cbc8                TIM4_IRQHandler
                0x0800cbc8                DMA2_Channel1_IRQHandler
                0x0800cbc8                QUADSPI_IRQHandler
                0x0800cbc8                I2C1_EV_IRQHandler
                0x0800cbc8                DMA1_Channel6_IRQHandler
                0x0800cbc8                UART4_IRQHandler
                0x0800cbc8                DMA2_Channel4_IRQHandler
                0x0800cbc8                TIM3_IRQHandler
                0x0800cbc8                RCC_IRQHandler
                0x0800cbc8                TIM20_UP_IRQHandler
                0x0800cbc8                Default_Handler
                0x0800cbc8                DMA2_Channel7_IRQHandler
                0x0800cbc8                RTC_TAMP_LSECSS_IRQHandler
                0x0800cbc8                FMAC_IRQHandler
                0x0800cbc8                DMA1_Channel8_IRQHandler
                0x0800cbc8                HRTIM1_TIMA_IRQHandler
                0x0800cbc8                TIM7_DAC_IRQHandler
                0x0800cbc8                FDCAN3_IT1_IRQHandler
                0x0800cbc8                TIM5_IRQHandler
                0x0800cbc8                UCPD1_IRQHandler
                0x0800cbc8                I2C3_EV_IRQHandler
                0x0800cbc8                EXTI9_5_IRQHandler
                0x0800cbc8                RTC_WKUP_IRQHandler
                0x0800cbc8                PVD_PVM_IRQHandler
                0x0800cbc8                SPI2_IRQHandler
                0x0800cbc8                ADC5_IRQHandler
                0x0800cbc8                DMA2_Channel5_IRQHandler
                0x0800cbc8                CRS_IRQHandler
                0x0800cbc8                DMA1_Channel5_IRQHandler
                0x0800cbc8                USB_LP_IRQHandler
                0x0800cbc8                EXTI4_IRQHandler
                0x0800cbc8                RNG_IRQHandler
                0x0800cbc8                HRTIM1_TIMB_IRQHandler
                0x0800cbc8                TIM1_TRG_COM_TIM17_IRQHandler
                0x0800cbc8                FDCAN2_IT1_IRQHandler
                0x0800cbc8                DMA1_Channel3_IRQHandler
                0x0800cbc8                ADC4_IRQHandler
                0x0800cbc8                WWDG_IRQHandler
                0x0800cbc8                I2C4_EV_IRQHandler
                0x0800cbc8                FDCAN2_IT0_IRQHandler
                0x0800cbc8                DMA2_Channel6_IRQHandler
                0x0800cbc8                FDCAN1_IT0_IRQHandler
                0x0800cbc8                COMP7_IRQHandler
                0x0800cbc8                COMP1_2_3_IRQHandler
                0x0800cbc8                EXTI1_IRQHandler
                0x0800cbc8                USART2_IRQHandler
                0x0800cbc8                COMP4_5_6_IRQHandler
                0x0800cbc8                TIM20_BRK_IRQHandler
                0x0800cbc8                I2C2_ER_IRQHandler
                0x0800cbc8                DMA1_Channel2_IRQHandler
                0x0800cbc8                TIM8_BRK_IRQHandler
                0x0800cbc8                FLASH_IRQHandler
                0x0800cbc8                TIM20_CC_IRQHandler
                0x0800cbc8                USART1_IRQHandler
                0x0800cbc8                SPI3_IRQHandler
                0x0800cbc8                I2C1_ER_IRQHandler
                0x0800cbc8                FMC_IRQHandler
                0x0800cbc8                LPTIM1_IRQHandler
                0x0800cbc8                DMAMUX_OVR_IRQHandler
                0x0800cbc8                I2C4_ER_IRQHandler
                0x0800cbc8                USBWakeUp_IRQHandler
                0x0800cbc8                SAI1_IRQHandler
                0x0800cbc8                DMA2_Channel3_IRQHandler
                0x0800cbc8                TIM1_BRK_TIM15_IRQHandler
 *fill*         0x0800cbca        0x2 
 .text.fmod     0x0800cbcc       0x6c C:/ProgramData/MATLAB/SupportPackages/R2024b/3P.instrset/gnuarm-armcortex.instrset/win/bin/../lib/gcc/arm-none-eabi/13.2.1/thumb/v7e-m+fp/hard\libm.a(libm_a-w_fmod.o)
                0x0800cbcc                fmod
 .text.__ieee754_fmod
                0x0800cc38      0x30c C:/ProgramData/MATLAB/SupportPackages/R2024b/3P.instrset/gnuarm-armcortex.instrset/win/bin/../lib/gcc/arm-none-eabi/13.2.1/thumb/v7e-m+fp/hard\libm.a(libm_a-e_fmod.o)
                0x0800cc38                __ieee754_fmod
 .text.__udivmoddi4
                0x0800cf44      0x2bc C:/ProgramData/MATLAB/SupportPackages/R2024b/3P.instrset/gnuarm-armcortex.instrset/win/bin/../lib/gcc/arm-none-eabi/13.2.1/thumb/v7e-m+fp/hard\libgcc.a(_udivmoddi4.o)
                0x0800cf44                __udivmoddi4
 .text.memset   0x0800d200       0x10 C:/ProgramData/MATLAB/SupportPackages/R2024b/3P.instrset/gnuarm-armcortex.instrset/win/bin/../lib/gcc/arm-none-eabi/13.2.1/thumb/v7e-m+fp/hard\libg_nano.a(libc_a-memset.o)
                0x0800d200                memset
 .text.__errno  0x0800d210        0xc C:/ProgramData/MATLAB/SupportPackages/R2024b/3P.instrset/gnuarm-armcortex.instrset/win/bin/../lib/gcc/arm-none-eabi/13.2.1/thumb/v7e-m+fp/hard\libg_nano.a(libc_a-errno.o)
                0x0800d210                __errno
 .text.__libc_init_array
                0x0800d21c       0x48 C:/ProgramData/MATLAB/SupportPackages/R2024b/3P.instrset/gnuarm-armcortex.instrset/win/bin/../lib/gcc/arm-none-eabi/13.2.1/thumb/v7e-m+fp/hard\libg_nano.a(libc_a-init.o)
                0x0800d21c                __libc_init_array
 .text.memcpy   0x0800d264       0x1c C:/ProgramData/MATLAB/SupportPackages/R2024b/3P.instrset/gnuarm-armcortex.instrset/win/bin/../lib/gcc/arm-none-eabi/13.2.1/thumb/v7e-m+fp/hard\libg_nano.a(libc_a-memcpy-stub.o)
                0x0800d264                memcpy
 *(.glue_7)
 .glue_7        0x0800d280        0x0 linker stubs
 *(.glue_7t)
 .glue_7t       0x0800d280        0x0 linker stubs
 *(.eh_frame)
 .eh_frame      0x0800d280        0x0 C:/ProgramData/MATLAB/SupportPackages/R2024b/3P.instrset/gnuarm-armcortex.instrset/win/bin/../lib/gcc/arm-none-eabi/13.2.1/thumb/v7e-m+fp/hard/crtbegin.o
 *(.init)
 .init          0x0800d280        0x4 C:/ProgramData/MATLAB/SupportPackages/R2024b/3P.instrset/gnuarm-armcortex.instrset/win/bin/../lib/gcc/arm-none-eabi/13.2.1/thumb/v7e-m+fp/hard/crti.o
                0x0800d280                _init
 .init          0x0800d284        0x8 C:/ProgramData/MATLAB/SupportPackages/R2024b/3P.instrset/gnuarm-armcortex.instrset/win/bin/../lib/gcc/arm-none-eabi/13.2.1/thumb/v7e-m+fp/hard/crtn.o
 *(.fini)
 .fini          0x0800d28c        0x4 C:/ProgramData/MATLAB/SupportPackages/R2024b/3P.instrset/gnuarm-armcortex.instrset/win/bin/../lib/gcc/arm-none-eabi/13.2.1/thumb/v7e-m+fp/hard/crti.o
                0x0800d28c                _fini
 .fini          0x0800d290        0x8 C:/ProgramData/MATLAB/SupportPackages/R2024b/3P.instrset/gnuarm-armcortex.instrset/win/bin/../lib/gcc/arm-none-eabi/13.2.1/thumb/v7e-m+fp/hard/crtn.o
                0x0800d298                        . = ALIGN (0x4)
                0x0800d298                        _etext = .

.vfp11_veneer   0x0800d298        0x0
 .vfp11_veneer  0x0800d298        0x0 linker stubs

.v4_bx          0x0800d298        0x0
 .v4_bx         0x0800d298        0x0 linker stubs

.iplt           0x0800d298        0x0
 .iplt          0x0800d298        0x0 C:/ProgramData/MATLAB/SupportPackages/R2024b/3P.instrset/gnuarm-armcortex.instrset/win/bin/../lib/gcc/arm-none-eabi/13.2.1/thumb/v7e-m+fp/hard/crtbegin.o

.rodata         0x0800d298     0x2a18
                0x0800d298                        . = ALIGN (0x4)
 *(.rodata)
 .rodata        0x0800d298      0x2b9 xcp_ext_mode.o
 *fill*         0x0800d551        0x3 
 .rodata        0x0800d554      0x12e xcp_ext_common.o
 *fill*         0x0800d682        0x2 
 .rodata        0x0800d684       0x4c xcp_ext_classic_trigger.o
 .rodata        0x0800d6d0      0x278 xcp.o
 .rodata        0x0800d948      0x3a9 xcp_standard.o
 *fill*         0x0800dcf1        0x3 
 .rodata        0x0800dcf4     0x1010 xcp_daq.o
 .rodata        0x0800ed04       0xdd xcp_calibration.o
 *fill*         0x0800ede1        0x3 
 .rodata        0x0800ede4      0x56e xcp_transport.o
 *fill*         0x0800f352        0x2 
 .rodata        0x0800f354       0xf5 xcp_mem_default.o
 *fill*         0x0800f449        0x3 
 .rodata        0x0800f44c      0x228 xcp_drv_rtiostream.o
 .rodata        0x0800f674      0x4aa xcp_frame_serial.o
 *(.rodata*)
 *fill*         0x0800fb1e        0x2 
 .rodata.Homing_M
                0x0800fb20        0x4 Homing.o
                0x0800fb20                Homing_M
 .rodata.rtAlwaysEnabled.0
                0x0800fb24        0x1 Homing.o
 *fill*         0x0800fb25        0x3 
 .rodata.standardSupportedRxPacket
                0x0800fb28       0x54 xcp_standard.o
 .rodata.daqSupportedRxPacket
                0x0800fb7c       0x9c xcp_daq.o
 .rodata.calibrationSupportedRxPacket
                0x0800fc18       0x18 xcp_calibration.o
 .rodata.CHANNEL_OFFSET_TAB
                0x0800fc30        0x8 stm_usart.o
 .rodata.CHANNEL_OFFSET_TAB
                0x0800fc38        0x8 stm_lpuart.o
 .rodata.CHANNEL_OFFSET_TAB
                0x0800fc40        0x8 main.o
 .rodata.OFFSET_TAB_CCMRx
                0x0800fc48        0xa main.o
 *fill*         0x0800fc52        0x2 
 .rodata.SHIFT_TAB_ICxx
                0x0800fc54        0xa main.o
 *fill*         0x0800fc5e        0x2 
 .rodata.SHIFT_TAB_CCxP
                0x0800fc60        0xa main.o
 *fill*         0x0800fc6a        0x2 
 .rodata.LPUART_PRESCALER_TAB
                0x0800fc6c       0x18 stm32g4xx_ll_lpuart.o
 .rodata.AHBPrescTable
                0x0800fc84       0x10 system_stm32g4xx.o
                0x0800fc84                AHBPrescTable
 .rodata.APBPrescTable
                0x0800fc94        0x8 system_stm32g4xx.o
                0x0800fc94                APBPrescTable
 *fill*         0x0800fc9c        0x4 
 .rodata.Zero   0x0800fca0       0x10 C:/ProgramData/MATLAB/SupportPackages/R2024b/3P.instrset/gnuarm-armcortex.instrset/win/bin/../lib/gcc/arm-none-eabi/13.2.1/thumb/v7e-m+fp/hard\libm.a(libm_a-e_fmod.o)
                0x0800fcb0                        . = ALIGN (0x4)

.ARM.extab      0x0800fcb0        0x0
                0x0800fcb0                        . = ALIGN (0x4)
 *(.ARM.extab* .gnu.linkonce.armextab.*)
                0x0800fcb0                        . = ALIGN (0x4)

.ARM            0x0800fcb0        0x8
                0x0800fcb0                        . = ALIGN (0x4)
                0x0800fcb0                        __exidx_start = .
 *(.ARM.exidx*)
 .ARM.exidx.text.__udivmoddi4
                0x0800fcb0        0x8 C:/ProgramData/MATLAB/SupportPackages/R2024b/3P.instrset/gnuarm-armcortex.instrset/win/bin/../lib/gcc/arm-none-eabi/13.2.1/thumb/v7e-m+fp/hard\libgcc.a(_udivmoddi4.o)
                0x0800fcb8                        __exidx_end = .
                0x0800fcb8                        . = ALIGN (0x4)

.preinit_array  0x0800fcb8        0x0
                0x0800fcb8                        . = ALIGN (0x4)
                0x0800fcb8                        PROVIDE (__preinit_array_start = .)
 *(.preinit_array*)
                0x0800fcb8                        PROVIDE (__preinit_array_end = .)
                0x0800fcb8                        . = ALIGN (0x4)

.init_array     0x0800fcb8        0x4
                0x0800fcb8                        . = ALIGN (0x4)
                0x0800fcb8                        PROVIDE (__init_array_start = .)
 *(SORT_BY_NAME(.init_array.*))
 *(.init_array*)
 .init_array    0x0800fcb8        0x4 C:/ProgramData/MATLAB/SupportPackages/R2024b/3P.instrset/gnuarm-armcortex.instrset/win/bin/../lib/gcc/arm-none-eabi/13.2.1/thumb/v7e-m+fp/hard/crtbegin.o
                0x0800fcbc                        PROVIDE (__init_array_end = .)
                0x0800fcbc                        . = ALIGN (0x4)

.fini_array     0x0800fcbc        0x4
                0x0800fcbc                        . = ALIGN (0x4)
                [!provide]                        PROVIDE (__fini_array_start = .)
 *(SORT_BY_NAME(.fini_array.*))
 *(.fini_array*)
 .fini_array    0x0800fcbc        0x4 C:/ProgramData/MATLAB/SupportPackages/R2024b/3P.instrset/gnuarm-armcortex.instrset/win/bin/../lib/gcc/arm-none-eabi/13.2.1/thumb/v7e-m+fp/hard/crtbegin.o
                [!provide]                        PROVIDE (__fini_array_end = .)
                0x0800fcc0                        . = ALIGN (0x4)
                0x0800fcc0                        _sidata = LOADADDR (.data)

.rel.dyn        0x0800fcc0        0x0
 .rel.iplt      0x0800fcc0        0x0 C:/ProgramData/MATLAB/SupportPackages/R2024b/3P.instrset/gnuarm-armcortex.instrset/win/bin/../lib/gcc/arm-none-eabi/13.2.1/thumb/v7e-m+fp/hard/crtbegin.o

.data           0x20000000       0xe4 load address 0x0800fcc0
                0x20000000                        . = ALIGN (0x4)
                0x20000000                        _sdata = .
 *(.data)
 *(.data*)
 .data.xcpExtmodeFinalSimulationTime
                0x20000000        0x8 xcp_ext_common.o
                0x20000000                xcpExtmodeFinalSimulationTime
 .data.xcpClassicTriggerDuration
                0x20000008        0x4 xcp_ext_classic_trigger.o
                0x20000008                xcpClassicTriggerDuration
 .data.xcpClassicTriggerArmRequest
                0x2000000c        0x1 xcp_ext_classic_trigger.o
                0x2000000c                xcpClassicTriggerArmRequest
 *fill*         0x2000000d        0x3 
 .data.startStopDaqListId
                0x20000010        0x4 xcp_daq.o
 .data.xcpCurrentDaq
                0x20000014        0x4 xcp_daq.o
 .data.xcpEventCustomMemoryManager
                0x20000018        0xc xcp_daq.o
 .data.xcpCtoReservedMemPoolId
                0x20000024        0x4 xcp_transport.o
 .data.xcpMemMainBlockSizes
                0x20000028        0xc xcp_mem_default.o
 .data.xcpMemMainBlocksNumber
                0x20000034        0xc xcp_mem_default.o
 .data.drvID    0x20000040        0x4 xcp_drv_rtiostream.o
 .data.xcpCtoReservedMemPoolId
                0x20000044        0x4 xcp_frame_serial.o
 .data.uartObj  0x20000048       0x40 rtiostream_serial.o
                0x20000048                uartObj
 .data.uwTickPrio
                0x20000088        0x4 stm32g4xx_hal.o
                0x20000088                uwTickPrio
 .data.uwTickFreq
                0x2000008c        0x4 stm32g4xx_hal.o
                0x2000008c                uwTickFreq
 .data.SystemCoreClock
                0x20000090        0x4 system_stm32g4xx.o
                0x20000090                SystemCoreClock
 .data._impure_ptr
                0x20000094        0x4 C:/ProgramData/MATLAB/SupportPackages/R2024b/3P.instrset/gnuarm-armcortex.instrset/win/bin/../lib/gcc/arm-none-eabi/13.2.1/thumb/v7e-m+fp/hard\libg_nano.a(libc_a-impure.o)
                0x20000094                _impure_ptr
 .data._impure_data
                0x20000098       0x4c C:/ProgramData/MATLAB/SupportPackages/R2024b/3P.instrset/gnuarm-armcortex.instrset/win/bin/../lib/gcc/arm-none-eabi/13.2.1/thumb/v7e-m+fp/hard\libg_nano.a(libc_a-impure.o)
                0x20000098                _impure_data
 *(.RamFunc)
 *(.RamFunc*)
                0x200000e4                        . = ALIGN (0x4)
                0x200000e4                        _edata = .

.tm_clone_table
                0x200000e4        0x0 load address 0x0800fda4
 .tm_clone_table
                0x200000e4        0x0 C:/ProgramData/MATLAB/SupportPackages/R2024b/3P.instrset/gnuarm-armcortex.instrset/win/bin/../lib/gcc/arm-none-eabi/13.2.1/thumb/v7e-m+fp/hard/crtbegin.o
 .tm_clone_table
                0x200000e4        0x0 C:/ProgramData/MATLAB/SupportPackages/R2024b/3P.instrset/gnuarm-armcortex.instrset/win/bin/../lib/gcc/arm-none-eabi/13.2.1/thumb/v7e-m+fp/hard/crtend.o

.igot.plt       0x200000e4        0x0 load address 0x0800fda4
 .igot.plt      0x200000e4        0x0 C:/ProgramData/MATLAB/SupportPackages/R2024b/3P.instrset/gnuarm-armcortex.instrset/win/bin/../lib/gcc/arm-none-eabi/13.2.1/thumb/v7e-m+fp/hard/crtbegin.o
                0x200000e4                        . = ALIGN (0x4)

.bss            0x200000e8     0x121c load address 0x0800fda4
                0x200000e8                        _sbss = .
                0x200000e8                        __bss_start__ = _sbss
 *(.bss)
 *(.bss*)
 .bss.completed.1
                0x200000e8        0x1 C:/ProgramData/MATLAB/SupportPackages/R2024b/3P.instrset/gnuarm-armcortex.instrset/win/bin/../lib/gcc/arm-none-eabi/13.2.1/thumb/v7e-m+fp/hard/crtbegin.o
 *fill*         0x200000e9        0x3 
 .bss.object.0  0x200000ec       0x18 C:/ProgramData/MATLAB/SupportPackages/R2024b/3P.instrset/gnuarm-armcortex.instrset/win/bin/../lib/gcc/arm-none-eabi/13.2.1/thumb/v7e-m+fp/hard/crtbegin.o
 .bss.mw_tim3   0x20000104       0x8c stm_timer_ll.o
                0x20000104                mw_tim3
 .bss.firstIndexReceived.0
                0x20000190        0x1 stm_timer_ll.o
 *fill*         0x20000191        0x3 
 .bss.xcpCustomTriggerFunction
                0x20000194        0x8 xcp_ext_mode.o
 *fill*         0x2000019c        0x4 
 .bss.Homing_B  0x200001a0       0x10 Homing.o
                0x200001a0                Homing_B
 .bss.Homing_DW
                0x200001b0       0x20 Homing.o
                0x200001b0                Homing_DW
 .bss.Homing_M_
                0x200001d0       0x48 Homing.o
 .bss.rt_ExtModeInfo.2
                0x20000218       0x14 Homing.o
 .bss.systemRan.1
                0x2000022c       0x14 Homing.o
 .bss.IsrOverrun
                0x20000240        0x4 ert_main.o
                0x20000240                IsrOverrun
 .bss.OverrunFlag
                0x20000244        0x1 ert_main.o
 .bss.stopRequested
                0x20000245        0x1 ert_main.o
                0x20000245                stopRequested
 .bss.runModel  0x20000246        0x1 ert_main.o
                0x20000246                runModel
 .bss.xcpModelStartRequest
                0x20000247        0x1 xcp_ext_common.o
                0x20000247                xcpModelStartRequest
 .bss.xcpModelStopRequest
                0x20000248        0x1 xcp_ext_common.o
                0x20000248                xcpModelStopRequest
 .bss.xcpModelStatus
                0x20000249        0x1 xcp_ext_common.o
                0x20000249                xcpModelStatus
 *fill*         0x2000024a        0x2 
 .bss.xcpModelChecksum0
                0x2000024c        0x4 xcp_ext_common.o
                0x2000024c                xcpModelChecksum0
 .bss.xcpModelChecksum1
                0x20000250        0x4 xcp_ext_common.o
                0x20000250                xcpModelChecksum1
 .bss.xcpModelChecksum2
                0x20000254        0x4 xcp_ext_common.o
                0x20000254                xcpModelChecksum2
 .bss.xcpModelChecksum3
                0x20000258        0x4 xcp_ext_common.o
                0x20000258                xcpModelChecksum3
 .bss.xcpModelIntegerCode
                0x2000025c        0x4 xcp_ext_common.o
                0x2000025c                xcpModelIntegerCode
 .bss.xcpExtmodeSimulationComplete
                0x20000260        0x1 xcp_ext_common.o
                0x20000260                xcpExtmodeSimulationComplete
 *fill*         0x20000261        0x7 
 .bss.xcpDummyDoubleVariable
                0x20000268        0x8 xcp_ext_common.o
                0x20000268                xcpDummyDoubleVariable
 .bss.xcpDummyUint64Variable
                0x20000270        0x8 xcp_ext_common.o
                0x20000270                xcpDummyUint64Variable
 .bss.xcpCurrentSimulationTimeInMs
                0x20000278        0x8 xcp_ext_common.o
                0x20000278                xcpCurrentSimulationTimeInMs
 .bss.xcpBaseRateSimulationTime
                0x20000280        0x8 xcp_ext_common.o
 .bss.xcpClassicTriggerEventId
                0x20000288        0x2 xcp_ext_classic_trigger.o
                0x20000288                xcpClassicTriggerEventId
 *fill*         0x2000028a        0x2 
 .bss.xcpClassicTriggerSignalAddress
                0x2000028c        0x4 xcp_ext_classic_trigger.o
                0x2000028c                xcpClassicTriggerSignalAddress
 .bss.xcpClassicTriggerSignalAddressExtension
                0x20000290        0x1 xcp_ext_classic_trigger.o
                0x20000290                xcpClassicTriggerSignalAddressExtension
 *fill*         0x20000291        0x7 
 .bss.xcpClassicTriggerLevel
                0x20000298        0x8 xcp_ext_classic_trigger.o
                0x20000298                xcpClassicTriggerLevel
 .bss.xcpClassicTriggerHoldOff
                0x200002a0        0x4 xcp_ext_classic_trigger.o
                0x200002a0                xcpClassicTriggerHoldOff
 .bss.xcpClassicTriggerDelay
                0x200002a4        0x4 xcp_ext_classic_trigger.o
                0x200002a4                xcpClassicTriggerDelay
 .bss.xcpClassicTriggerDirection
                0x200002a8        0x1 xcp_ext_classic_trigger.o
                0x200002a8                xcpClassicTriggerDirection
 .bss.xcpClassicTriggerCancelRequest
                0x200002a9        0x1 xcp_ext_classic_trigger.o
                0x200002a9                xcpClassicTriggerCancelRequest
 .bss.xcpClassicTriggerSource
                0x200002aa        0x1 xcp_ext_classic_trigger.o
                0x200002aa                xcpClassicTriggerSource
 .bss.xcpClassicTriggerMode
                0x200002ab        0x1 xcp_ext_classic_trigger.o
                0x200002ab                xcpClassicTriggerMode
 .bss.xcpClassicTriggerStatus
                0x200002ac        0x1 xcp_ext_classic_trigger.o
                0x200002ac                xcpClassicTriggerStatus
 *fill*         0x200002ad        0x3 
 .bss.xcpOldSignalValue
                0x200002b0        0x8 xcp_ext_classic_trigger.o
 .bss.xcpOldSignalValueAvailable
                0x200002b8        0x1 xcp_ext_classic_trigger.o
 .bss.xcpOldClassicTriggerSource
                0x200002b9        0x1 xcp_ext_classic_trigger.o
 .bss.xcpTriggerEnabled
                0x200002ba        0x1 xcp_ext_classic_trigger.o
 .bss.xcpSignalTriggerFired
                0x200002bb        0x1 xcp_ext_classic_trigger.o
 .bss.xcpTriggerCount
                0x200002bc        0x4 xcp_ext_classic_trigger.o
 .bss.xcpForcedTriggerEnabled
                0x200002c0        0x1 xcp_ext_classic_trigger.o
 .bss.xcpForceTriggerEnableRequest
                0x200002c1        0x1 xcp_ext_classic_trigger.o
 .bss.initialized
                0x200002c2        0x1 xcp.o
 .bss.xcpStatus
                0x200002c3        0x1 xcp.o
 .bss.xcpSessionStatus
                0x200002c4        0x1 xcp.o
 .bss.xcpResourceProtectionStatus
                0x200002c5        0x1 xcp.o
 .bss.xcpSessionConfigurationId
                0x200002c6        0x2 xcp.o
 .bss.groupPacketLookup
                0x200002c8       0x10 xcp.o
 .bss.xcpMta    0x200002d8        0x8 xcp_standard.o
 .bss.xcpUploadSize
                0x200002e0        0x1 xcp_standard.o
 *fill*         0x200002e1        0x3 
 .bss.packetLookup
                0x200002e4        0x4 xcp_standard.o
 .bss.xcpDynamicDaqLists
                0x200002e8        0x8 xcp_daq.o
 .bss.xcpRunningEventCounter
                0x200002f0        0x4 xcp_daq.o
 .bss.daqLock   0x200002f4        0x4 xcp_daq.o
 .bss.packetLookup
                0x200002f8        0x4 xcp_daq.o
 .bss.packetLookup
                0x200002fc        0x4 xcp_calibration.o
 .bss.txFifo    0x20000300       0x10 xcp_transport.o
 .bss.txLock    0x20000310        0x4 xcp_transport.o
 .bss.rxFifo    0x20000314        0x8 xcp_transport.o
 .bss.rxLock    0x2000031c        0x4 xcp_transport.o
 .bss.initialized
                0x20000320        0x1 xcp_transport.o
 *fill*         0x20000321        0x3 
 .bss.xcpMemPoolDescriptors
                0x20000324       0xc0 xcp_mem_default.o
 .bss.xcpMemCustomPoolDescriptors
                0x200003e4        0x8 xcp_mem_default.o
 .bss.xcpMemMainChunk
                0x200003ec      0x3a7 xcp_mem_default.o
 *fill*         0x20000793        0x1 
 .bss.xcpMemReservedPoolsChunk
                0x20000794      0x571 xcp_mem_default.o
 *fill*         0x20000d05        0x3 
 .bss.xcpMemReservedPoolsChunkUsedBytes
                0x20000d08        0x4 xcp_mem_default.o
 .bss.xcpMemLock
                0x20000d0c        0x4 xcp_mem_default.o
 .bss.forceBlocking
                0x20000d10        0x1 xcp_drv_rtiostream.o
 *fill*         0x20000d11        0x1 
 .bss.txCounter
                0x20000d12        0x2 xcp_frame_serial.o
 .bss.rxCounter
                0x20000d14        0x2 xcp_frame_serial.o
 *fill*         0x20000d16        0x2 
 .bss.firstRxCounterReceived
                0x20000d18        0x4 xcp_frame_serial.o
 .bss.initialized
                0x20000d1c        0x1 xcp_frame_serial.o
 *fill*         0x20000d1d        0x3 
 .bss.timestampInitialized
                0x20000d20        0x4 platform_timer.o
 .bss.timestampStartTime
                0x20000d24        0x4 platform_timer.o
 .bss.schdl_counter
                0x20000d28        0x4 SysTickScheduler.o
                0x20000d28                schdl_counter
 .bss.schdl_counter_max
                0x20000d2c        0x4 SysTickScheduler.o
                0x20000d2c                schdl_counter_max
 .bss.taskToSchedule
                0x20000d30        0x4 m3m4m4f_multitasking.o
                0x20000d30                taskToSchedule
 .bss.mw_ext_h  0x20000d34        0x4 rtiostream_serial.o
                0x20000d34                mw_ext_h
 .bss.UARTRxBuffer
                0x20000d38        0x4 rtiostream_serial.o
                0x20000d38                UARTRxBuffer
 .bss.mw_lpuart1
                0x20000d3c       0x40 stm_lpuart.o
                0x20000d3c                mw_lpuart1
 .bss.LPUART1ReceiveBuffer
                0x20000d7c      0x400 stm_lpuart.o
                0x20000d7c                LPUART1ReceiveBuffer
 .bss.htim2     0x2000117c       0x4c stm32g4xx_hal_timebase_tim.o
                0x2000117c                htim2
 .bss.uwTick    0x200011c8        0x4 stm32g4xx_hal.o
                0x200011c8                uwTick
 .bss.__sf      0x200011cc      0x138 C:/ProgramData/MATLAB/SupportPackages/R2024b/3P.instrset/gnuarm-armcortex.instrset/win/bin/../lib/gcc/arm-none-eabi/13.2.1/thumb/v7e-m+fp/hard\libg_nano.a(libc_a-findfp.o)
                0x200011cc                __sf
 *(COMMON)
                0x20001304                        . = ALIGN (0x4)
                0x20001304                        _ebss = .
                0x20001304                        __bss_end__ = _ebss

._user_heap_stack
                0x20001304      0x604 load address 0x0800fda4
                0x20001308                        . = ALIGN (0x8)
 *fill*         0x20001304        0x4 
                [!provide]                        PROVIDE (end = .)
                0x20001308                        PROVIDE (_end = .)
                0x20001508                        . = (. + _Min_Heap_Size)
 *fill*         0x20001308      0x200 
                0x20001908                        . = (. + _Min_Stack_Size)
 *fill*         0x20001508      0x400 
                0x20001908                        . = ALIGN (0x8)

/DISCARD/
 libc.a(*)
 libm.a(*)
 libgcc.a(*)

.ARM.attributes
                0x00000000       0x30
 *(.ARM.attributes)
 .ARM.attributes
                0x00000000       0x22 C:/ProgramData/MATLAB/SupportPackages/R2024b/3P.instrset/gnuarm-armcortex.instrset/win/bin/../lib/gcc/arm-none-eabi/13.2.1/thumb/v7e-m+fp/hard/crti.o
 .ARM.attributes
                0x00000022       0x34 C:/ProgramData/MATLAB/SupportPackages/R2024b/3P.instrset/gnuarm-armcortex.instrset/win/bin/../lib/gcc/arm-none-eabi/13.2.1/thumb/v7e-m+fp/hard/crtbegin.o
 .ARM.attributes
                0x00000056       0x34 stm_timer_ll.o
 .ARM.attributes
                0x0000008a       0x34 xcp_ext_mode.o
 .ARM.attributes
                0x000000be       0x34 Homing.o
 .ARM.attributes
                0x000000f2       0x34 ert_main.o
 .ARM.attributes
                0x00000126       0x34 xcp_ext_common.o
 .ARM.attributes
                0x0000015a       0x34 xcp_ext_classic_trigger.o
 .ARM.attributes
                0x0000018e       0x34 xcp.o
 .ARM.attributes
                0x000001c2       0x34 xcp_standard.o
 .ARM.attributes
                0x000001f6       0x34 xcp_daq.o
 .ARM.attributes
                0x0000022a       0x34 xcp_calibration.o
 .ARM.attributes
                0x0000025e       0x34 xcp_fifo.o
 .ARM.attributes
                0x00000292       0x34 xcp_transport.o
 .ARM.attributes
                0x000002c6       0x34 xcp_mem_default.o
 .ARM.attributes
                0x000002fa       0x34 xcp_drv_rtiostream.o
 .ARM.attributes
                0x0000032e       0x34 xcp_utils.o
 .ARM.attributes
                0x00000362       0x34 xcp_frame_serial.o
 .ARM.attributes
                0x00000396       0x34 xcp_ext_param_default_serial.o
 .ARM.attributes
                0x000003ca       0x34 overrideHALDelay.o
 .ARM.attributes
                0x000003fe       0x34 platform_timer.o
 .ARM.attributes
                0x00000432       0x34 SysTickScheduler.o
 .ARM.attributes
                0x00000466       0x34 m3m4m4f_multitasking.o
 .ARM.attributes
                0x0000049a       0x34 rtiostream_serial.o
 .ARM.attributes
                0x000004ce       0x34 stm_usart.o
 .ARM.attributes
                0x00000502       0x34 stm_lpuart.o
 .ARM.attributes
                0x00000536       0x34 sys_arch.o
 .ARM.attributes
                0x0000056a       0x34 main.o
 .ARM.attributes
                0x0000059e       0x34 stm32g4xx_it.o
 .ARM.attributes
                0x000005d2       0x34 stm32g4xx_hal_msp.o
 .ARM.attributes
                0x00000606       0x34 stm32g4xx_hal_timebase_tim.o
 .ARM.attributes
                0x0000063a       0x34 stm32g4xx_ll_utils.o
 .ARM.attributes
                0x0000066e       0x34 stm32g4xx_ll_exti.o
 .ARM.attributes
                0x000006a2       0x34 stm32g4xx_ll_gpio.o
 .ARM.attributes
                0x000006d6       0x34 stm32g4xx_ll_lpuart.o
 .ARM.attributes
                0x0000070a       0x34 stm32g4xx_ll_rcc.o
 .ARM.attributes
                0x0000073e       0x34 stm32g4xx_hal.o
 .ARM.attributes
                0x00000772       0x34 stm32g4xx_hal_rcc.o
 .ARM.attributes
                0x000007a6       0x34 stm32g4xx_hal_pwr_ex.o
 .ARM.attributes
                0x000007da       0x34 stm32g4xx_hal_cortex.o
 .ARM.attributes
                0x0000080e       0x34 stm32g4xx_hal_tim.o
 .ARM.attributes
                0x00000842       0x34 stm32g4xx_hal_tim_ex.o
 .ARM.attributes