Archive member included to satisfy reference by file (symbol)

C:/ProgramData/MATLAB/SupportPackages/R2024b/3P.instrset/gnuarm-armcortex.instrset/win/bin/../lib/gcc/arm-none-eabi/13.2.1/thumb/v7e-m+fp/hard\libm.a(libm_a-w_fmod.o)
                              xcp_ext_common.o (fmod)
C:/ProgramData/MATLAB/SupportPackages/R2024b/3P.instrset/gnuarm-armcortex.instrset/win/bin/../lib/gcc/arm-none-eabi/13.2.1/thumb/v7e-m+fp/hard\libm.a(libm_a-s_ceil.o)
                              QEI.o (ceil)
C:/ProgramData/MATLAB/SupportPackages/R2024b/3P.instrset/gnuarm-armcortex.instrset/win/bin/../lib/gcc/arm-none-eabi/13.2.1/thumb/v7e-m+fp/hard\libm.a(libm_a-s_floor.o)
                              QEI.o (floor)
C:/ProgramData/MATLAB/SupportPackages/R2024b/3P.instrset/gnuarm-armcortex.instrset/win/bin/../lib/gcc/arm-none-eabi/13.2.1/thumb/v7e-m+fp/hard\libm.a(libm_a-e_fmod.o)
                              C:/ProgramData/MATLAB/SupportPackages/R2024b/3P.instrset/gnuarm-armcortex.instrset/win/bin/../lib/gcc/arm-none-eabi/13.2.1/thumb/v7e-m+fp/hard\libm.a(libm_a-w_fmod.o) (__ieee754_fmod)
C:/ProgramData/MATLAB/SupportPackages/R2024b/3P.instrset/gnuarm-armcortex.instrset/win/bin/../lib/gcc/arm-none-eabi/13.2.1/thumb/v7e-m+fp/hard\libgcc.a(_arm_muldf3.o)
                              QEI.o (__aeabi_dmul)
C:/ProgramData/MATLAB/SupportPackages/R2024b/3P.instrset/gnuarm-armcortex.instrset/win/bin/../lib/gcc/arm-none-eabi/13.2.1/thumb/v7e-m+fp/hard\libgcc.a(_arm_addsubdf3.o)
                              QEI.o (__aeabi_dsub)
C:/ProgramData/MATLAB/SupportPackages/R2024b/3P.instrset/gnuarm-armcortex.instrset/win/bin/../lib/gcc/arm-none-eabi/13.2.1/thumb/v7e-m+fp/hard\libgcc.a(_arm_muldivdf3.o)
                              xcp_ext_common.o (__aeabi_ddiv)
C:/ProgramData/MATLAB/SupportPackages/R2024b/3P.instrset/gnuarm-armcortex.instrset/win/bin/../lib/gcc/arm-none-eabi/13.2.1/thumb/v7e-m+fp/hard\libgcc.a(_arm_cmpdf2.o)
                              xcp_ext_mode.o (__aeabi_dcmpeq)
C:/ProgramData/MATLAB/SupportPackages/R2024b/3P.instrset/gnuarm-armcortex.instrset/win/bin/../lib/gcc/arm-none-eabi/13.2.1/thumb/v7e-m+fp/hard\libgcc.a(_arm_unorddf2.o)
                              C:/ProgramData/MATLAB/SupportPackages/R2024b/3P.instrset/gnuarm-armcortex.instrset/win/bin/../lib/gcc/arm-none-eabi/13.2.1/thumb/v7e-m+fp/hard\libm.a(libm_a-w_fmod.o) (__aeabi_dcmpun)
C:/ProgramData/MATLAB/SupportPackages/R2024b/3P.instrset/gnuarm-armcortex.instrset/win/bin/../lib/gcc/arm-none-eabi/13.2.1/thumb/v7e-m+fp/hard\libgcc.a(_arm_fixunsdfsi.o)
                              QEI.o (__aeabi_d2uiz)
C:/ProgramData/MATLAB/SupportPackages/R2024b/3P.instrset/gnuarm-armcortex.instrset/win/bin/../lib/gcc/arm-none-eabi/13.2.1/thumb/v7e-m+fp/hard\libgcc.a(_aeabi_uldivmod.o)
                              stm32g4xx_ll_lpuart.o (__aeabi_uldivmod)
C:/ProgramData/MATLAB/SupportPackages/R2024b/3P.instrset/gnuarm-armcortex.instrset/win/bin/../lib/gcc/arm-none-eabi/13.2.1/thumb/v7e-m+fp/hard\libgcc.a(_udivmoddi4.o)
                              C:/ProgramData/MATLAB/SupportPackages/R2024b/3P.instrset/gnuarm-armcortex.instrset/win/bin/../lib/gcc/arm-none-eabi/13.2.1/thumb/v7e-m+fp/hard\libgcc.a(_aeabi_uldivmod.o) (__udivmoddi4)
C:/ProgramData/MATLAB/SupportPackages/R2024b/3P.instrset/gnuarm-armcortex.instrset/win/bin/../lib/gcc/arm-none-eabi/13.2.1/thumb/v7e-m+fp/hard\libgcc.a(_dvmd_tls.o)
                              C:/ProgramData/MATLAB/SupportPackages/R2024b/3P.instrset/gnuarm-armcortex.instrset/win/bin/../lib/gcc/arm-none-eabi/13.2.1/thumb/v7e-m+fp/hard\libgcc.a(_aeabi_uldivmod.o) (__aeabi_ldiv0)
C:/ProgramData/MATLAB/SupportPackages/R2024b/3P.instrset/gnuarm-armcortex.instrset/win/bin/../lib/gcc/arm-none-eabi/13.2.1/thumb/v7e-m+fp/hard\libg_nano.a(libc_a-exit.o)
                              C:/ProgramData/MATLAB/SupportPackages/R2024b/3P.instrset/gnuarm-armcortex.instrset/win/bin/../lib/gcc/arm-none-eabi/13.2.1/thumb/v7e-m+fp/hard/crt0.o (exit)
C:/ProgramData/MATLAB/SupportPackages/R2024b/3P.instrset/gnuarm-armcortex.instrset/win/bin/../lib/gcc/arm-none-eabi/13.2.1/thumb/v7e-m+fp/hard\libg_nano.a(libc_a-findfp.o)
                              C:/ProgramData/MATLAB/SupportPackages/R2024b/3P.instrset/gnuarm-armcortex.instrset/win/bin/../lib/gcc/arm-none-eabi/13.2.1/thumb/v7e-m+fp/hard\libg_nano.a(libc_a-exit.o) (__stdio_exit_handler)
C:/ProgramData/MATLAB/SupportPackages/R2024b/3P.instrset/gnuarm-armcortex.instrset/win/bin/../lib/gcc/arm-none-eabi/13.2.1/thumb/v7e-m+fp/hard\libg_nano.a(libc_a-fwalk.o)
                              C:/ProgramData/MATLAB/SupportPackages/R2024b/3P.instrset/gnuarm-armcortex.instrset/win/bin/../lib/gcc/arm-none-eabi/13.2.1/thumb/v7e-m+fp/hard\libg_nano.a(libc_a-findfp.o) (_fwalk_sglue)
C:/ProgramData/MATLAB/SupportPackages/R2024b/3P.instrset/gnuarm-armcortex.instrset/win/bin/../lib/gcc/arm-none-eabi/13.2.1/thumb/v7e-m+fp/hard\libg_nano.a(libc_a-stdio.o)
[...]
Memory Configuration

Name             Origin             Length             Attributes
RAM              0x20000000         0x00020000         xrw
FLASH            0x08000000         0x00080000         xr
*default*        0x00000000         0xffffffff

Linker script and memory map

LOAD C:/ProgramData/MATLAB/SupportPackages/R2024b/3P.instrset/gnuarm-armcortex.instrset/win/bin/../lib/gcc/arm-none-eabi/13.2.1/thumb/v7e-m+fp/hard/crti.o
LOAD C:/ProgramData/MATLAB/SupportPackages/R2024b/3P.instrset/gnuarm-armcortex.instrset/win/bin/../lib/gcc/arm-none-eabi/13.2.1/thumb/v7e-m+fp/hard/crtbegin.o
LOAD C:/ProgramData/MATLAB/SupportPackages/R2024b/3P.instrset/gnuarm-armcortex.instrset/win/bin/../lib/gcc/arm-none-eabi/13.2.1/thumb/v7e-m+fp/hard/crt0.o
LOAD stm_timer_ll.o
LOAD xcp_ext_mode.o
LOAD QEI.o
LOAD ert_main.o
LOAD xcp_ext_common.o
LOAD xcp_ext_classic_trigger.o
LOAD xcp.o
LOAD xcp_standard.o
LOAD xcp_daq.o
LOAD xcp_calibration.o
LOAD xcp_fifo.o
LOAD xcp_transport.o
LOAD xcp_mem_default.o
LOAD xcp_drv_rtiostream.o
LOAD xcp_utils.o
LOAD xcp_frame_serial.o
LOAD xcp_ext_param_default_serial.o
LOAD overrideHALDelay.o
LOAD platform_timer.o
LOAD SysTickScheduler.o
LOAD m3m4m4f_multitasking.o
LOAD rtiostream_serial.o
LOAD stm_usart.o
LOAD stm_lpuart.o
LOAD sys_arch.o
LOAD main.o
LOAD stm32g4xx_it.o
LOAD stm32g4xx_hal_msp.o
LOAD stm32g4xx_hal_timebase_tim.o
LOAD stm32g4xx_ll_utils.o
LOAD stm32g4xx_ll_exti.o
LOAD stm32g4xx_ll_gpio.o
LOAD stm32g4xx_ll_dma.o
LOAD stm32g4xx_ll_lpuart.o
LOAD stm32g4xx_ll_rcc.o
LOAD stm32g4xx_ll_pwr.o
LOAD stm32g4xx_hal.o
LOAD stm32g4xx_hal_rcc.o
LOAD stm32g4xx_hal_rcc_ex.o
LOAD stm32g4xx_hal_flash.o
LOAD stm32g4xx_hal_flash_ex.o
LOAD stm32g4xx_hal_flash_ramfunc.o
LOAD stm32g4xx_hal_gpio.o
LOAD stm32g4xx_hal_exti.o
LOAD stm32g4xx_hal_dma.o
LOAD stm32g4xx_hal_dma_ex.o
LOAD stm32g4xx_hal_pwr.o
LOAD stm32g4xx_hal_pwr_ex.o
LOAD stm32g4xx_hal_cortex.o
LOAD stm32g4xx_hal_tim.o
LOAD stm32g4xx_hal_tim_ex.o
LOAD stm32g4xx_ll_tim.o
LOAD system_stm32g4xx.o
LOAD syscalls.o
LOAD sysmem.o
LOAD startup_stm32g474retx.o
LOAD C:/ProgramData/MATLAB/SupportPackages/R2024b/3P.instrset/cmsis_dsp.instrset/Lib/GCC/arm_cortexm4ldfsp_math/libCMSISDSP.a
LOAD C:/ProgramData/MATLAB/SupportPackages/R2024b/toolbox/shared/supportpackages/stm32/lib/GCC/libmw_pdmfilter_m4_spfp.lib
LOAD C:/ProgramData/MATLAB/SupportPackages/R2024b/3P.instrset/gnuarm-armcortex.instrset/win/bin/../lib/gcc/arm-none-eabi/13.2.1/thumb/v7e-m+fp/hard\libstdc++_nano.a
LOAD C:/ProgramData/MATLAB/SupportPackages/R2024b/3P.instrset/gnuarm-armcortex.instrset/win/bin/../lib/gcc/arm-none-eabi/13.2.1/thumb/v7e-m+fp/hard\libm.a
START GROUP
LOAD C:/ProgramData/MATLAB/SupportPackages/R2024b/3P.instrset/gnuarm-armcortex.instrset/win/bin/../lib/gcc/arm-none-eabi/13.2.1/thumb/v7e-m+fp/hard\libgcc.a
LOAD C:/ProgramData/MATLAB/SupportPackages/R2024b/3P.instrset/gnuarm-armcortex.instrset/win/bin/../lib/gcc/arm-none-eabi/13.2.1/thumb/v7e-m+fp/hard\libg_nano.a
LOAD C:/ProgramData/MATLAB/SupportPackages/R2024b/3P.instrset/gnuarm-armcortex.instrset/win/bin/../lib/gcc/arm-none-eabi/13.2.1/thumb/v7e-m+fp/hard\libc_nano.a
END GROUP
START GROUP
LOAD C:/ProgramData/MATLAB/SupportPackages/R2024b/3P.instrset/gnuarm-armcortex.instrset/win/bin/../lib/gcc/arm-none-eabi/13.2.1/thumb/v7e-m+fp/hard\libgcc.a
LOAD C:/ProgramData/MATLAB/SupportPackages/R2024b/3P.instrset/gnuarm-armcortex.instrset/win/bin/../lib/gcc/arm-none-eabi/13.2.1/thumb/v7e-m+fp/hard\libc_nano.a
LOAD C:/ProgramData/MATLAB/SupportPackages/R2024b/3P.instrset/gnuarm-armcortex.instrset/win/bin/../lib/gcc/arm-none-eabi/13.2.1/thumb/v7e-m+fp/hard\libnosys.a
END GROUP
START GROUP
LOAD C:/ProgramData/MATLAB/SupportPackages/R2024b/3P.instrset/gnuarm-armcortex.instrset/win/bin/../lib/gcc/arm-none-eabi/13.2.1/thumb/v7e-m+fp/hard\libgcc.a
LOAD C:/ProgramData/MATLAB/SupportPackages/R2024b/3P.instrset/gnuarm-armcortex.instrset/win/bin/../lib/gcc/arm-none-eabi/13.2.1/thumb/v7e-m+fp/hard\libc_nano.a
LOAD C:/ProgramData/MATLAB/SupportPackages/R2024b/3P.instrset/gnuarm-armcortex.instrset/win/bin/../lib/gcc/arm-none-eabi/13.2.1/thumb/v7e-m+fp/hard\libnosys.a
END GROUP
LOAD C:/ProgramData/MATLAB/SupportPackages/R2024b/3P.instrset/gnuarm-armcortex.instrset/win/bin/../lib/gcc/arm-none-eabi/13.2.1/thumb/v7e-m+fp/hard/crtend.o
LOAD C:/ProgramData/MATLAB/SupportPackages/R2024b/3P.instrset/gnuarm-armcortex.instrset/win/bin/../lib/gcc/arm-none-eabi/13.2.1/thumb/v7e-m+fp/hard/crtn.o
                0x20020000                        _estack = (ORIGIN (RAM) + LENGTH (RAM))
                0x00000200                        _Min_Heap_Size = 0x200
                0x00000400                        _Min_Stack_Size = 0x400

.isr_vector     0x08000000      0x1d8
                0x08000000                        . = ALIGN (0x4)
 *(.isr_vector)
 .isr_vector    0x08000000      0x1d8 startup_stm32g474retx.o
                0x08000000                g_pfnVectors
                0x080001d8                        . = ALIGN (0x4)

.text           0x080001d8     0xda38
                0x080001d8                        . = ALIGN (0x4)
 *(.text)
 .text          0x080001d8      0x378 C:/ProgramData/MATLAB/SupportPackages/R2024b/3P.instrset/gnuarm-armcortex.instrset/win/bin/../lib/gcc/arm-none-eabi/13.2.1/thumb/v7e-m+fp/hard\libgcc.a(_arm_addsubdf3.o)
                0x080001d8                __aeabi_drsub
                0x080001e0                __aeabi_dsub
                0x080001e0                __subdf3
                0x080001e4                __aeabi_dadd
                0x080001e4                __adddf3
                0x0800045c                __floatunsidf
                0x0800045c                __aeabi_ui2d
                0x0800047c                __floatsidf
                0x0800047c                __aeabi_i2d
                0x080004a0                __aeabi_f2d
                0x080004a0                __extendsfdf2
                0x080004e4                __floatundidf
                0x080004e4                __aeabi_ul2d
                0x080004f4                __floatdidf
                0x080004f4                __aeabi_l2d
 .text          0x08000550      0x424 C:/ProgramData/MATLAB/SupportPackages/R2024b/3P.instrset/gnuarm-armcortex.instrset/win/bin/../lib/gcc/arm-none-eabi/13.2.1/thumb/v7e-m+fp/hard\libgcc.a(_arm_muldivdf3.o)
                0x08000550                __aeabi_dmul
                0x08000550                __muldf3
                0x080007a4                __divdf3
                0x080007a4                __aeabi_ddiv
 .text          0x08000974      0x110 C:/ProgramData/MATLAB/SupportPackages/R2024b/3P.instrset/gnuarm-armcortex.instrset/win/bin/../lib/gcc/arm-none-eabi/13.2.1/thumb/v7e-m+fp/hard\libgcc.a(_arm_cmpdf2.o)
                0x08000974                __gtdf2
                0x08000974                __gedf2
                0x0800097c                __ltdf2
                0x0800097c                __ledf2
                0x08000984                __nedf2
                0x08000984                __eqdf2
                0x08000984                __cmpdf2
                0x08000a00                __aeabi_cdrcmple
                0x08000a10                __aeabi_cdcmpeq
                0x08000a10                __aeabi_cdcmple
                0x08000a20                __aeabi_dcmpeq
                0x08000a34                __aeabi_dcmplt
                0x08000a48                __aeabi_dcmple
                0x08000a5c                __aeabi_dcmpge
                0x08000a70                __aeabi_dcmpgt
 .text          0x08000a84       0x2c C:/ProgramData/MATLAB/SupportPackages/R2024b/3P.instrset/gnuarm-armcortex.instrset/win/bin/../lib/gcc/arm-none-eabi/13.2.1/thumb/v7e-m+fp/hard\libgcc.a(_arm_unorddf2.o)
                0x08000a84                __unorddf2
                0x08000a84                __aeabi_dcmpun
 .text          0x08000ab0       0x40 C:/ProgramData/MATLAB/SupportPackages/R2024b/3P.instrset/gnuarm-armcortex.instrset/win/bin/../lib/gcc/arm-none-eabi/13.2.1/thumb/v7e-m+fp/hard\libgcc.a(_arm_fixunsdfsi.o)
                0x08000ab0                __aeabi_d2uiz
                0x08000ab0                __fixunsdfsi
 .text          0x08000af0       0x30 C:/ProgramData/MATLAB/SupportPackages/R2024b/3P.instrset/gnuarm-armcortex.instrset/win/bin/../lib/gcc/arm-none-eabi/13.2.1/thumb/v7e-m+fp/hard\libgcc.a(_aeabi_uldivmod.o)
                0x08000af0                __aeabi_uldivmod
 .text          0x08000b20        0x4 C:/ProgramData/MATLAB/SupportPackages/R2024b/3P.instrset/gnuarm-armcortex.instrset/win/bin/../lib/gcc/arm-none-eabi/13.2.1/thumb/v7e-m+fp/hard\libgcc.a(_dvmd_tls.o)
                0x08000b20                __aeabi_idiv0
                0x08000b20                __aeabi_ldiv0
 *(.text*)
 .text.deregister_tm_clones
                0x08000b24       0x1c C:/ProgramData/MATLAB/SupportPackages/R2024b/3P.instrset/gnuarm-armcortex.instrset/win/bin/../lib/gcc/arm-none-eabi/13.2.1/thumb/v7e-m+fp/hard/crtbegin.o
 .text.register_tm_clones
                0x08000b40       0x24 C:/ProgramData/MATLAB/SupportPackages/R2024b/3P.instrset/gnuarm-armcortex.instrset/win/bin/../lib/gcc/arm-none-eabi/13.2.1/thumb/v7e-m+fp/hard/crtbegin.o
 .text.__do_global_dtors_aux
                0x08000b64       0x28 C:/ProgramData/MATLAB/SupportPackages/R2024b/3P.instrset/gnuarm-armcortex.instrset/win/bin/../lib/gcc/arm-none-eabi/13.2.1/thumb/v7e-m+fp/hard/crtbegin.o
 .text.frame_dummy
                0x08000b8c       0x24 C:/ProgramData/MATLAB/SupportPackages/R2024b/3P.instrset/gnuarm-armcortex.instrset/win/bin/../lib/gcc/arm-none-eabi/13.2.1/thumb/v7e-m+fp/hard/crtbegin.o
 .text.LL_TIM_GetCounterMode
                0x08000bb0       0x30 stm_timer_ll.o
 .text.LL_TIM_GetCounter
                0x08000be0       0x18 stm_timer_ll.o
 .text.LL_TIM_GetRepetitionCounter
                0x08000bf8       0x18 stm_timer_ll.o
 .text.LL_TIM_CC_EnableChannel
                0x08000c10       0x22 stm_timer_ll.o
 .text.LL_TIM_CC_DisableChannel
                0x08000c32       0x24 stm_timer_ll.o
 .text.LL_TIM_EnableAllOutputs
                0x08000c56       0x20 stm_timer_ll.o
 .text.LL_TIM_IsActiveFlag_IDX
                0x08000c76       0x28 stm_timer_ll.o
 .text.LL_TIM_EnableIT_UPDATE
                0x08000c9e       0x20 stm_timer_ll.o
 .text.LL_TIM_DisableIT_UPDATE
                0x08000cbe       0x20 stm_timer_ll.o
 .text.LL_TIM_IsEnabledIT_UPDATE
                0x08000cde       0x26 stm_timer_ll.o
 .text.LL_TIM_EnableIT_CC1
                0x08000d04       0x20 stm_timer_ll.o
 .text.LL_TIM_DisableIT_CC1
                0x08000d24       0x20 stm_timer_ll.o
 .text.LL_TIM_IsEnabledIT_CC1
                0x08000d44       0x26 stm_timer_ll.o
 .text.LL_TIM_EnableIT_CC2
                0x08000d6a       0x20 stm_timer_ll.o
 .text.LL_TIM_DisableIT_CC2
                0x08000d8a       0x20 stm_timer_ll.o
 .text.LL_TIM_IsEnabledIT_CC2
                0x08000daa       0x26 stm_timer_ll.o
 .text.LL_TIM_EnableIT_CC3
                0x08000dd0       0x20 stm_timer_ll.o
 .text.LL_TIM_DisableIT_CC3
                0x08000df0       0x20 stm_timer_ll.o
 .text.LL_TIM_IsEnabledIT_CC3
                0x08000e10       0x26 stm_timer_ll.o
 .text.LL_TIM_EnableIT_CC4
                0x08000e36       0x20 stm_timer_ll.o
 .text.LL_TIM_DisableIT_CC4
                0x08000e56       0x20 stm_timer_ll.o
 .text.LL_TIM_IsEnabledIT_CC4
                0x08000e76       0x26 stm_timer_ll.o
 .text.LL_TIM_EnableIT_COM
                0x08000e9c       0x20 stm_timer_ll.o
 .text.LL_TIM_DisableIT_COM
                0x08000ebc       0x20 stm_timer_ll.o
 .text.LL_TIM_IsEnabledIT_COM
                0x08000edc       0x26 stm_timer_ll.o
 .text.LL_TIM_EnableIT_TRIG
                0x08000f02       0x20 stm_timer_ll.o
 .text.LL_TIM_DisableIT_TRIG
                0x08000f22       0x20 stm_timer_ll.o
 .text.LL_TIM_IsEnabledIT_TRIG
                0x08000f42       0x26 stm_timer_ll.o
 .text.LL_TIM_EnableIT_BRK
                0x08000f68       0x20 stm_timer_ll.o
 .text.LL_TIM_DisableIT_BRK
                0x08000f88       0x20 stm_timer_ll.o
 .text.LL_TIM_IsEnabledIT_BRK
                0x08000fa8       0x26 stm_timer_ll.o
 .text.LL_TIM_EnableIT_TERR
                0x08000fce       0x20 stm_timer_ll.o
 .text.LL_TIM_DisableIT_TERR
                0x08000fee       0x20 stm_timer_ll.o
 .text.LL_TIM_IsEnabledIT_TERR
                0x0800100e       0x28 stm_timer_ll.o
 .text.LL_TIM_EnableIT_IERR
                0x08001036       0x20 stm_timer_ll.o
 .text.LL_TIM_DisableIT_IERR
                0x08001056       0x20 stm_timer_ll.o
 .text.LL_TIM_IsEnabledIT_IERR
                0x08001076       0x28 stm_timer_ll.o
 .text.LL_TIM_EnableIT_DIR
                0x0800109e       0x20 stm_timer_ll.o
 .text.LL_TIM_DisableIT_DIR
                0x080010be       0x20 stm_timer_ll.o
 .text.LL_TIM_IsEnabledIT_DIR
                0x080010de       0x28 stm_timer_ll.o
 .text.LL_TIM_EnableIT_IDX
                0x08001106       0x20 stm_timer_ll.o
 .text.LL_TIM_DisableIT_IDX
                0x08001126       0x20 stm_timer_ll.o
 .text.LL_TIM_IsEnabledIT_IDX
                0x08001146       0x28 stm_timer_ll.o
 .text.TIM_IsActiveFlagIDX
                0x0800116e       0x34 stm_timer_ll.o
                0x0800116e                TIM_IsActiveFlagIDX
 .text.enableTimerInterrupts
                0x080011a2      0x1c4 stm_timer_ll.o
                0x080011a2                enableTimerInterrupts
 .text.disableTimerInterrupts
                0x08001366      0x1c4 stm_timer_ll.o
                0x08001366                disableTimerInterrupts
 *fill*         0x0800152a        0x2 
 .text.enableTimerChannel1
                0x0800152c       0xb0 stm_timer_ll.o
                0x0800152c                enableTimerChannel1
 .text.disableTimerChannel1
                0x080015dc       0xb0 stm_timer_ll.o
                0x080015dc                disableTimerChannel1
 .text.enableTimerChannel2
                0x0800168c       0xb0 stm_timer_ll.o
                0x0800168c                enableTimerChannel2
 .text.disableTimerChannel2
                0x0800173c       0xb0 stm_timer_ll.o
                0x0800173c                disableTimerChannel2
 .text.Timer_Handle_Init
                0x080017ec      0x140 stm_timer_ll.o
                0x080017ec                Timer_Handle_Init
 .text.getTimerCounterValueForG4
                0x0800192c       0x64 stm_timer_ll.o
                0x0800192c                getTimerCounterValueForG4
 .text.extmodeParseArgs
                0x08001990       0x1e xcp_ext_mode.o
                0x08001990                extmodeParseArgs
 *fill*         0x080019ae        0x2 
 .text.extmodeInit
                0x080019b0      0x128 xcp_ext_mode.o
                0x080019b0                extmodeInit
 .text.extmodeWaitForHostRequest
                0x08001ad8       0xcc xcp_ext_mode.o
                0x08001ad8                extmodeWaitForHostRequest
 .text.extmodeEvent
                0x08001ba4       0xfc xcp_ext_mode.o
                0x08001ba4                extmodeEvent
 .text.extmodeBackgroundRun
                0x08001ca0       0x20 xcp_ext_mode.o
                0x08001ca0                extmodeBackgroundRun
 .text.extmodeReset
                0x08001cc0       0x40 xcp_ext_mode.o
                0x08001cc0                extmodeReset
 .text.extmodeStopRequested
                0x08001d00       0x18 xcp_ext_mode.o
                0x08001d00                extmodeStopRequested
 .text.extmodeSimulationComplete
                0x08001d18       0x18 xcp_ext_mode.o
                0x08001d18                extmodeSimulationComplete
 .text.LL_TIM_EnableCounter
                0x08001d30       0x20 QEI.o
 .text.LL_TIM_DisableCounter
                0x08001d50       0x20 QEI.o
 .text.LL_TIM_SetUpdateSource
                0x08001d70       0x26 QEI.o
 .text.LL_TIM_GetUpdateSource
                0x08001d96       0x1c QEI.o
 .text.LL_TIM_GetDirection
                0x08001db2       0x1c QEI.o
 .text.LL_TIM_SetRepetitionCounter
                0x08001dce       0x1c QEI.o
 .text.LL_TIM_GenerateEvent_UPDATE
                0x08001dea       0x20 QEI.o
 .text.LL_GPIO_ReadInputPort
                0x08001e0a       0x18 QEI.o
 *fill*         0x08001e22        0x2 
 .text.isSlaveTriggerModeEnabled
                0x08001e24       0x30 QEI.o
 .text.enableCounter
                0x08001e54      0x118 QEI.o
 .text.ouputDirectionOfCounter
                0x08001f6c       0x26 QEI.o
 .text.disableCounter
                0x08001f92       0x1a QEI.o
 .text.rt_roundd_snf
                0x08001fac       0xe0 QEI.o
                0x08001fac                rt_roundd_snf
 .text.QEI_SystemCore_setup
                0x0800208c       0x94 QEI.o
 .text.QEI_SystemCore_setup_l
                0x08002120       0x94 QEI.o
 .text.QEI_SystemCore_setup_l0
                0x080021b4       0x94 QEI.o
 .text.QEI_step
                0x08002248      0x5b0 QEI.o
                0x08002248                QEI_step
 .text.QEI_initialize
                0x080027f8      0x120 QEI.o
                0x080027f8                QEI_initialize
 .text.QEI_terminate
                0x08002918      0x114 QEI.o
                0x08002918                QEI_terminate
 .text.rt_OneStep
                0x08002a2c       0x78 ert_main.o
                0x08002a2c                rt_OneStep
 .text.main     0x08002aa4      0x18c ert_main.o
                0x08002aa4                main
 .text.xcp_void_printf
                0x08002c30       0x12 xcp_ext_common.o
                0x08002c30                xcp_void_printf
 .text.xcpCopyTimeValue
                0x08002c42       0x26 xcp_ext_common.o
 .text.xcpExtModeUpdateTime
                0x08002c68      0x13c xcp_ext_common.o
                0x08002c68                xcpExtModeUpdateTime
 .text.xcpExtModeInit
                0x08002da4       0xb0 xcp_ext_common.o
                0x08002da4                xcpExtModeInit
 .text.xcpExtModeRunBackground
                0x08002e54      0x13c xcp_ext_common.o
                0x08002e54                xcpExtModeRunBackground
 .text.xcpExtModeReset
                0x08002f90      0x128 xcp_ext_common.o
                0x08002f90                xcpExtModeReset
 .text.sampleSignalTrigger
                0x080030b8      0x1b4 xcp_ext_classic_trigger.o
 .text.updateTriggerStatus
                0x0800326c      0x2b8 xcp_ext_classic_trigger.o
 .text.xcpExtModeClassicTriggerInit
                0x08003524       0x68 xcp_ext_classic_trigger.o
                0x08003524                xcpExtModeClassicTriggerInit
 .text.xcpExtModeClassicTriggerEnabled
                0x0800358c      0x100 xcp_ext_classic_trigger.o
                0x0800358c                xcpExtModeClassicTriggerEnabled
 .text.xcpExtModeClassicTriggerReset
                0x0800368c       0xf4 xcp_ext_classic_trigger.o
                0x0800368c                xcpExtModeClassicTriggerReset
 .text.xcpExtModeClassicTriggerForceEnableStatusUpdate
                0x08003780       0x78 xcp_ext_classic_trigger.o
                0x08003780                xcpExtModeClassicTriggerForceEnableStatusUpdate
 .text.msgBufferRealloc
                0x080037f8       0x72 xcp.o
 *fill*         0x0800386a        0x2 
 .text.discardInputPacketHandler
                0x0800386c       0x3c xcp.o
 .text.unknownInputPacketHandler
                0x080038a8       0x34 xcp.o
 .text.xcpGetPacketGroupID
                0x080038dc       0x74 xcp.o
 .text.xcpGetPacketHandlers
                0x08003950      0x124 xcp.o
 .text.xcpStatusSet
                0x08003a74       0x20 xcp.o
                0x08003a74                xcpStatusSet
 .text.xcpSessionStatusGet
                0x08003a94       0x18 xcp.o
                0x08003a94                xcpSessionStatusGet
 .text.xcpSessionStatusSetMask
                0x08003aac       0x28 xcp.o
                0x08003aac                xcpSessionStatusSetMask
 .text.xcpSessionStatusClearMask
                0x08003ad4       0x34 xcp.o
                0x08003ad4                xcpSessionStatusClearMask
 .text.xcpResourceProtectionStatusGet
                0x08003b08       0x18 xcp.o
                0x08003b08                xcpResourceProtectionStatusGet
 .text.xcpSessionConfigurationIdGet
                0x08003b20       0x18 xcp.o
                0x08003b20                xcpSessionConfigurationIdGet
 .text.genericOutputPacketHandler
                0x08003b38      0x11c xcp.o
                0x08003b38                genericOutputPacketHandler
 .text.xcpFindPacket
                0x08003c54       0x6e xcp.o
                0x08003c54                xcpFindPacket
 *fill*         0x08003cc2        0x2 
 .text.xcpInit  0x08003cc4       0x64 xcp.o
                0x08003cc4                xcpInit
 .text.xcpRun   0x08003d28      0x194 xcp.o
                0x08003d28                xcpRun
 .text.xcpEvent
                0x08003ebc       0x50 xcp.o
                0x08003ebc                xcpEvent
 .text.xcpGetStatus
                0x08003f0c       0x18 xcp.o
                0x08003f0c                xcpGetStatus
 .text.xcpReset
                0x08003f24       0x40 xcp.o
                0x08003f24                xcpReset
 .text.xcpPackedModeEventsFlush
                0x08003f64       0x1e xcp.o
                0x08003f64                xcpPackedModeEventsFlush
 .text.xcpPackedModeEventReset
                0x08003f82       0x2a xcp.o
                0x08003f82                xcpPackedModeEventReset
 .text.isValidUploadSize
                0x08003fac       0x30 xcp_standard.o
 .text.xcpMemcpyFromMTA
                0x08003fdc       0x38 xcp_standard.o
 .text.connectInputPacketHandler
                0x08004014       0xa4 xcp_standard.o
 .text.connectOutputPacketHandler
                0x080040b8       0xd4 xcp_standard.o
 .text.disconnectInputPacketHandler
                0x0800418c       0x54 xcp_standard.o
 .text.getStatusInputPacketHandler
                0x080041e0       0x28 xcp_standard.o
 .text.getStatusOutputPacketHandler
                0x08004208       0x80 xcp_standard.o
 .text.synchInputPacketHandler
                0x08004288       0x44 xcp_standard.o
 .text.setMTAInputPacketHandler
                0x080042cc       0x78 xcp_standard.o
 .text.uploadInputPacketHandler
                0x08004344       0x98 xcp_standard.o
 .text.uploadOutputPacketHandler
                0x080043dc       0x9c xcp_standard.o
 .text.shortUploadInputPacketHandler
                0x08004478       0xa4 xcp_standard.o
 .text.shortUploadOutputPacketHandler
                0x0800451c       0x9c xcp_standard.o
 .text.getPacket
                0x080045b8       0x24 xcp_standard.o
 .text.xcpStandardInit
                0x080045dc       0x18 xcp_standard.o
                0x080045dc                xcpStandardInit
 .text.xcpStandardGetPacketLookup
                0x080045f4       0x18 xcp_standard.o
                0x080045f4                xcpStandardGetPacketLookup
 .text.xcpStandardSetPacketLookup
                0x0800460c       0x20 xcp_standard.o
                0x0800460c                xcpStandardSetPacketLookup
 .text.xcpStandardReset
                0x0800462c       0x12 xcp_standard.o
                0x0800462c                xcpStandardReset
 *fill*         0x0800463e        0x2 
 .text.xcpStandardGetAddressFromMta
                0x08004640       0x18 xcp_standard.o
                0x08004640                xcpStandardGetAddressFromMta
 .text.xcpStandardSetMta
                0x08004658       0x3c xcp_standard.o
                0x08004658                xcpStandardSetMta
 .text.xcpStandardIncrementMta
                0x08004694       0x28 xcp_standard.o
                0x08004694                xcpStandardIncrementMta
 .text.xcpStandardExtendedInit
                0x080046bc        0xe xcp_standard.o
                0x080046bc                xcpStandardExtendedInit
 .text.xcpStandardExtendedReset
                0x080046ca        0xe xcp_standard.o
                0x080046ca                xcpStandardExtendedReset
 .text.xcpDaqWriteLock
                0x080046d8       0x4c xcp_daq.o
 .text.xcpDaqWriteUnlock
                0x08004724       0x20 xcp_daq.o
 .text.xcpDaqReadLock
                0x08004744       0x38 xcp_daq.o
 .text.xcpDaqReadUnlock
                0x0800477c       0x38 xcp_daq.o
 .text.isActiveDaqList
                0x080047b4       0x50 xcp_daq.o
 .text.noActiveDaqLists
                0x08004804       0x50 xcp_daq.o
 .text.isValidDaqPtr
                0x08004854       0xb8 xcp_daq.o
 .text.isValidDaqEntry
                0x0800490c       0x36 xcp_daq.o
 .text.isSupportedDaqListMode
                0x08004942       0x26 xcp_daq.o
 .text.isValidStartStopMode
                0x08004968       0x32 xcp_daq.o
 .text.isValidStartStopSynchMode
                0x0800499a       0x32 xcp_daq.o
 .text.absoluteOdtNumberIdentification
                0x080049cc       0x10 xcp_daq.o
 .text.isDaqPackedModeEnabled
                0x080049dc       0x6c xcp_daq.o
 .text.odtPacketSize
                0x08004a48       0x54 xcp_daq.o
 .text.createDaqReservedPool
                0x08004a9c       0x88 xcp_daq.o
 .text.destroyDaqReservedPool
                0x08004b24       0x2c xcp_daq.o
 .text.setDaqPtrInputPacketHandler
                0x08004b50       0xdc xcp_daq.o
 .text.writeDaqInputPacketHandler
                0x08004c2c      0x198 xcp_daq.o
 .text.setDaqListModeInputPacketHandler
                0x08004dc4      0x1c8 xcp_daq.o
 .text.startStopDaqListInputPacketHandler
                0x08004f8c      0x3f4 xcp_daq.o
 .text.startStopDaqListOutputPacketHandler
                0x08005380       0x5c xcp_daq.o
 .text.startStopSynchInputPacketHandler
                0x080053dc      0x328 xcp_daq.o
 .text.getDaqProcessorInfoInputPacketHandler
                0x08005704       0x28 xcp_daq.o
 .text.getDaqProcessorInfoOutputPacketHandler
                0x0800572c       0xac xcp_daq.o
 .text.getDaqResolutionInfoInputPacketHandler
                0x080057d8       0x28 xcp_daq.o
 .text.getDaqResolutionInfoOutputPacketHandler
                0x08005800       0xb8 xcp_daq.o
 .text.freeDaqInputPacketHandler
                0x080058b8       0x5c xcp_daq.o
 .text.allocDaqInputPacketHandler
                0x08005914      0x18c xcp_daq.o
 .text.allocOdtInputPacketHandler
                0x08005aa0      0x1c0 xcp_daq.o
 .text.allocOdtEntryInputPacketHandler
                0x08005c60      0x270 xcp_daq.o
 .text.getDaqClockInputPacketHandler
                0x08005ed0       0x22 xcp_daq.o
 *fill*         0x08005ef2        0x2 
 .text.setDaqPackedModeInputPacketHandler
                0x08005ef4      0x21c xcp_daq.o
 .text.level1CommandInputPacketHandler
                0x08006110       0x64 xcp_daq.o
 .text.getPacket
                0x08006174       0x24 xcp_daq.o
 .text.xcpDaqInit
                0x08006198       0x38 xcp_daq.o
                0x08006198                xcpDaqInit
 .text.xcpDaqGetPacketLookup
                0x080061d0       0x18 xcp_daq.o
                0x080061d0                xcpDaqGetPacketLookup
 .text.xcpDaqSetPacketLookup
                0x080061e8       0x20 xcp_daq.o
                0x080061e8                xcpDaqSetPacketLookup
 .text.xcpResetDaq
                0x08006208       0xa4 xcp_daq.o
 .text.daqWriteXCPDataForOdt
                0x080062ac       0x7c xcp_daq.o
 .text.odtWriteEntries
                0x08006328       0x9c xcp_daq.o
 .text.xcpProcessDaq
                0x080063c4      0x208 xcp_daq.o
 .text.xcpDaqEvent
                0x080065cc      0x108 xcp_daq.o
                0x080065cc                xcpDaqEvent
 .text.xcpDaqEventsFlush
                0x080066d4      0x284 xcp_daq.o
                0x080066d4                xcpDaqEventsFlush
 .text.xcpDaqLock
                0x08006958       0x1e xcp_daq.o
                0x08006958                xcpDaqLock
 .text.xcpDaqUnlock
                0x08006976        0xe xcp_daq.o
                0x08006976                xcpDaqUnlock
 .text.xcpResetDaqListStatus
                0x08006984      0x19c xcp_daq.o
                0x08006984                xcpResetDaqListStatus
 .text.xcpDaqReset
                0x08006b20       0x20 xcp_daq.o
                0x08006b20                xcpDaqReset
 .text.xcpDaqExtendedInit
                0x08006b40        0xe xcp_daq.o
                0x08006b40                xcpDaqExtendedInit
 .text.xcpDaqExtendedReset
                0x08006b4e        0xe xcp_daq.o
                0x08006b4e                xcpDaqExtendedReset
 .text.isValidShortDownloadSize
                0x08006b5c       0x34 xcp_calibration.o
 .text.isValidDownloadSize
                0x08006b90       0x3a xcp_calibration.o
 *fill*         0x08006bca        0x2 
 .text.xcpMemcpyToMTA
                0x08006bcc       0x34 xcp_calibration.o
 .text.downloadInputPacketHandler
                0x08006c00       0xb0 xcp_calibration.o
 .text.shortDownloadInputPacketHandler
                0x08006cb0       0xb8 xcp_calibration.o
 .text.getPacket
                0x08006d68       0x24 xcp_calibration.o
 .text.xcpCalibrationInit
                0x08006d8c       0x14 xcp_calibration.o
                0x08006d8c                xcpCalibrationInit
 .text.xcpCalibrationGetPacketLookup
                0x08006da0       0x18 xcp_calibration.o
                0x08006da0                xcpCalibrationGetPacketLookup
 .text.xcpCalibrationSetPacketLookup
                0x08006db8       0x20 xcp_calibration.o
                0x08006db8                xcpCalibrationSetPacketLookup
 .text.xcpCalibrationReset
                0x08006dd8        0xe xcp_calibration.o
                0x08006dd8                xcpCalibrationReset
 .text.xcpFifoInit
                0x08006de6       0x20 xcp_fifo.o
                0x08006de6                xcpFifoInit
 .text.xcpFifoEnqueue
                0x08006e06       0x2a xcp_fifo.o
                0x08006e06                xcpFifoEnqueue
 .text.xcpFifoDequeue
                0x08006e30       0x3e xcp_fifo.o
                0x08006e30                xcpFifoDequeue
 .text.xcpFifoEnqueueHead
                0x08006e6e       0x32 xcp_fifo.o
                0x08006e6e                xcpFifoEnqueueHead
 .text.xcpFifoReset
                0x08006ea0       0x16 xcp_fifo.o
                0x08006ea0                xcpFifoReset
 *fill*         0x08006eb6        0x2 
 .text.xcpTransportEmptyTxFifo
                0x08006eb8       0x6c xcp_transport.o
 .text.xcpTransportEmptyRxFifo
                0x08006f24       0x6c xcp_transport.o
 .text.xcpTransportInit
                0x08006f90      0x138 xcp_transport.o
                0x08006f90                xcpTransportInit
 .text.xcpTransportTxReady
                0x080070c8       0x1a xcp_transport.o
                0x080070c8                xcpTransportTxReady
 .text.xcpTransportTxTrigger
                0x080070e2       0x1a xcp_transport.o
                0x080070e2                xcpTransportTxTrigger
 .text.xcpTransportTxPacketSet
                0x080070fc      0x144 xcp_transport.o
                0x080070fc                xcpTransportTxPacketSet
 .text.xcpTransportTx
                0x08007240       0xec xcp_transport.o
                0x08007240                xcpTransportTx
 .text.xcpTransportRx
                0x0800732c       0x80 xcp_transport.o
                0x0800732c                xcpTransportRx
 .text.xcpTransportRxPacketGet
                0x080073ac      0x12c xcp_transport.o
                0x080073ac                xcpTransportRxPacketGet
 .text.xcpTransportPacketOffset
                0x080074d8       0x20 xcp_transport.o
                0x080074d8                xcpTransportPacketOffset
 .text.xcpTransportMsgBufferSize
                0x080074f8       0x70 xcp_transport.o
                0x080074f8                xcpTransportMsgBufferSize
 .text.xcpTransportMaxDtoSize
                0x08007568        0xe xcp_transport.o
                0x08007568                xcpTransportMaxDtoSize
 .text.xcpTransportMaxCtoSize
                0x08007576        0xe xcp_transport.o
                0x08007576                xcpTransportMaxCtoSize
 .text.xcpTransportRestart
                0x08007584       0x44 xcp_transport.o
                0x08007584                xcpTransportRestart
 .text.xcpTransportResynch
                0x080075c8       0x40 xcp_transport.o
                0x080075c8                xcpTransportResynch
 .text.xcpTransportCtoReservedMemPoolId
                0x08007608       0x18 xcp_transport.o
                0x08007608                xcpTransportCtoReservedMemPoolId
 .text.xcpTransportReset
                0x08007620       0xe4 xcp_transport.o
                0x08007620                xcpTransportReset
 .text.xcpInitializePoolMemoryArea
                0x08007704       0x72 xcp_mem_default.o
 *fill*         0x08007776        0x2 
 .text.xcpMemInit
                0x08007778      0x1d4 xcp_mem_default.o
                0x08007778                xcpMemInit
 .text.xcpMemAlloc
                0x0800794c       0xe8 xcp_mem_default.o
                0x0800794c                xcpMemAlloc
 .text.xcpMemFree
                0x08007a34      0x170 xcp_mem_default.o
                0x08007a34                xcpMemFree
 .text.xcpMemReservedPoolCreate
                0x08007ba4      0x224 xcp_mem_default.o
                0x08007ba4                xcpMemReservedPoolCreate
 .text.xcpMemReservedPoolDestroy
                0x08007dc8      0x158 xcp_mem_default.o
                0x08007dc8                xcpMemReservedPoolDestroy
 .text.xcpMemCustomPoolCreate
                0x08007f20       0xbc xcp_mem_default.o
                0x08007f20                xcpMemCustomPoolCreate
 .text.xcpMemCustomPoolDestroy
                0x08007fdc       0x64 xcp_mem_default.o
                0x08007fdc                xcpMemCustomPoolDestroy
 .text.xcpMemAllocFromPool
                0x08008040      0x170 xcp_mem_default.o
                0x08008040                xcpMemAllocFromPool
 .text.xcpMemReset
                0x080081b0       0x50 xcp_mem_default.o
                0x080081b0                xcpMemReset
 .text.xcpDrvOpen
                0x08008200       0x64 xcp_drv_rtiostream.o
                0x08008200                xcpDrvOpen
 .text.xcpDrvIoctl
                0x08008264       0x4c xcp_drv_rtiostream.o
                0x08008264                xcpDrvIoctl
 .text.xcpDrvSend
                0x080082b0      0x14c xcp_drv_rtiostream.o
                0x080082b0                xcpDrvSend
 .text.xcpDrvRecv
                0x080083fc      0x14c xcp_drv_rtiostream.o
                0x080083fc                xcpDrvRecv
 .text.xcpDrvClose
                0x08008548       0x5c xcp_drv_rtiostream.o
                0x08008548                xcpDrvClose
 .text.xcpSortArray
                0x080085a4       0xcc xcp_utils.o
                0x080085a4                xcpSortArray
 .text.xcpSxiHtons
                0x08008670       0x18 xcp_frame_serial.o
 .text.xcpSxiNtohs
                0x08008688       0x1c xcp_frame_serial.o
 .text.xcpSxiChecksum
                0x080086a4       0x3e xcp_frame_serial.o
                0x080086a4                xcpSxiChecksum
 *fill*         0x080086e2        0x2 
 .text.xcpFrameInit
                0x080086e4       0x70 xcp_frame_serial.o
                0x080086e4                xcpFrameInit
 .text.xcpFrameMsgSend
                0x08008754      0x188 xcp_frame_serial.o
                0x08008754                xcpFrameMsgSend
 .text.xcpFrameMsgRecv
                0x080088dc      0x180 xcp_frame_serial.o
                0x080088dc                xcpFrameMsgRecv
 .text.xcpFrameCreateMsg
                0x08008a5c       0x94 xcp_frame_serial.o
                0x08008a5c                xcpFrameCreateMsg
 .text.xcpFrameExtractPacket
                0x08008af0      0x158 xcp_frame_serial.o
                0x08008af0                xcpFrameExtractPacket
 .text.xcpFrameHeaderSize
                0x08008c48       0x10 xcp_frame_serial.o
                0x08008c48                xcpFrameHeaderSize
 .text.xcpFrameTailSize
                0x08008c58       0x10 xcp_frame_serial.o
                0x08008c58                xcpFrameTailSize
 .text.xcpFrameMaxDtoSize
                0x08008c68       0x12 xcp_frame_serial.o
                0x08008c68                xcpFrameMaxDtoSize
 .text.xcpFrameMaxCtoSize
                0x08008c7a       0x10 xcp_frame_serial.o
                0x08008c7a                xcpFrameMaxCtoSize
 *fill*         0x08008c8a        0x2 
 .text.xcpFrameRestart
                0x08008c8c       0x30 xcp_frame_serial.o
                0x08008c8c                xcpFrameRestart
 .text.xcpFrameSetCtoReservedMemPoolId
                0x08008cbc       0x20 xcp_frame_serial.o
                0x08008cbc                xcpFrameSetCtoReservedMemPoolId
 .text.xcpFrameReset
                0x08008cdc       0x70 xcp_frame_serial.o
                0x08008cdc                xcpFrameReset
 .text.xcpTransportGetInitParameters
                0x08008d4c       0x2e xcp_ext_param_default_serial.o
                0x08008d4c                xcpTransportGetInitParameters
 .text.xcpGetInitParameters
                0x08008d7a       0x2e xcp_ext_param_default_serial.o
                0x08008d7a                xcpGetInitParameters
 .text.HAL_Delay
                0x08008da8       0x2e overrideHALDelay.o
                0x08008da8                HAL_Delay
 *fill*         0x08008dd6        0x2 
 .text.PeriphCommonClock_Config
                0x08008dd8       0x10 platform_timer.o
                0x08008dd8                PeriphCommonClock_Config
 .text.getCurrentTimestampInMicros
                0x08008de8       0x3c platform_timer.o
                0x08008de8                getCurrentTimestampInMicros
 .text.returnTimeElapsed
                0x08008e24       0x2c platform_timer.o
                0x08008e24                returnTimeElapsed
 .text.timestampInit
                0x08008e50       0x28 platform_timer.o
 .text.getCurrentTimestamp
                0x08008e78       0x44 platform_timer.o
                0x08008e78                getCurrentTimestamp
 .text.__NVIC_SetPriority
                0x08008ebc       0x54 SysTickScheduler.o
 .text.SysTick_Config
                0x08008f10       0x44 SysTickScheduler.o
 .text.SysTick_Isr
                0x08008f54       0x48 SysTickScheduler.o
 .text.SysTick_Handler
                0x08008f9c       0x20 SysTickScheduler.o
                0x08008f9c                SysTick_Handler
 .text.ARMCM_SysTick_Config
                0x08008fbc       0xb0 SysTickScheduler.o
                0x08008fbc                ARMCM_SysTick_Config
 .text.PendSV_Handler
                0x0800906c       0x44 m3m4m4f_multitasking.o
                0x0800906c                PendSV_Handler
 .text.SVC_Handler
                0x080090b0       0x58 m3m4m4f_multitasking.o
                0x080090b0                SVC_Handler
 .text.rtIOStreamOpen
                0x08009108       0x44 rtiostream_serial.o
                0x08009108                rtIOStreamOpen
 .text.rtIOStreamSend
                0x0800914c       0x38 rtiostream_serial.o
                0x0800914c                rtIOStreamSend
 .text.rtIOStreamRecv
                0x08009184       0x48 rtiostream_serial.o
                0x08009184                rtIOStreamRecv
 .text.rtIOStreamClose
                0x080091cc       0x20 rtiostream_serial.o
                0x080091cc                rtIOStreamClose
 .text.LL_DMA_GetDataLength
                0x080091ec       0x30 stm_usart.o
 .text.getAvailableDataInBuffer
                0x0800921c       0xcc stm_usart.o
                0x0800921c                getAvailableDataInBuffer
 .text.getBytesToBeReadFromBuffer
                0x080092e8       0x6e stm_usart.o
                0x080092e8                getBytesToBeReadFromBuffer
 *fill*         0x08009356        0x2 
 .text.readDataFromBuffer
                0x08009358       0xdc stm_usart.o
                0x08009358                readDataFromBuffer
 .text.__NVIC_GetPriorityGrouping
                0x08009434       0x1c stm_lpuart.o
 .text.__NVIC_EnableIRQ
                0x08009450       0x3c stm_lpuart.o
 .text.__NVIC_SetPriority
                0x0800948c       0x54 stm_lpuart.o
 .text.NVIC_EncodePriority
                0x080094e0       0x66 stm_lpuart.o
 *fill*         0x08009546        0x2 
 .text.LL_DMA_EnableChannel
                0x08009548       0x44 stm_lpuart.o
 .text.LL_DMA_DisableChannel
                0x0800958c       0x44 stm_lpuart.o
 .text.LL_DMA_GetMode
                0x080095d0       0x34 stm_lpuart.o
 .text.LL_DMA_SetDataLength
                0x08009604       0x4c stm_lpuart.o
 .text.LL_DMA_ConfigAddresses
                0x08009650       0x7c stm_lpuart.o
 .text.LL_DMA_IsActiveFlag_TC1
                0x080096cc       0x26 stm_lpuart.o
 .text.LL_DMA_ClearFlag_TC1
                0x080096f2       0x1a stm_lpuart.o
 .text.LL_DMA_EnableIT_TC
                0x0800970c       0x44 stm_lpuart.o
 .text.LL_DMA_DisableIT_TC
                0x08009750       0x44 stm_lpuart.o
 .text.LL_DMA_IsEnabledIT_TC
                0x08009794       0x3c stm_lpuart.o
 .text.LL_LPUART_Enable
                0x080097d0       0x20 stm_lpuart.o
 .text.LL_LPUART_Disable
                0x080097f0       0x20 stm_lpuart.o
 .text.LL_LPUART_IsEnabled
                0x08009810       0x26 stm_lpuart.o
 .text.LL_LPUART_IsActiveFlag_PE
                0x08009836       0x26 stm_lpuart.o
 .text.LL_LPUART_IsActiveFlag_FE
                0x0800985c       0x26 stm_lpuart.o
 .text.LL_LPUART_IsActiveFlag_NE
                0x08009882       0x26 stm_lpuart.o
 .text.LL_LPUART_IsActiveFlag_ORE
                0x080098a8       0x26 stm_lpuart.o
 .text.LL_LPUART_IsActiveFlag_TC
                0x080098ce       0x26 stm_lpuart.o
 .text.LL_LPUART_IsActiveFlag_TXE_TXFNF
                0x080098f4       0x26 stm_lpuart.o
 .text.LL_LPUART_ClearFlag_PE
                0x0800991a       0x1a stm_lpuart.o
 .text.LL_LPUART_ClearFlag_FE
                0x08009934       0x1a stm_lpuart.o
 .text.LL_LPUART_ClearFlag_NE
                0x0800994e       0x1a stm_lpuart.o
 .text.LL_LPUART_ClearFlag_ORE
                0x08009968       0x1a stm_lpuart.o
 .text.LL_LPUART_EnableIT_RXNE_RXFNE
                0x08009982       0x42 stm_lpuart.o
 .text.LL_LPUART_EnableIT_PE
                0x080099c4       0x42 stm_lpuart.o
 .text.LL_LPUART_EnableIT_ERROR
                0x08009a06       0x46 stm_lpuart.o
 .text.LL_LPUART_DisableIT_RXNE_RXFNE
                0x08009a4c       0x42 stm_lpuart.o
 .text.LL_LPUART_DisableIT_TXE_TXFNF
                0x08009a8e       0x42 stm_lpuart.o
 .text.LL_LPUART_DisableIT_PE
                0x08009ad0       0x42 stm_lpuart.o
 .text.LL_LPUART_DisableIT_ERROR
                0x08009b12       0x46 stm_lpuart.o
 .text.LL_LPUART_EnableDMAReq_RX
                0x08009b58       0x46 stm_lpuart.o
 .text.LL_LPUART_DisableDMAReq_RX
                0x08009b9e       0x46 stm_lpuart.o
 .text.LL_LPUART_EnableDMAReq_TX
                0x08009be4       0x46 stm_lpuart.o
 .text.LL_LPUART_DisableDMAReq_TX
                0x08009c2a       0x46 stm_lpuart.o
 .text.LL_LPUART_DMA_GetRegAddr
                0x08009c70       0x2c stm_lpuart.o
 .text.LL_LPUART_ReceiveData8
                0x08009c9c       0x1a stm_lpuart.o
 .text.LL_LPUART_TransmitData8
                0x08009cb6       0x1e stm_lpuart.o
 .text.LPUART_RXDMAInterruptHandler
                0x08009cd4       0xd4 stm_lpuart.o
                0x08009cd4                LPUART_RXDMAInterruptHandler
 .text.LPUART_IsActiveFlagError
                0x08009da8       0xf4 stm_lpuart.o
                0x08009da8                LPUART_IsActiveFlagError
 .text.LPUART1_IRQHandler
                0x08009e9c       0x14 stm_lpuart.o
                0x08009e9c                LPUART1_IRQHandler
 .text.DMA1_Channel1_IRQHandler
                0x08009eb0       0x20 stm_lpuart.o
                0x08009eb0                DMA1_Channel1_IRQHandler
 .text.LPUART_ConfigureReceiveDMA
                0x08009ed0       0xae stm_lpuart.o
                0x08009ed0                LPUART_ConfigureReceiveDMA
 .text.LPUART_ConfigureTransmitDMA
                0x08009f7e       0x7a stm_lpuart.o
                0x08009f7e                LPUART_ConfigureTransmitDMA
 .text.MW_LPUART_GetReadErrorStatus
                0x08009ff8       0xc8 stm_lpuart.o
                0x08009ff8                MW_LPUART_GetReadErrorStatus
 .text.MW_LPUART_Initialize
                0x0800a0c0      0x170 stm_lpuart.o
                0x0800a0c0                MW_LPUART_Initialize
 .text.MW_LPUART_ReceiveUsingBuffer
                0x0800a230       0x5c stm_lpuart.o
                0x0800a230                MW_LPUART_ReceiveUsingBuffer
 .text.MW_LPUART_TransmitUsingPolling
                0x0800a28c      0x184 stm_lpuart.o
                0x0800a28c                MW_LPUART_TransmitUsingPolling
 .text.MW_LPUART_DeInit
                0x0800a410       0xaa stm_lpuart.o
                0x0800a410                MW_LPUART_DeInit
 .text.sys_arch_protect
                0x0800a4ba       0x22 sys_arch.o
                0x0800a4ba                sys_arch_protect
 .text.sys_arch_unprotect
                0x0800a4dc       0x20 sys_arch.o
                0x0800a4dc                sys_arch_unprotect
 .text.__NVIC_GetPriorityGrouping
                0x0800a4fc       0x1c main.o
 .text.__NVIC_EnableIRQ
                0x0800a518       0x3c main.o
 .text.__NVIC_SetPriority
                0x0800a554       0x54 main.o
 .text.NVIC_EncodePriority
                0x0800a5a8       0x66 main.o
 *fill*         0x0800a60e        0x2 
 .text.LL_DMA_SetDataTransferDirection
                0x0800a610       0x50 main.o
 .text.LL_DMA_SetMode
                0x0800a660       0x4c main.o
 .text.LL_DMA_SetPeriphIncMode
                0x0800a6ac       0x4c main.o
 .text.LL_DMA_SetMemoryIncMode
                0x0800a6f8       0x4c main.o
 .text.LL_DMA_SetPeriphSize
                0x0800a744       0x4c main.o
 .text.LL_DMA_SetMemorySize
                0x0800a790       0x4c main.o
 .text.LL_DMA_SetChannelPriorityLevel
                0x0800a7dc       0x4c main.o
 .text.LL_DMA_SetPeriphRequest
                0x0800a828       0x54 main.o
 .text.LL_LPUART_Enable
                0x0800a87c       0x20 main.o
 .text.LL_LPUART_DisableFIFO
                0x0800a89c       0x20 main.o
 .text.LL_LPUART_SetTXFIFOThreshold
                0x0800a8bc       0x4e main.o
 .text.LL_LPUART_SetRXFIFOThreshold
                0x0800a90a       0x4e main.o
 .text.LL_LPUART_IsActiveFlag_TEACK
                0x0800a958       0x28 main.o
 .text.LL_LPUART_IsActiveFlag_REACK
                0x0800a980       0x28 main.o
 .text.LL_RCC_HSI_Enable
                0x0800a9a8       0x20 main.o
 .text.LL_RCC_HSI_IsReady
                0x0800a9c8       0x28 main.o
 .text.LL_RCC_HSI_SetCalibTrimming
                0x0800a9f0       0x2c main.o
 .text.LL_RCC_SetSysClkSource
                0x0800aa1c       0x28 main.o
 .text.LL_RCC_GetSysClkSource
                0x0800aa44       0x1c main.o
 .text.LL_RCC_SetAHBPrescaler
                0x0800aa60       0x28 main.o
 .text.LL_RCC_SetAPB1Prescaler
                0x0800aa88       0x28 main.o
 .text.LL_RCC_SetAPB2Prescaler
                0x0800aab0       0x28 main.o
 .text.LL_RCC_SetLPUARTClockSource
                0x0800aad8       0x2c main.o
 .text.LL_RCC_PLL_Enable
                0x0800ab04       0x20 main.o
 .text.LL_RCC_PLL_IsReady
                0x0800ab24       0x28 main.o
 .text.LL_RCC_PLL_ConfigDomain_SYS
                0x0800ab4c       0x40 main.o
 .text.LL_RCC_PLL_EnableDomain_SYS
                0x0800ab8c       0x20 main.o
 .text.LL_AHB1_GRP1_EnableClock
                0x0800abac       0x30 main.o
 .text.LL_AHB2_GRP1_EnableClock
                0x0800abdc       0x30 main.o
 .text.LL_APB1_GRP1_EnableClock
                0x0800ac0c       0x30 main.o
 .text.LL_APB1_GRP2_EnableClock
                0x0800ac3c       0x30 main.o
 .text.LL_APB2_GRP1_EnableClock
                0x0800ac6c       0x30 main.o
 .text.LL_SYSCFG_SetEXTISource
                0x0800ac9c       0x70 main.o
 .text.LL_FLASH_SetLatency
                0x0800ad0c       0x28 main.o
 .text.LL_FLASH_GetLatency
                0x0800ad34       0x1c main.o
 .text.LL_PWR_EnableRange1BoostMode
                0x0800ad50       0x24 main.o
 .text.LL_TIM_DisableARRPreload
                0x0800ad74       0x20 main.o
 .text.LL_TIM_IC_SetActiveInput
                0x0800ad94       0xc0 main.o
 .text.LL_TIM_IC_SetPrescaler
                0x0800ae54       0xc0 main.o
 .text.LL_TIM_IC_SetFilter
                0x0800af14       0xc0 main.o
 .text.LL_TIM_IC_SetPolarity
                0x0800afd4       0xac main.o
 .text.LL_TIM_SetEncoderMode
                0x0800b080       0x2a main.o
 .text.LL_TIM_SetTriggerOutput
                0x0800b0aa       0x2a main.o
 .text.LL_TIM_SetTriggerOutput2
                0x0800b0d4       0x26 main.o
 .text.LL_TIM_DisableMasterSlaveMode
                0x0800b0fa       0x20 main.o
 .text.LL_GPIO_SetPinMode
                0x0800b11a       0x7a main.o
 .text.LL_GPIO_SetPinPull
                0x0800b194       0x7a main.o
 .text.LL_GPIO_ResetOutputPin
                0x0800b20e       0x1c main.o
 *fill*         0x0800b22a        0x2 
 .text.SystemClock_Config
                0x0800b22c       0xb0 main.o
                0x0800b22c                SystemClock_Config
 .text.MX_LPUART1_UART_Init
                0x0800b2dc      0x148 main.o
                0x0800b2dc                MX_LPUART1_UART_Init
 .text.MX_TIM3_Init
                0x0800b424      0x114 main.o
                0x0800b424                MX_TIM3_Init
 .text.MX_TIM4_Init
                0x0800b538      0x118 main.o
                0x0800b538                MX_TIM4_Init
 .text.MX_TIM8_Init
                0x0800b650      0x134 main.o
                0x0800b650                MX_TIM8_Init
 .text.MX_DMA_Init
                0x0800b784       0x34 main.o
                0x0800b784                MX_DMA_Init
 .text.MX_GPIO_Init
                0x0800b7b8      0x108 main.o
                0x0800b7b8                MX_GPIO_Init
 .text.HAL_TIM_PeriodElapsedCallback
                0x0800b8c0       0x1e main.o
                0x0800b8c0                HAL_TIM_PeriodElapsedCallback
 .text.Error_Handler
                0x0800b8de        0xc main.o
                0x0800b8de                Error_Handler
 *fill*         0x0800b8ea        0x2 
 .text.LL_EXTI_IsActiveFlag_0_31
                0x0800b8ec       0x2c stm32g4xx_it.o
 .text.LL_EXTI_ClearFlag_0_31
                0x0800b918       0x20 stm32g4xx_it.o
 .text.NMI_Handler
                0x0800b938        0x8 stm32g4xx_it.o
                0x0800b938                NMI_Handler
 .text.HardFault_Handler
                0x0800b940        0x8 stm32g4xx_it.o
                0x0800b940                HardFault_Handler
 .text.MemManage_Handler
                0x0800b948        0x8 stm32g4xx_it.o
                0x0800b948                MemManage_Handler
 .text.BusFault_Handler
                0x0800b950        0x8 stm32g4xx_it.o
                0x0800b950                BusFault_Handler
 .text.UsageFault_Handler
                0x0800b958        0x8 stm32g4xx_it.o
                0x0800b958                UsageFault_Handler
 .text.DebugMon_Handler
                0x0800b960        0xe stm32g4xx_it.o
                0x0800b960                DebugMon_Handler
 *fill*         0x0800b96e        0x2 
 .text.TIM2_IRQHandler
                0x0800b970       0x14 stm32g4xx_it.o
                0x0800b970                TIM2_IRQHandler
 .text.EXTI15_10_IRQHandler
                0x0800b984       0x1e stm32g4xx_it.o
                0x0800b984                EXTI15_10_IRQHandler
 *fill*         0x0800b9a2        0x2 
 .text.HAL_MspInit
                0x0800b9a4       0x48 stm32g4xx_hal_msp.o
                0x0800b9a4                HAL_MspInit
 .text.HAL_InitTick
                0x0800b9ec       0xd8 stm32g4xx_hal_timebase_tim.o
                0x0800b9ec                HAL_InitTick
 .text.LL_SetSystemCoreClock
                0x0800bac4       0x20 stm32g4xx_ll_utils.o
                0x0800bac4                LL_SetSystemCoreClock
 .text.LL_EXTI_EnableIT_0_31
                0x0800bae4       0x24 stm32g4xx_ll_exti.o
 .text.LL_EXTI_EnableIT_32_63
                0x0800bb08       0x24 stm32g4xx_ll_exti.o
 .text.LL_EXTI_DisableIT_0_31
                0x0800bb2c       0x28 stm32g4xx_ll_exti.o
 .text.LL_EXTI_DisableIT_32_63
                0x0800bb54       0x28 stm32g4xx_ll_exti.o
 .text.LL_EXTI_EnableEvent_0_31
                0x0800bb7c       0x24 stm32g4xx_ll_exti.o
 .text.LL_EXTI_EnableEvent_32_63
                0x0800bba0       0x24 stm32g4xx_ll_exti.o
 .text.LL_EXTI_DisableEvent_0_31
                0x0800bbc4       0x28 stm32g4xx_ll_exti.o
 .text.LL_EXTI_DisableEvent_32_63
                0x0800bbec       0x28 stm32g4xx_ll_exti.o
 .text.LL_EXTI_EnableRisingTrig_0_31
                0x0800bc14       0x24 stm32g4xx_ll_exti.o
 .text.LL_EXTI_EnableRisingTrig_32_63
                0x0800bc38       0x24 stm32g4xx_ll_exti.o
 .text.LL_EXTI_DisableRisingTrig_0_31
                0x0800bc5c       0x28 stm32g4xx_ll_exti.o
 .text.LL_EXTI_DisableRisingTrig_32_63
                0x0800bc84       0x28 stm32g4xx_ll_exti.o
 .text.LL_EXTI_EnableFallingTrig_0_31
                0x0800bcac       0x24 stm32g4xx_ll_exti.o
 .text.LL_EXTI_EnableFallingTrig_32_63
                0x0800bcd0       0x24 stm32g4xx_ll_exti.o
 .text.LL_EXTI_DisableFallingTrig_0_31
                0x0800bcf4       0x28 stm32g4xx_ll_exti.o
 .text.LL_EXTI_DisableFallingTrig_32_63
                0x0800bd1c       0x28 stm32g4xx_ll_exti.o
 .text.LL_EXTI_Init
                0x0800bd44      0x1ec stm32g4xx_ll_exti.o
                0x0800bd44                LL_EXTI_Init
 .text.LL_GPIO_SetPinMode
                0x0800bf30       0x7a stm32g4xx_ll_gpio.o
 .text.LL_GPIO_SetPinOutputType
                0x0800bfaa       0x30 stm32g4xx_ll_gpio.o
 .text.LL_GPIO_SetPinSpeed
                0x0800bfda       0x7a stm32g4xx_ll_gpio.o
 .text.LL_GPIO_SetPinPull
                0x0800c054       0x7a stm32g4xx_ll_gpio.o
 .text.LL_GPIO_SetAFPin_0_7
                0x0800c0ce       0x7a stm32g4xx_ll_gpio.o
 .text.LL_GPIO_SetAFPin_8_15
                0x0800c148       0x7e stm32g4xx_ll_gpio.o
 .text.LL_GPIO_Init
                0x0800c1c6       0xdc stm32g4xx_ll_gpio.o
                0x0800c1c6                LL_GPIO_Init
 .text.LL_LPUART_IsEnabled
                0x0800c2a2       0x26 stm32g4xx_ll_lpuart.o
 .text.LL_LPUART_SetPrescaler
                0x0800c2c8       0x28 stm32g4xx_ll_lpuart.o
 .text.LL_LPUART_SetStopBitsLength
                0x0800c2f0       0x26 stm32g4xx_ll_lpuart.o
 .text.LL_LPUART_SetHWFlowCtrl
                0x0800c316       0x26 stm32g4xx_ll_lpuart.o
 .text.LL_LPUART_SetBaudRate
                0x0800c33c       0x98 stm32g4xx_ll_lpuart.o
 .text.LL_LPUART_Init
                0x0800c3d4       0x98 stm32g4xx_ll_lpuart.o
                0x0800c3d4                LL_LPUART_Init
 .text.LL_RCC_HSI_IsReady
                0x0800c46c       0x28 stm32g4xx_ll_rcc.o
 .text.LL_RCC_LSE_IsReady
                0x0800c494       0x28 stm32g4xx_ll_rcc.o
 .text.LL_RCC_GetSysClkSource
                0x0800c4bc       0x1c stm32g4xx_ll_rcc.o
 .text.LL_RCC_GetAHBPrescaler
                0x0800c4d8       0x1c stm32g4xx_ll_rcc.o
 .text.LL_RCC_GetAPB1Prescaler
                0x0800c4f4       0x1c stm32g4xx_ll_rcc.o
 .text.LL_RCC_GetLPUARTClockSource
                0x0800c510       0x24 stm32g4xx_ll_rcc.o
 .text.LL_RCC_PLL_GetMainSource
                0x0800c534       0x1c stm32g4xx_ll_rcc.o
 .text.LL_RCC_PLL_GetN
                0x0800c550       0x1c stm32g4xx_ll_rcc.o
 .text.LL_RCC_PLL_GetR
                0x0800c56c       0x1c stm32g4xx_ll_rcc.o
 .text.LL_RCC_PLL_GetDivider
                0x0800c588       0x1c stm32g4xx_ll_rcc.o
 .text.LL_RCC_GetLPUARTClockFreq
                0x0800c5a4       0x84 stm32g4xx_ll_rcc.o
                0x0800c5a4                LL_RCC_GetLPUARTClockFreq
 .text.RCC_GetSystemClockFreq
                0x0800c628       0x4c stm32g4xx_ll_rcc.o
 .text.RCC_GetHCLKClockFreq
                0x0800c674       0x30 stm32g4xx_ll_rcc.o
 .text.RCC_GetPCLK1ClockFreq
                0x0800c6a4       0x2c stm32g4xx_ll_rcc.o
 .text.RCC_PLL_GetFreqDomain_SYS
                0x0800c6d0       0x68 stm32g4xx_ll_rcc.o
 .text.HAL_Init
                0x0800c738       0x30 stm32g4xx_hal.o
                0x0800c738                HAL_Init
 .text.HAL_IncTick
                0x0800c768       0x24 stm32g4xx_hal.o
                0x0800c768                HAL_IncTick
 .text.HAL_GetTick
                0x0800c78c       0x18 stm32g4xx_hal.o
                0x0800c78c                HAL_GetTick
 .text.HAL_RCC_GetHCLKFreq
                0x0800c7a4       0x18 stm32g4xx_hal_rcc.o
                0x0800c7a4                HAL_RCC_GetHCLKFreq
 .text.HAL_RCC_GetPCLK1Freq
                0x0800c7bc       0x2c stm32g4xx_hal_rcc.o
                0x0800c7bc                HAL_RCC_GetPCLK1Freq
 .text.HAL_RCC_GetClockConfig
                0x0800c7e8       0x64 stm32g4xx_hal_rcc.o
                0x0800c7e8                HAL_RCC_GetClockConfig
 .text.HAL_PWREx_DisableUCPDDeadBattery
                0x0800c84c       0x20 stm32g4xx_hal_pwr_ex.o
                0x0800c84c                HAL_PWREx_DisableUCPDDeadBattery
 .text.__NVIC_SetPriorityGrouping
                0x0800c86c       0x48 stm32g4xx_hal_cortex.o
 .text.__NVIC_GetPriorityGrouping
                0x0800c8b4       0x1c stm32g4xx_hal_cortex.o
 .text.__NVIC_EnableIRQ
                0x0800c8d0       0x3c stm32g4xx_hal_cortex.o
 .text.__NVIC_SetPriority
                0x0800c90c       0x54 stm32g4xx_hal_cortex.o
 .text.NVIC_EncodePriority
                0x0800c960       0x66 stm32g4xx_hal_cortex.o
 .text.HAL_NVIC_SetPriorityGrouping
                0x0800c9c6       0x16 stm32g4xx_hal_cortex.o
                0x0800c9c6                HAL_NVIC_SetPriorityGrouping
 .text.HAL_NVIC_SetPriority
                0x0800c9dc       0x34 stm32g4xx_hal_cortex.o
                0x0800c9dc                HAL_NVIC_SetPriority
 .text.HAL_NVIC_EnableIRQ
                0x0800ca10       0x1c stm32g4xx_hal_cortex.o
                0x0800ca10                HAL_NVIC_EnableIRQ
 .text.HAL_TIM_Base_Init
                0x0800ca2c       0xae stm32g4xx_hal_tim.o
                0x0800ca2c                HAL_TIM_Base_Init
 .text.HAL_TIM_Base_MspInit
                0x0800cada       0x14 stm32g4xx_hal_tim.o
                0x0800cada                HAL_TIM_Base_MspInit
 *fill*         0x0800caee        0x2 
 .text.HAL_TIM_Base_Start_IT
                0x0800caf0       0xf0 stm32g4xx_hal_tim.o
                0x0800caf0                HAL_TIM_Base_Start_IT
 .text.HAL_TIM_IRQHandler
                0x0800cbe0      0x2fe stm32g4xx_hal_tim.o
                0x0800cbe0                HAL_TIM_IRQHandler
 .text.HAL_TIM_OC_DelayElapsedCallback
                0x0800cede       0x14 stm32g4xx_hal_tim.o
                0x0800cede                HAL_TIM_OC_DelayElapsedCallback
 .text.HAL_TIM_IC_CaptureCallback
                0x0800cef2       0x14 stm32g4xx_hal_tim.o
                0x0800cef2                HAL_TIM_IC_CaptureCallback
 .text.HAL_TIM_PWM_PulseFinishedCallback
                0x0800cf06       0x14 stm32g4xx_hal_tim.o
                0x0800cf06                HAL_TIM_PWM_PulseFinishedCallback
 .text.HAL_TIM_TriggerCallback
                0x0800cf1a       0x14 stm32g4xx_hal_tim.o
                0x0800cf1a                HAL_TIM_TriggerCallback
 *fill*         0x0800cf2e        0x2 
 .text.TIM_Base_SetConfig
                0x0800cf30      0x150 stm32g4xx_hal_tim.o
                0x0800cf30                TIM_Base_SetConfig
 .text.HAL_TIMEx_CommutCallback
                0x0800d080       0x14 stm32g4xx_hal_tim_ex.o
                0x0800d080                HAL_TIMEx_CommutCallback
 .text.HAL_TIMEx_BreakCallback
                0x0800d094       0x14 stm32g4xx_hal_tim_ex.o
                0x0800d094                HAL_TIMEx_BreakCallback
 .text.HAL_TIMEx_Break2Callback
                0x0800d0a8       0x14 stm32g4xx_hal_tim_ex.o
                0x0800d0a8                HAL_TIMEx_Break2Callback
 .text.HAL_TIMEx_EncoderIndexCallback
                0x0800d0bc       0x14 stm32g4xx_hal_tim_ex.o
                0x0800d0bc                HAL_TIMEx_EncoderIndexCallback
 .text.HAL_TIMEx_DirectionChangeCallback
                0x0800d0d0       0x14 stm32g4xx_hal_tim_ex.o
                0x0800d0d0                HAL_TIMEx_DirectionChangeCallback
 .text.HAL_TIMEx_IndexErrorCallback
                0x0800d0e4       0x14 stm32g4xx_hal_tim_ex.o
                0x0800d0e4                HAL_TIMEx_IndexErrorCallback
 .text.HAL_TIMEx_TransitionErrorCallback
                0x0800d0f8       0x14 stm32g4xx_hal_tim_ex.o
                0x0800d0f8                HAL_TIMEx_TransitionErrorCallback
 .text.LL_TIM_SetPrescaler
                0x0800d10c       0x1c stm32g4xx_ll_tim.o
 .text.LL_TIM_SetAutoReload
                0x0800d128       0x1c stm32g4xx_ll_tim.o
 .text.LL_TIM_SetRepetitionCounter
                0x0800d144       0x1c stm32g4xx_ll_tim.o
 .text.LL_TIM_GenerateEvent_UPDATE
                0x0800d160       0x20 stm32g4xx_ll_tim.o
 .text.LL_TIM_Init
                0x0800d180      0x144 stm32g4xx_ll_tim.o
                0x0800d180                LL_TIM_Init
 .text.SystemInit
                0x0800d2c4       0x24 system_stm32g4xx.o
                0x0800d2c4                SystemInit
 .text.Reset_Handler
                0x0800d2e8       0x50 startup_stm32g474retx.o
                0x0800d2e8                Reset_Handler
 .text.Default_Handler
                0x0800d338        0x2 startup_stm32g474retx.o
                0x0800d338                RTC_Alarm_IRQHandler
                0x0800d338                EXTI2_IRQHandler
                0x0800d338                TIM8_TRG_COM_IRQHandler
                0x0800d338                TIM8_CC_IRQHandler
                0x0800d338                HRTIM1_Master_IRQHandler
                0x0800d338                SPI4_IRQHandler
                0x0800d338                FDCAN3_IT0_IRQHandler
                0x0800d338                TIM1_CC_IRQHandler
                0x0800d338                HRTIM1_FLT_IRQHandler
                0x0800d338                HRTIM1_TIMF_IRQHandler
                0x0800d338                USB_HP_IRQHandler
                0x0800d338                CORDIC_IRQHandler
                0x0800d338                HRTIM1_TIMD_IRQHandler
                0x0800d338                DMA2_Channel8_IRQHandler
                0x0800d338                EXTI3_IRQHandler
                0x0800d338                I2C3_ER_IRQHandler
                0x0800d338                EXTI0_IRQHandler
                0x0800d338                I2C2_EV_IRQHandler
                0x0800d338                FPU_IRQHandler
                0x0800d338                FDCAN1_IT1_IRQHandler
                0x0800d338                TIM1_UP_TIM16_IRQHandler
                0x0800d338                ADC1_2_IRQHandler
                0x0800d338                HRTIM1_TIME_IRQHandler
                0x0800d338                SPI1_IRQHandler
                0x0800d338                TIM6_DAC_IRQHandler
                0x0800d338                HRTIM1_TIMC_IRQHandler
                0x0800d338                TIM8_UP_IRQHandler
                0x0800d338                DMA2_Channel2_IRQHandler
                0x0800d338                DMA1_Channel4_IRQHandler
                0x0800d338                TIM20_TRG_COM_IRQHandler
                0x0800d338                USART3_IRQHandler
                0x0800d338                DMA1_Channel7_IRQHandler
                0x0800d338                UART5_IRQHandler
                0x0800d338                ADC3_IRQHandler
                0x0800d338                TIM4_IRQHandler
                0x0800d338                DMA2_Channel1_IRQHandler
                0x0800d338                QUADSPI_IRQHandler
                0x0800d338                I2C1_EV_IRQHandler
                0x0800d338                DMA1_Channel6_IRQHandler
                0x0800d338                UART4_IRQHandler
                0x0800d338                DMA2_Channel4_IRQHandler
                0x0800d338                TIM3_IRQHandler
                0x0800d338                RCC_IRQHandler
                0x0800d338                TIM20_UP_IRQHandler
                0x0800d338                Default_Handler
                0x0800d338                DMA2_Channel7_IRQHandler
                0x0800d338                RTC_TAMP_LSECSS_IRQHandler
                0x0800d338                FMAC_IRQHandler
                0x0800d338                DMA1_Channel8_IRQHandler
                0x0800d338                HRTIM1_TIMA_IRQHandler
                0x0800d338                TIM7_DAC_IRQHandler
                0x0800d338                FDCAN3_IT1_IRQHandler
                0x0800d338                TIM5_IRQHandler
                0x0800d338                UCPD1_IRQHandler
                0x0800d338                I2C3_EV_IRQHandler
                0x0800d338                EXTI9_5_IRQHandler
                0x0800d338                RTC_WKUP_IRQHandler
                0x0800d338                PVD_PVM_IRQHandler
                0x0800d338                SPI2_IRQHandler
                0x0800d338                ADC5_IRQHandler
                0x0800d338                DMA2_Channel5_IRQHandler
                0x0800d338                CRS_IRQHandler
                0x0800d338                DMA1_Channel5_IRQHandler
                0x0800d338                USB_LP_IRQHandler
                0x0800d338                EXTI4_IRQHandler
                0x0800d338                RNG_IRQHandler
                0x0800d338                HRTIM1_TIMB_IRQHandler
                0x0800d338                TIM1_TRG_COM_TIM17_IRQHandler
                0x0800d338                FDCAN2_IT1_IRQHandler
                0x0800d338                DMA1_Channel3_IRQHandler
                0x0800d338                ADC4_IRQHandler
                0x0800d338                WWDG_IRQHandler
                0x0800d338                I2C4_EV_IRQHandler
                0x0800d338                FDCAN2_IT0_IRQHandler
                0x0800d338                DMA2_Channel6_IRQHandler
                0x0800d338                FDCAN1_IT0_IRQHandler
                0x0800d338                COMP7_IRQHandler
                0x0800d338                COMP1_2_3_IRQHandler
                0x0800d338                EXTI1_IRQHandler
                0x0800d338                USART2_IRQHandler
                0x0800d338                COMP4_5_6_IRQHandler
                0x0800d338                TIM20_BRK_IRQHandler
                0x0800d338                I2C2_ER_IRQHandler
                0x0800d338                DMA1_Channel2_IRQHandler
                0x0800d338                TIM8_BRK_IRQHandler
                0x0800d338                FLASH_IRQHandler
                0x0800d338                TIM20_CC_IRQHandler
                0x0800d338                USART1_IRQHandler
                0x0800d338                SPI3_IRQHandler
                0x0800d338                I2C1_ER_IRQHandler
                0x0800d338                FMC_IRQHandler
                0x0800d338                LPTIM1_IRQHandler
                0x0800d338                DMAMUX_OVR_IRQHandler
                0x0800d338                I2C4_ER_IRQHandler
                0x0800d338                USBWakeUp_IRQHandler
                0x0800d338                SAI1_IRQHandler
                0x0800d338                DMA2_Channel3_IRQHandler
                0x0800d338                TIM1_BRK_TIM15_IRQHandler
 *fill*         0x0800d33a        0x2 
 .text.fmod     0x0800d33c       0x6c C:/ProgramData/MATLAB/SupportPackages/R2024b/3P.instrset/gnuarm-armcortex.instrset/win/bin/../lib/gcc/arm-none-eabi/13.2.1/thumb/v7e-m+fp/hard\libm.a(libm_a-w_fmod.o)
                0x0800d33c                fmod
 .text.ceil     0x0800d3a8      0x100 C:/ProgramData/MATLAB/SupportPackages/R2024b/3P.instrset/gnuarm-armcortex.instrset/win/bin/../lib/gcc/arm-none-eabi/13.2.1/thumb/v7e-m+fp/hard\libm.a(libm_a-s_ceil.o)
                0x0800d3a8                ceil
 .text.floor    0x0800d4a8      0x108 C:/ProgramData/MATLAB/SupportPackages/R2024b/3P.instrset/gnuarm-armcortex.instrset/win/bin/../lib/gcc/arm-none-eabi/13.2.1/thumb/v7e-m+fp/hard\libm.a(libm_a-s_floor.o)
                0x0800d4a8                floor
 .text.__ieee754_fmod
                0x0800d5b0      0x30c C:/ProgramData/MATLAB/SupportPackages/R2024b/3P.instrset/gnuarm-armcortex.instrset/win/bin/../lib/gcc/arm-none-eabi/13.2.1/thumb/v7e-m+fp/hard\libm.a(libm_a-e_fmod.o)
                0x0800d5b0                __ieee754_fmod
 .text.__udivmoddi4
                0x0800d8bc      0x2bc C:/ProgramData/MATLAB/SupportPackages/R2024b/3P.instrset/gnuarm-armcortex.instrset/win/bin/../lib/gcc/arm-none-eabi/13.2.1/thumb/v7e-m+fp/hard\libgcc.a(_udivmoddi4.o)
                0x0800d8bc                __udivmoddi4
 .text.memset   0x0800db78       0x10 C:/ProgramData/MATLAB/SupportPackages/R2024b/3P.instrset/gnuarm-armcortex.instrset/win/bin/../lib/gcc/arm-none-eabi/13.2.1/thumb/v7e-m+fp/hard\libg_nano.a(libc_a-memset.o)
                0x0800db78                memset
 .text.__errno  0x0800db88        0xc C:/ProgramData/MATLAB/SupportPackages/R2024b/3P.instrset/gnuarm-armcortex.instrset/win/bin/../lib/gcc/arm-none-eabi/13.2.1/thumb/v7e-m+fp/hard\libg_nano.a(libc_a-errno.o)
                0x0800db88                __errno
 .text.__libc_init_array
                0x0800db94       0x48 C:/ProgramData/MATLAB/SupportPackages/R2024b/3P.instrset/gnuarm-armcortex.instrset/win/bin/../lib/gcc/arm-none-eabi/13.2.1/thumb/v7e-m+fp/hard\libg_nano.a(libc_a-init.o)
                0x0800db94                __libc_init_array
 .text.memcpy   0x0800dbdc       0x1c C:/ProgramData/MATLAB/SupportPackages/R2024b/3P.instrset/gnuarm-armcortex.instrset/win/bin/../lib/gcc/arm-none-eabi/13.2.1/thumb/v7e-m+fp/hard\libg_nano.a(libc_a-memcpy-stub.o)
                0x0800dbdc                memcpy
 *(.glue_7)
 .glue_7        0x0800dbf8        0x0 linker stubs
 *(.glue_7t)
 .glue_7t       0x0800dbf8        0x0 linker stubs
 *(.eh_frame)
 .eh_frame      0x0800dbf8        0x0 C:/ProgramData/MATLAB/SupportPackages/R2024b/3P.instrset/gnuarm-armcortex.instrset/win/bin/../lib/gcc/arm-none-eabi/13.2.1/thumb/v7e-m+fp/hard/crtbegin.o
 *(.init)
 .init          0x0800dbf8        0x4 C:/ProgramData/MATLAB/SupportPackages/R2024b/3P.instrset/gnuarm-armcortex.instrset/win/bin/../lib/gcc/arm-none-eabi/13.2.1/thumb/v7e-m+fp/hard/crti.o
                0x0800dbf8                _init
 .init          0x0800dbfc        0x8 C:/ProgramData/MATLAB/SupportPackages/R2024b/3P.instrset/gnuarm-armcortex.instrset/win/bin/../lib/gcc/arm-none-eabi/13.2.1/thumb/v7e-m+fp/hard/crtn.o
 *(.fini)
 .fini          0x0800dc04        0x4 C:/ProgramData/MATLAB/SupportPackages/R2024b/3P.instrset/gnuarm-armcortex.instrset/win/bin/../lib/gcc/arm-none-eabi/13.2.1/thumb/v7e-m+fp/hard/crti.o
                0x0800dc04                _fini
 .fini          0x0800dc08        0x8 C:/ProgramData/MATLAB/SupportPackages/R2024b/3P.instrset/gnuarm-armcortex.instrset/win/bin/../lib/gcc/arm-none-eabi/13.2.1/thumb/v7e-m+fp/hard/crtn.o
                0x0800dc10                        . = ALIGN (0x4)
                0x0800dc10                        _etext = .

.vfp11_veneer   0x0800dc10        0x0
 .vfp11_veneer  0x0800dc10        0x0 linker stubs

.v4_bx          0x0800dc10        0x0
 .v4_bx         0x0800dc10        0x0 linker stubs

.iplt           0x0800dc10        0x0
 .iplt          0x0800dc10        0x0 C:/ProgramData/MATLAB/SupportPackages/R2024b/3P.instrset/gnuarm-armcortex.instrset/win/bin/../lib/gcc/arm-none-eabi/13.2.1/thumb/v7e-m+fp/hard/crtbegin.o

.rodata         0x0800dc10     0x2a28
                0x0800dc10                        . = ALIGN (0x4)
 *(.rodata)
 .rodata        0x0800dc10      0x2b9 xcp_ext_mode.o
 *fill*         0x0800dec9        0x3 
 .rodata        0x0800decc      0x12e xcp_ext_common.o
 *fill*         0x0800dffa        0x2 
 .rodata        0x0800dffc       0x4c xcp_ext_classic_trigger.o
 .rodata        0x0800e048      0x278 xcp.o
 .rodata        0x0800e2c0      0x3a9 xcp_standard.o
 *fill*         0x0800e669        0x3 
 .rodata        0x0800e66c     0x1010 xcp_daq.o
 .rodata        0x0800f67c       0xdd xcp_calibration.o
 *fill*         0x0800f759        0x3 
 .rodata        0x0800f75c      0x56e xcp_transport.o
 *fill*         0x0800fcca        0x2 
 .rodata        0x0800fccc       0xf5 xcp_mem_default.o
 *fill*         0x0800fdc1        0x3 
 .rodata        0x0800fdc4      0x228 xcp_drv_rtiostream.o
 .rodata        0x0800ffec      0x4aa xcp_frame_serial.o
 *(.rodata*)
 *fill*         0x08010496        0x2 
 .rodata.QEI_M  0x08010498        0x4 QEI.o
                0x08010498                QEI_M
 .rodata.b.3    0x0801049c       0x10 QEI.o
 .rodata.rtAlwaysEnabled.0
                0x080104ac        0x1 QEI.o
 *fill*         0x080104ad        0x3 
 .rodata.standardSupportedRxPacket
                0x080104b0       0x54 xcp_standard.o
 .rodata.daqSupportedRxPacket
                0x08010504       0x9c xcp_daq.o
 .rodata.calibrationSupportedRxPacket
                0x080105a0       0x18 xcp_calibration.o
 .rodata.CHANNEL_OFFSET_TAB
                0x080105b8        0x8 stm_usart.o
 .rodata.CHANNEL_OFFSET_TAB
                0x080105c0        0x8 stm_lpuart.o
 .rodata.CHANNEL_OFFSET_TAB
                0x080105c8        0x8 main.o
 .rodata.OFFSET_TAB_CCMRx
                0x080105d0        0xa main.o
 *fill*         0x080105da        0x2 
 .rodata.SHIFT_TAB_ICxx
                0x080105dc        0xa main.o
 *fill*         0x080105e6        0x2 
 .rodata.SHIFT_TAB_CCxP
                0x080105e8        0xa main.o
 *fill*         0x080105f2        0x2 
 .rodata.LPUART_PRESCALER_TAB
                0x080105f4       0x18 stm32g4xx_ll_lpuart.o
 .rodata.AHBPrescTable
                0x0801060c       0x10 system_stm32g4xx.o
                0x0801060c                AHBPrescTable
 .rodata.APBPrescTable
                0x0801061c        0x8 system_stm32g4xx.o
                0x0801061c                APBPrescTable
 *fill*         0x08010624        0x4 
 .rodata.Zero   0x08010628       0x10 C:/ProgramData/MATLAB/SupportPackages/R2024b/3P.instrset/gnuarm-armcortex.instrset/win/bin/../lib/gcc/arm-none-eabi/13.2.1/thumb/v7e-m+fp/hard\libm.a(libm_a-e_fmod.o)
                0x08010638                        . = ALIGN (0x4)

.ARM.extab      0x08010638        0x0
                0x08010638                        . = ALIGN (0x4)
 *(.ARM.extab* .gnu.linkonce.armextab.*)
                0x08010638                        . = ALIGN (0x4)

.ARM            0x08010638        0x8
                0x08010638                        . = ALIGN (0x4)
                0x08010638                        __exidx_start = .
 *(.ARM.exidx*)
 .ARM.exidx.text.__udivmoddi4
                0x08010638        0x8 C:/ProgramData/MATLAB/SupportPackages/R2024b/3P.instrset/gnuarm-armcortex.instrset/win/bin/../lib/gcc/arm-none-eabi/13.2.1/thumb/v7e-m+fp/hard\libgcc.a(_udivmoddi4.o)
                0x08010640                        __exidx_end = .
                0x08010640                        . = ALIGN (0x4)

.preinit_array  0x08010640        0x0
                0x08010640                        . = ALIGN (0x4)
                0x08010640                        PROVIDE (__preinit_array_start = .)
 *(.preinit_array*)
                0x08010640                        PROVIDE (__preinit_array_end = .)
                0x08010640                        . = ALIGN (0x4)

.init_array     0x08010640        0x4
                0x08010640                        . = ALIGN (0x4)
                0x08010640                        PROVIDE (__init_array_start = .)
 *(SORT_BY_NAME(.init_array.*))
 *(.init_array*)
 .init_array    0x08010640        0x4 C:/ProgramData/MATLAB/SupportPackages/R2024b/3P.instrset/gnuarm-armcortex.instrset/win/bin/../lib/gcc/arm-none-eabi/13.2.1/thumb/v7e-m+fp/hard/crtbegin.o
                0x08010644                        PROVIDE (__init_array_end = .)
                0x08010644                        . = ALIGN (0x4)

.fini_array     0x08010644        0x4
                0x08010644                        . = ALIGN (0x4)
                [!provide]                        PROVIDE (__fini_array_start = .)
 *(SORT_BY_NAME(.fini_array.*))
 *(.fini_array*)
 .fini_array    0x08010644        0x4 C:/ProgramData/MATLAB/SupportPackages/R2024b/3P.instrset/gnuarm-armcortex.instrset/win/bin/../lib/gcc/arm-none-eabi/13.2.1/thumb/v7e-m+fp/hard/crtbegin.o
                [!provide]                        PROVIDE (__fini_array_end = .)
                0x08010648                        . = ALIGN (0x4)
                0x08010648                        _sidata = LOADADDR (.data)

.rel.dyn        0x08010648        0x0
 .rel.iplt      0x08010648        0x0 C:/ProgramData/MATLAB/SupportPackages/R2024b/3P.instrset/gnuarm-armcortex.instrset/win/bin/../lib/gcc/arm-none-eabi/13.2.1/thumb/v7e-m+fp/hard/crtbegin.o

.data           0x20000000       0xe4 load address 0x08010648
                0x20000000                        . = ALIGN (0x4)
                0x20000000                        _sdata = .
 *(.data)
 *(.data*)
 .data.xcpExtmodeFinalSimulationTime
                0x20000000        0x8 xcp_ext_common.o
                0x20000000                xcpExtmodeFinalSimulationTime
 .data.xcpClassicTriggerDuration
                0x20000008        0x4 xcp_ext_classic_trigger.o
                0x20000008                xcpClassicTriggerDuration
 .data.xcpClassicTriggerArmRequest
                0x2000000c        0x1 xcp_ext_classic_trigger.o
                0x2000000c                xcpClassicTriggerArmRequest
 *fill*         0x2000000d        0x3 
 .data.startStopDaqListId
                0x20000010        0x4 xcp_daq.o
 .data.xcpCurrentDaq
                0x20000014        0x4 xcp_daq.o
 .data.xcpEventCustomMemoryManager
                0x20000018        0xc xcp_daq.o
 .data.xcpCtoReservedMemPoolId
                0x20000024        0x4 xcp_transport.o
 .data.xcpMemMainBlockSizes
                0x20000028        0xc xcp_mem_default.o
 .data.xcpMemMainBlocksNumber
                0x20000034        0xc xcp_mem_default.o
 .data.drvID    0x20000040        0x4 xcp_drv_rtiostream.o
 .data.xcpCtoReservedMemPoolId
                0x20000044        0x4 xcp_frame_serial.o
 .data.uartObj  0x20000048       0x40 rtiostream_serial.o
                0x20000048                uartObj
 .data.uwTickPrio
                0x20000088        0x4 stm32g4xx_hal.o
                0x20000088                uwTickPrio
 .data.uwTickFreq
                0x2000008c        0x4 stm32g4xx_hal.o
                0x2000008c                uwTickFreq
 .data.SystemCoreClock
                0x20000090        0x4 system_stm32g4xx.o
                0x20000090                SystemCoreClock
 .data._impure_ptr
                0x20000094        0x4 C:/ProgramData/MATLAB/SupportPackages/R2024b/3P.instrset/gnuarm-armcortex.instrset/win/bin/../lib/gcc/arm-none-eabi/13.2.1/thumb/v7e-m+fp/hard\libg_nano.a(libc_a-impure.o)
                0x20000094                _impure_ptr
 .data._impure_data
                0x20000098       0x4c C:/ProgramData/MATLAB/SupportPackages/R2024b/3P.instrset/gnuarm-armcortex.instrset/win/bin/../lib/gcc/arm-none-eabi/13.2.1/thumb/v7e-m+fp/hard\libg_nano.a(libc_a-impure.o)
                0x20000098                _impure_data
 *(.RamFunc)
 *(.RamFunc*)
                0x200000e4                        . = ALIGN (0x4)
                0x200000e4                        _edata = .

.tm_clone_table
                0x200000e4        0x0 load address 0x0801072c
 .tm_clone_table
                0x200000e4        0x0 C:/ProgramData/MATLAB/SupportPackages/R2024b/3P.instrset/gnuarm-armcortex.instrset/win/bin/../lib/gcc/arm-none-eabi/13.2.1/thumb/v7e-m+fp/hard/crtbegin.o
 .tm_clone_table
                0x200000e4        0x0 C:/ProgramData/MATLAB/SupportPackages/R2024b/3P.instrset/gnuarm-armcortex.instrset/win/bin/../lib/gcc/arm-none-eabi/13.2.1/thumb/v7e-m+fp/hard/crtend.o

.igot.plt       0x200000e4        0x0 load address 0x0801072c
 .igot.plt      0x200000e4        0x0 C:/ProgramData/MATLAB/SupportPackages/R2024b/3P.instrset/gnuarm-armcortex.instrset/win/bin/../lib/gcc/arm-none-eabi/13.2.1/thumb/v7e-m+fp/hard/crtbegin.o
                0x200000e4                        . = ALIGN (0x4)

.bss            0x200000e8     0x1f88 load address 0x0801072c
                0x200000e8                        _sbss = .
                0x200000e8                        __bss_start__ = _sbss
 *(.bss)
 *(.bss*)
 .bss.completed.1
                0x200000e8        0x1 C:/ProgramData/MATLAB/SupportPackages/R2024b/3P.instrset/gnuarm-armcortex.instrset/win/bin/../lib/gcc/arm-none-eabi/13.2.1/thumb/v7e-m+fp/hard/crtbegin.o
 *fill*         0x200000e9        0x3 
 .bss.object.0  0x200000ec       0x18 C:/ProgramData/MATLAB/SupportPackages/R2024b/3P.instrset/gnuarm-armcortex.instrset/win/bin/../lib/gcc/arm-none-eabi/13.2.1/thumb/v7e-m+fp/hard/crtbegin.o
 .bss.mw_tim3   0x20000104       0x8c stm_timer_ll.o
                0x20000104                mw_tim3
 .bss.mw_tim4   0x20000190       0x8c stm_timer_ll.o
                0x20000190                mw_tim4
 .bss.mw_tim8   0x2000021c       0x8c stm_timer_ll.o
                0x2000021c                mw_tim8
 .bss.firstIndexReceived.0
                0x200002a8        0x1 stm_timer_ll.o
 *fill*         0x200002a9        0x3 
 .bss.xcpCustomTriggerFunction
                0x200002ac        0x8 xcp_ext_mode.o
 *fill*         0x200002b4        0x4 
 .bss.QEI_B     0x200002b8       0x68 QEI.o
                0x200002b8                QEI_B
 .bss.QEI_DW    0x20000320       0x88 QEI.o
                0x20000320                QEI_DW
 .bss.QEI_M_    0x200003a8       0x48 QEI.o
 .bss.rt_ExtModeInfo.2
                0x200003f0       0x14 QEI.o
 .bss.systemRan.1
                0x20000404       0x30 QEI.o
 .bss.IsrOverrun
                0x20000434        0x4 ert_main.o
                0x20000434                IsrOverrun
 .bss.OverrunFlag
                0x20000438        0x1 ert_main.o
 .bss.stopRequested
                0x20000439        0x1 ert_main.o
                0x20000439                stopRequested
 .bss.runModel  0x2000043a        0x1 ert_main.o
                0x2000043a                runModel
 .bss.xcpModelStartRequest
                0x2000043b        0x1 xcp_ext_common.o
                0x2000043b                xcpModelStartRequest
 .bss.xcpModelStopRequest
                0x2000043c        0x1 xcp_ext_common.o
                0x2000043c                xcpModelStopRequest
 .bss.xcpModelStatus
                0x2000043d        0x1 xcp_ext_common.o
                0x2000043d                xcpModelStatus
 *fill*         0x2000043e        0x2 
 .bss.xcpModelChecksum0
                0x20000440        0x4 xcp_ext_common.o
                0x20000440                xcpModelChecksum0
 .bss.xcpModelChecksum1
                0x20000444        0x4 xcp_ext_common.o
                0x20000444                xcpModelChecksum1
 .bss.xcpModelChecksum2
                0x20000448        0x4 xcp_ext_common.o
                0x20000448                xcpModelChecksum2
 .bss.xcpModelChecksum3
                0x2000044c        0x4 xcp_ext_common.o
                0x2000044c                xcpModelChecksum3
 .bss.xcpModelIntegerCode
                0x20000450        0x4 xcp_ext_common.o
                0x20000450                xcpModelIntegerCode
 .bss.xcpExtmodeSimulationComplete
                0x20000454        0x1 xcp_ext_common.o
                0x20000454                xcpExtmodeSimulationComplete
 *fill*         0x20000455        0x3 
 .bss.xcpDummyDoubleVariable
                0x20000458        0x8 xcp_ext_common.o
                0x20000458                xcpDummyDoubleVariable
 .bss.xcpDummyUint64Variable
                0x20000460        0x8 xcp_ext_common.o
                0x20000460                xcpDummyUint64Variable
 .bss.xcpCurrentSimulationTimeInMs
                0x20000468        0x8 xcp_ext_common.o
                0x20000468                xcpCurrentSimulationTimeInMs
 .bss.xcpBaseRateSimulationTime
                0x20000470        0x8 xcp_ext_common.o
 .bss.xcpClassicTriggerEventId
                0x20000478        0x2 xcp_ext_classic_trigger.o
                0x20000478                xcpClassicTriggerEventId
 *fill*         0x2000047a        0x2 
 .bss.xcpClassicTriggerSignalAddress
                0x2000047c        0x4 xcp_ext_classic_trigger.o
                0x2000047c                xcpClassicTriggerSignalAddress
 .bss.xcpClassicTriggerSignalAddressExtension
                0x20000480        0x1 xcp_ext_classic_trigger.o
                0x20000480                xcpClassicTriggerSignalAddressExtension
 *fill*         0x20000481        0x7 
 .bss.xcpClassicTriggerLevel
                0x20000488        0x8 xcp_ext_classic_trigger.o
                0x20000488                xcpClassicTriggerLevel
 .bss.xcpClassicTriggerHoldOff
                0x20000490        0x4 xcp_ext_classic_trigger.o
                0x20000490                xcpClassicTriggerHoldOff
 .bss.xcpClassicTriggerDelay
                0x20000494        0x4 xcp_ext_classic_trigger.o
                0x20000494                xcpClassicTriggerDelay
 .bss.xcpClassicTriggerDirection
                0x20000498        0x1 xcp_ext_classic_trigger.o
                0x20000498                xcpClassicTriggerDirection
 .bss.xcpClassicTriggerCancelRequest
                0x20000499        0x1 xcp_ext_classic_trigger.o
                0x20000499                xcpClassicTriggerCancelRequest
 .bss.xcpClassicTriggerSource
                0x2000049a        0x1 xcp_ext_classic_trigger.o
                0x2000049a                xcpClassicTriggerSource
 .bss.xcpClassicTriggerMode
                0x2000049b        0x1 xcp_ext_classic_trigger.o
                0x2000049b                xcpClassicTriggerMode
 .bss.xcpClassicTriggerStatus
                0x2000049c        0x1 xcp_ext_classic_trigger.o
                0x2000049c                xcpClassicTriggerStatus
 *fill*         0x2000049d        0x3 
 .bss.xcpOldSignalValue
                0x200004a0        0x8 xcp_ext_classic_trigger.o
 .bss.xcpOldSignalValueAvailable
                0x200004a8        0x1 xcp_ext_classic_trigger.o
 .bss.xcpOldClassicTriggerSource
                0x200004a9        0x1 xcp_ext_classic_trigger.o
 .bss.xcpTriggerEnabled
                0x200004aa        0x1 xcp_ext_classic_trigger.o
 .bss.xcpSignalTriggerFired
                0x200004ab        0x1 xcp_ext_classic_trigger.o
 .bss.xcpTriggerCount
                0x200004ac        0x4 xcp_ext_classic_trigger.o
 .bss.xcpForcedTriggerEnabled
                0x200004b0        0x1 xcp_ext_classic_trigger.o
 .bss.xcpForceTriggerEnableRequest
                0x200004b1        0x1 xcp_ext_classic_trigger.o
 .bss.initialized
                0x200004b2        0x1 xcp.o
 .bss.xcpStatus
                0x200004b3        0x1 xcp.o
 .bss.xcpSessionStatus
                0x200004b4        0x1 xcp.o
 .bss.xcpResourceProtectionStatus
                0x200004b5        0x1 xcp.o
 .bss.xcpSessionConfigurationId
                0x200004b6        0x2 xcp.o
 .bss.groupPacketLookup
                0x200004b8       0x10 xcp.o
 .bss.xcpMta    0x200004c8        0x8 xcp_standard.o
 .bss.xcpUploadSize
                0x200004d0        0x1 xcp_standard.o
 *fill*         0x200004d1        0x3 
 .bss.packetLookup
                0x200004d4        0x4 xcp_standard.o
 .bss.xcpDynamicDaqLists
                0x200004d8        0x8 xcp_daq.o
 .bss.xcpRunningEventCounter
                0x200004e0        0x4 xcp_daq.o
 .bss.daqLock   0x200004e4        0x4 xcp_daq.o
 .bss.packetLookup
                0x200004e8        0x4 xcp_daq.o
 .bss.packetLookup
                0x200004ec        0x4 xcp_calibration.o
 .bss.txFifo    0x200004f0       0x10 xcp_transport.o
 .bss.txLock    0x20000500        0x4 xcp_transport.o
 .bss.rxFifo    0x20000504        0x8 xcp_transport.o
 .bss.rxLock    0x2000050c        0x4 xcp_transport.o
 .bss.initialized
                0x20000510        0x1 xcp_transport.o
 *fill*         0x20000511        0x3 
 .bss.xcpMemPoolDescriptors
                0x20000514       0xc0 xcp_mem_default.o
 .bss.xcpMemCustomPoolDescriptors
                0x200005d4        0x8 xcp_mem_default.o
 .bss.xcpMemMainChunk
                0x200005dc      0x5a7 xcp_mem_default.o
 *fill*         0x20000b83        0x1 
 .bss.xcpMemReservedPoolsChunk
                0x20000b84      0xeef xcp_mem_default.o
 *fill*         0x20001a73        0x1 
 .bss.xcpMemReservedPoolsChunkUsedBytes
                0x20001a74        0x4 xcp_mem_default.o
 .bss.xcpMemLock
                0x20001a78        0x4 xcp_mem_default.o
 .bss.forceBlocking
                0x20001a7c        0x1 xcp_drv_rtiostream.o
 *fill*         0x20001a7d        0x1 
 .bss.txCounter
                0x20001a7e        0x2 xcp_frame_serial.o
 .bss.rxCounter
                0x20001a80        0x2 xcp_frame_serial.o
 *fill*         0x20001a82        0x2 
 .bss.firstRxCounterReceived
                0x20001a84        0x4 xcp_frame_serial.o
 .bss.initialized
                0x20001a88        0x1 xcp_frame_serial.o
 *fill*         0x20001a89        0x3 
 .bss.timestampInitialized
                0x20001a8c        0x4 platform_timer.o
 .bss.timestampStartTime
                0x20001a90        0x4 platform_timer.o
 .bss.schdl_counter
                0x20001a94        0x4 SysTickScheduler.o
                0x20001a94                schdl_counter
 .bss.schdl_counter_max
                0x20001a98        0x4 SysTickScheduler.o
                0x20001a98                schdl_counter_max
 .bss.taskToSchedule
                0x20001a9c        0x4 m3m4m4f_multitasking.o
                0x20001a9c                taskToSchedule
 .bss.mw_ext_h  0x20001aa0        0x4 rtiostream_serial.o
                0x20001aa0                mw_ext_h
 .bss.UARTRxBuffer
                0x20001aa4        0x4 rtiostream_serial.o
                0x20001aa4                UARTRxBuffer
 .bss.mw_lpuart1
                0x20001aa8       0x40 stm_lpuart.o
                0x20001aa8                mw_lpuart1
 .bss.LPUART1ReceiveBuffer
                0x20001ae8      0x400 stm_lpuart.o
                0x20001ae8                LPUART1ReceiveBuffer
 .bss.htim2     0x20001ee8       0x4c stm32g4xx_hal_timebase_tim.o
                0x20001ee8                htim2
 .bss.uwTick    0x20001f34        0x4 stm32g4xx_hal.o
                0x20001f34                uwTick
 .bss.__sf      0x20001f38      0x138 C:/ProgramData/MATLAB/SupportPackages/R2024b/3P.instrset/gnuarm-armcortex.instrset/win/bin/../lib/gcc/arm-none-eabi/13.2.1/thumb/v7e-m+fp/hard\libg_nano.a(libc_a-findfp.o)
                0x20001f38                __sf
 *(COMMON)
                0x20002070                        . = ALIGN (0x4)
                0x20002070                        _ebss = .
                0x20002070                        __bss_end__ = _ebss

._user_heap_stack
                0x20002070      0x600 load address 0x0801072c
                0x20002070                        . = ALIGN (0x8)
                [!provide]                        PROVIDE (end = .)
                0x20002070                        PROVIDE (_end = .)
                0x20002270                        . = (. + _Min_Heap_Size)
 *fill*         0x20002070      0x200 
                0x20002670                        . = (. + _Min_Stack_Size)
 *fill*         0x20002270      0x400 
                0x20002670                        . = ALIGN (0x8)

/DISCARD/
 libc.a(*)
 libm.a(*)
 libgcc.a(*)

.ARM.attributes
                0x00000000       0x30
 *(.ARM.attributes)
 .ARM.attributes
                0x00000000       0x22 C:/ProgramData/MATLAB/SupportPackages/R2024b/3P.instrset/gnuarm-armcortex.instrset/win/bin/../lib/gcc/arm-none-eabi/13.2.1/thumb/v7e-m+fp/hard/crti.o
 .ARM.attributes
                0x00000022       0x34 C:/ProgramData/MATLAB/SupportPackages/R2024b/3P.instrset/gnuarm-armcortex.instrset/win/bin/../lib/gcc/arm-none-eabi/13.2.1/thumb/v7e-m+fp/hard/crtbegin.o
 .ARM.attributes
                0x00000056       0x34 stm_timer_ll.o
 .ARM.attributes
                0x0000008a       0x34 xcp_ext_mode.o
 .ARM.attributes
                0x000000be       0x34 QEI.o
 .ARM.attributes
                0x000000f2       0x34 ert_main.o
 .ARM.attributes
                0x00000126       0x34 xcp_ext_common.o
 .ARM.attributes
                0x0000015a       0x34 xcp_ext_classic_trigger.o
 .ARM.attributes
                0x0000018e       0x34 xcp.o
 .ARM.attributes
                0x000001c2       0x34 xcp_standard.o
 .ARM.attributes
                0x000001f6       0x34 xcp_daq.o
 .ARM.attributes
                0x0000022a       0x34 xcp_calibration.o
 .ARM.attributes
                0x0000025e       0x34 xcp_fifo.o
 .ARM.attributes
                0x00000292       0x34 xcp_transport.o
 .ARM.attributes
                0x000002c6       0x34 xcp_mem_default.o
 .ARM.attributes
                0x000002fa       0x34 xcp_drv_rtiostream.o
 .ARM.attributes
                0x0000032e       0x34 xcp_utils.o
 .ARM.attributes
                0x00000362       0x34 xcp_frame_serial.o
 .ARM.attributes
                0x00000396       0x34 xcp_ext_param_default_serial.o
 .ARM.attributes
                0x000003ca       0x34 overrideHALDelay.o
 .ARM.attributes
                0x000003fe       0x34 platform_timer.o
 .ARM.attributes
                0x00000432       0x34 SysTickScheduler.o
 .ARM.attributes
                0x00000466       0x34 m3m4m4f_multitasking.o
 .ARM.attributes
                0x0000049a       0x34 rtiostream_serial.o
 .ARM.attributes
                0x000004ce       0x34 stm_usart.o
 .ARM.attributes
                0x00000502       0x34 stm_lpuart.o
 .ARM.attributes
                0x00000536       0x34 sys_arch.o
 .ARM.attributes
                0x0000056a       0x34 main.o
 .ARM.attributes
                0x0000059e       0x34 stm32g4xx_it.o
 .ARM.attributes
                0x000005d2       0x34 stm32g4xx_hal_msp.o
 .ARM.attributes
                0x00000606       0x34 stm32g4xx_hal_timebase_tim.o
 .ARM.attributes