Archive member included to satisfy reference by file (symbol)

C:/ProgramData/MATLAB/SupportPackages/R2024b/3P.instrset/gnuarm-armcortex.instrset/win/bin/../lib/gcc/arm-none-eabi/13.2.1/thumb/v7e-m+fp/hard\libm.a(libm_a-w_fmod.o)
                              xcp_ext_common.o (fmod)
C:/ProgramData/MATLAB/SupportPackages/R2024b/3P.instrset/gnuarm-armcortex.instrset/win/bin/../lib/gcc/arm-none-eabi/13.2.1/thumb/v7e-m+fp/hard\libm.a(libm_a-e_fmod.o)
                              C:/ProgramData/MATLAB/SupportPackages/R2024b/3P.instrset/gnuarm-armcortex.instrset/win/bin/../lib/gcc/arm-none-eabi/13.2.1/thumb/v7e-m+fp/hard\libm.a(libm_a-w_fmod.o) (__ieee754_fmod)
C:/ProgramData/MATLAB/SupportPackages/R2024b/3P.instrset/gnuarm-armcortex.instrset/win/bin/../lib/gcc/arm-none-eabi/13.2.1/thumb/v7e-m+fp/hard\libgcc.a(_arm_muldf3.o)
                              Read_Encoder.o (__aeabi_dmul)
C:/ProgramData/MATLAB/SupportPackages/R2024b/3P.instrset/gnuarm-armcortex.instrset/win/bin/../lib/gcc/arm-none-eabi/13.2.1/thumb/v7e-m+fp/hard\libgcc.a(_arm_addsubdf3.o)
                              Read_Encoder.o (__aeabi_dsub)
C:/ProgramData/MATLAB/SupportPackages/R2024b/3P.instrset/gnuarm-armcortex.instrset/win/bin/../lib/gcc/arm-none-eabi/13.2.1/thumb/v7e-m+fp/hard\libgcc.a(_arm_muldivdf3.o)
                              Read_Encoder.o (__aeabi_ddiv)
C:/ProgramData/MATLAB/SupportPackages/R2024b/3P.instrset/gnuarm-armcortex.instrset/win/bin/../lib/gcc/arm-none-eabi/13.2.1/thumb/v7e-m+fp/hard\libgcc.a(_arm_cmpdf2.o)
                              xcp_ext_mode.o (__aeabi_dcmpeq)
C:/ProgramData/MATLAB/SupportPackages/R2024b/3P.instrset/gnuarm-armcortex.instrset/win/bin/../lib/gcc/arm-none-eabi/13.2.1/thumb/v7e-m+fp/hard\libgcc.a(_arm_unorddf2.o)
                              C:/ProgramData/MATLAB/SupportPackages/R2024b/3P.instrset/gnuarm-armcortex.instrset/win/bin/../lib/gcc/arm-none-eabi/13.2.1/thumb/v7e-m+fp/hard\libm.a(libm_a-w_fmod.o) (__aeabi_dcmpun)
C:/ProgramData/MATLAB/SupportPackages/R2024b/3P.instrset/gnuarm-armcortex.instrset/win/bin/../lib/gcc/arm-none-eabi/13.2.1/thumb/v7e-m+fp/hard\libgcc.a(_arm_fixunsdfsi.o)
                              xcp_ext_common.o (__aeabi_d2uiz)
C:/ProgramData/MATLAB/SupportPackages/R2024b/3P.instrset/gnuarm-armcortex.instrset/win/bin/../lib/gcc/arm-none-eabi/13.2.1/thumb/v7e-m+fp/hard\libgcc.a(_aeabi_uldivmod.o)
                              stm32g4xx_ll_lpuart.o (__aeabi_uldivmod)
C:/ProgramData/MATLAB/SupportPackages/R2024b/3P.instrset/gnuarm-armcortex.instrset/win/bin/../lib/gcc/arm-none-eabi/13.2.1/thumb/v7e-m+fp/hard\libgcc.a(_udivmoddi4.o)
                              C:/ProgramData/MATLAB/SupportPackages/R2024b/3P.instrset/gnuarm-armcortex.instrset/win/bin/../lib/gcc/arm-none-eabi/13.2.1/thumb/v7e-m+fp/hard\libgcc.a(_aeabi_uldivmod.o) (__udivmoddi4)
C:/ProgramData/MATLAB/SupportPackages/R2024b/3P.instrset/gnuarm-armcortex.instrset/win/bin/../lib/gcc/arm-none-eabi/13.2.1/thumb/v7e-m+fp/hard\libgcc.a(_dvmd_tls.o)
                              C:/ProgramData/MATLAB/SupportPackages/R2024b/3P.instrset/gnuarm-armcortex.instrset/win/bin/../lib/gcc/arm-none-eabi/13.2.1/thumb/v7e-m+fp/hard\libgcc.a(_aeabi_uldivmod.o) (__aeabi_ldiv0)
C:/ProgramData/MATLAB/SupportPackages/R2024b/3P.instrset/gnuarm-armcortex.instrset/win/bin/../lib/gcc/arm-none-eabi/13.2.1/thumb/v7e-m+fp/hard\libg_nano.a(libc_a-exit.o)
                              C:/ProgramData/MATLAB/SupportPackages/R2024b/3P.instrset/gnuarm-armcortex.instrset/win/bin/../lib/gcc/arm-none-eabi/13.2.1/thumb/v7e-m+fp/hard/crt0.o (exit)
C:/ProgramData/MATLAB/SupportPackages/R2024b/3P.instrset/gnuarm-armcortex.instrset/win/bin/../lib/gcc/arm-none-eabi/13.2.1/thumb/v7e-m+fp/hard\libg_nano.a(libc_a-findfp.o)
                              C:/ProgramData/MATLAB/SupportPackages/R2024b/3P.instrset/gnuarm-armcortex.instrset/win/bin/../lib/gcc/arm-none-eabi/13.2.1/thumb/v7e-m+fp/hard\libg_nano.a(libc_a-exit.o) (__stdio_exit_handler)
C:/ProgramData/MATLAB/SupportPackages/R2024b/3P.instrset/gnuarm-armcortex.instrset/win/bin/../lib/gcc/arm-none-eabi/13.2.1/thumb/v7e-m+fp/hard\libg_nano.a(libc_a-fwalk.o)
                              C:/ProgramData/MATLAB/SupportPackages/R2024b/3P.instrset/gnuarm-armcortex.instrset/win/bin/../lib/gcc/arm-none-eabi/13.2.1/thumb/v7e-m+fp/hard\libg_nano.a(libc_a-findfp.o) (_fwalk_sglue)
C:/ProgramData/MATLAB/SupportPackages/R2024b/3P.instrset/gnuarm-armcortex.instrset/win/bin/../lib/gcc/arm-none-eabi/13.2.1/thumb/v7e-m+fp/hard\libg_nano.a(libc_a-stdio.o)
                              C:/ProgramData/MATLAB/SupportPackages/R2024b/3P.instrset/gnuarm-armcortex.instrset/win/bin/../lib/gcc/arm-none-eabi/13.2.1/thumb/v7e-m+fp/hard\libg_nano.a(libc_a-findfp.o) (__sread)
C:/ProgramData/MATLAB/SupportPackages/R2024b/3P.instrset/gnuarm-armcortex.instrset/win/bin/../lib/gcc/arm-none-eabi/13.2.1/thumb/v7e-m+fp/hard\libg_nano.a(libc_a-memset.o)
[...]
Memory Configuration

Name             Origin             Length             Attributes
RAM              0x20000000         0x00020000         xrw
FLASH            0x08000000         0x00080000         xr
*default*        0x00000000         0xffffffff

Linker script and memory map

LOAD C:/ProgramData/MATLAB/SupportPackages/R2024b/3P.instrset/gnuarm-armcortex.instrset/win/bin/../lib/gcc/arm-none-eabi/13.2.1/thumb/v7e-m+fp/hard/crti.o
LOAD C:/ProgramData/MATLAB/SupportPackages/R2024b/3P.instrset/gnuarm-armcortex.instrset/win/bin/../lib/gcc/arm-none-eabi/13.2.1/thumb/v7e-m+fp/hard/crtbegin.o
LOAD C:/ProgramData/MATLAB/SupportPackages/R2024b/3P.instrset/gnuarm-armcortex.instrset/win/bin/../lib/gcc/arm-none-eabi/13.2.1/thumb/v7e-m+fp/hard/crt0.o
LOAD stm_timer_ll.o
LOAD xcp_ext_mode.o
LOAD Read_Encoder.o
LOAD ert_main.o
LOAD xcp_ext_common.o
LOAD xcp_ext_classic_trigger.o
LOAD xcp.o
LOAD xcp_standard.o
LOAD xcp_daq.o
LOAD xcp_calibration.o
LOAD xcp_fifo.o
LOAD xcp_transport.o
LOAD xcp_mem_default.o
LOAD xcp_drv_rtiostream.o
LOAD xcp_utils.o
LOAD xcp_frame_serial.o
LOAD xcp_ext_param_default_serial.o
LOAD overrideHALDelay.o
LOAD platform_timer.o
LOAD SysTickScheduler.o
LOAD m3m4m4f_multitasking.o
LOAD rtiostream_serial.o
LOAD stm_usart.o
LOAD stm_lpuart.o
LOAD sys_arch.o
LOAD main.o
LOAD stm32g4xx_it.o
LOAD stm32g4xx_hal_msp.o
LOAD stm32g4xx_hal_timebase_tim.o
LOAD stm32g4xx_ll_utils.o
LOAD stm32g4xx_ll_exti.o
LOAD stm32g4xx_ll_gpio.o
LOAD stm32g4xx_ll_dma.o
LOAD stm32g4xx_ll_lpuart.o
LOAD stm32g4xx_ll_rcc.o
LOAD stm32g4xx_ll_pwr.o
LOAD stm32g4xx_hal.o
LOAD stm32g4xx_hal_rcc.o
LOAD stm32g4xx_hal_rcc_ex.o
LOAD stm32g4xx_hal_flash.o
LOAD stm32g4xx_hal_flash_ex.o
LOAD stm32g4xx_hal_flash_ramfunc.o
LOAD stm32g4xx_hal_gpio.o
LOAD stm32g4xx_hal_exti.o
LOAD stm32g4xx_hal_dma.o
LOAD stm32g4xx_hal_dma_ex.o
LOAD stm32g4xx_hal_pwr.o
LOAD stm32g4xx_hal_pwr_ex.o
LOAD stm32g4xx_hal_cortex.o
LOAD stm32g4xx_hal_tim.o
LOAD stm32g4xx_hal_tim_ex.o
LOAD stm32g4xx_ll_tim.o
LOAD system_stm32g4xx.o
LOAD syscalls.o
LOAD sysmem.o
LOAD startup_stm32g474retx.o
LOAD C:/ProgramData/MATLAB/SupportPackages/R2024b/3P.instrset/cmsis_dsp.instrset/Lib/GCC/arm_cortexm4ldfsp_math/libCMSISDSP.a
LOAD C:/ProgramData/MATLAB/SupportPackages/R2024b/toolbox/shared/supportpackages/stm32/lib/GCC/libmw_pdmfilter_m4_spfp.lib
LOAD C:/ProgramData/MATLAB/SupportPackages/R2024b/3P.instrset/gnuarm-armcortex.instrset/win/bin/../lib/gcc/arm-none-eabi/13.2.1/thumb/v7e-m+fp/hard\libstdc++_nano.a
LOAD C:/ProgramData/MATLAB/SupportPackages/R2024b/3P.instrset/gnuarm-armcortex.instrset/win/bin/../lib/gcc/arm-none-eabi/13.2.1/thumb/v7e-m+fp/hard\libm.a
START GROUP
LOAD C:/ProgramData/MATLAB/SupportPackages/R2024b/3P.instrset/gnuarm-armcortex.instrset/win/bin/../lib/gcc/arm-none-eabi/13.2.1/thumb/v7e-m+fp/hard\libgcc.a
LOAD C:/ProgramData/MATLAB/SupportPackages/R2024b/3P.instrset/gnuarm-armcortex.instrset/win/bin/../lib/gcc/arm-none-eabi/13.2.1/thumb/v7e-m+fp/hard\libg_nano.a
LOAD C:/ProgramData/MATLAB/SupportPackages/R2024b/3P.instrset/gnuarm-armcortex.instrset/win/bin/../lib/gcc/arm-none-eabi/13.2.1/thumb/v7e-m+fp/hard\libc_nano.a
END GROUP
START GROUP
LOAD C:/ProgramData/MATLAB/SupportPackages/R2024b/3P.instrset/gnuarm-armcortex.instrset/win/bin/../lib/gcc/arm-none-eabi/13.2.1/thumb/v7e-m+fp/hard\libgcc.a
LOAD C:/ProgramData/MATLAB/SupportPackages/R2024b/3P.instrset/gnuarm-armcortex.instrset/win/bin/../lib/gcc/arm-none-eabi/13.2.1/thumb/v7e-m+fp/hard\libc_nano.a
LOAD C:/ProgramData/MATLAB/SupportPackages/R2024b/3P.instrset/gnuarm-armcortex.instrset/win/bin/../lib/gcc/arm-none-eabi/13.2.1/thumb/v7e-m+fp/hard\libnosys.a
END GROUP
START GROUP
LOAD C:/ProgramData/MATLAB/SupportPackages/R2024b/3P.instrset/gnuarm-armcortex.instrset/win/bin/../lib/gcc/arm-none-eabi/13.2.1/thumb/v7e-m+fp/hard\libgcc.a
LOAD C:/ProgramData/MATLAB/SupportPackages/R2024b/3P.instrset/gnuarm-armcortex.instrset/win/bin/../lib/gcc/arm-none-eabi/13.2.1/thumb/v7e-m+fp/hard\libc_nano.a
LOAD C:/ProgramData/MATLAB/SupportPackages/R2024b/3P.instrset/gnuarm-armcortex.instrset/win/bin/../lib/gcc/arm-none-eabi/13.2.1/thumb/v7e-m+fp/hard\libnosys.a
END GROUP
LOAD C:/ProgramData/MATLAB/SupportPackages/R2024b/3P.instrset/gnuarm-armcortex.instrset/win/bin/../lib/gcc/arm-none-eabi/13.2.1/thumb/v7e-m+fp/hard/crtend.o
LOAD C:/ProgramData/MATLAB/SupportPackages/R2024b/3P.instrset/gnuarm-armcortex.instrset/win/bin/../lib/gcc/arm-none-eabi/13.2.1/thumb/v7e-m+fp/hard/crtn.o
                0x20020000                        _estack = (ORIGIN (RAM) + LENGTH (RAM))
                0x00000200                        _Min_Heap_Size = 0x200
                0x00000400                        _Min_Stack_Size = 0x400

.isr_vector     0x08000000      0x1d8
                0x08000000                        . = ALIGN (0x4)
 *(.isr_vector)
 .isr_vector    0x08000000      0x1d8 startup_stm32g474retx.o
                0x08000000                g_pfnVectors
                0x080001d8                        . = ALIGN (0x4)

.text           0x080001d8     0xd8f8
                0x080001d8                        . = ALIGN (0x4)
 *(.text)
 .text          0x080001d8      0x378 C:/ProgramData/MATLAB/SupportPackages/R2024b/3P.instrset/gnuarm-armcortex.instrset/win/bin/../lib/gcc/arm-none-eabi/13.2.1/thumb/v7e-m+fp/hard\libgcc.a(_arm_addsubdf3.o)
                0x080001d8                __aeabi_drsub
                0x080001e0                __aeabi_dsub
                0x080001e0                __subdf3
                0x080001e4                __aeabi_dadd
                0x080001e4                __adddf3
                0x0800045c                __floatunsidf
                0x0800045c                __aeabi_ui2d
                0x0800047c                __floatsidf
                0x0800047c                __aeabi_i2d
                0x080004a0                __aeabi_f2d
                0x080004a0                __extendsfdf2
                0x080004e4                __floatundidf
                0x080004e4                __aeabi_ul2d
                0x080004f4                __floatdidf
                0x080004f4                __aeabi_l2d
 .text          0x08000550      0x424 C:/ProgramData/MATLAB/SupportPackages/R2024b/3P.instrset/gnuarm-armcortex.instrset/win/bin/../lib/gcc/arm-none-eabi/13.2.1/thumb/v7e-m+fp/hard\libgcc.a(_arm_muldivdf3.o)
                0x08000550                __aeabi_dmul
                0x08000550                __muldf3
                0x080007a4                __divdf3
                0x080007a4                __aeabi_ddiv
 .text          0x08000974      0x110 C:/ProgramData/MATLAB/SupportPackages/R2024b/3P.instrset/gnuarm-armcortex.instrset/win/bin/../lib/gcc/arm-none-eabi/13.2.1/thumb/v7e-m+fp/hard\libgcc.a(_arm_cmpdf2.o)
                0x08000974                __gtdf2
                0x08000974                __gedf2
                0x0800097c                __ltdf2
                0x0800097c                __ledf2
                0x08000984                __nedf2
                0x08000984                __eqdf2
                0x08000984                __cmpdf2
                0x08000a00                __aeabi_cdrcmple
                0x08000a10                __aeabi_cdcmpeq
                0x08000a10                __aeabi_cdcmple
                0x08000a20                __aeabi_dcmpeq
                0x08000a34                __aeabi_dcmplt
                0x08000a48                __aeabi_dcmple
                0x08000a5c                __aeabi_dcmpge
                0x08000a70                __aeabi_dcmpgt
 .text          0x08000a84       0x2c C:/ProgramData/MATLAB/SupportPackages/R2024b/3P.instrset/gnuarm-armcortex.instrset/win/bin/../lib/gcc/arm-none-eabi/13.2.1/thumb/v7e-m+fp/hard\libgcc.a(_arm_unorddf2.o)
                0x08000a84                __unorddf2
                0x08000a84                __aeabi_dcmpun
 .text          0x08000ab0       0x40 C:/ProgramData/MATLAB/SupportPackages/R2024b/3P.instrset/gnuarm-armcortex.instrset/win/bin/../lib/gcc/arm-none-eabi/13.2.1/thumb/v7e-m+fp/hard\libgcc.a(_arm_fixunsdfsi.o)
                0x08000ab0                __aeabi_d2uiz
                0x08000ab0                __fixunsdfsi
 .text          0x08000af0       0x30 C:/ProgramData/MATLAB/SupportPackages/R2024b/3P.instrset/gnuarm-armcortex.instrset/win/bin/../lib/gcc/arm-none-eabi/13.2.1/thumb/v7e-m+fp/hard\libgcc.a(_aeabi_uldivmod.o)
                0x08000af0                __aeabi_uldivmod
 .text          0x08000b20        0x4 C:/ProgramData/MATLAB/SupportPackages/R2024b/3P.instrset/gnuarm-armcortex.instrset/win/bin/../lib/gcc/arm-none-eabi/13.2.1/thumb/v7e-m+fp/hard\libgcc.a(_dvmd_tls.o)
                0x08000b20                __aeabi_idiv0
                0x08000b20                __aeabi_ldiv0
 *(.text*)
 .text.deregister_tm_clones
                0x08000b24       0x1c C:/ProgramData/MATLAB/SupportPackages/R2024b/3P.instrset/gnuarm-armcortex.instrset/win/bin/../lib/gcc/arm-none-eabi/13.2.1/thumb/v7e-m+fp/hard/crtbegin.o
 .text.register_tm_clones
                0x08000b40       0x24 C:/ProgramData/MATLAB/SupportPackages/R2024b/3P.instrset/gnuarm-armcortex.instrset/win/bin/../lib/gcc/arm-none-eabi/13.2.1/thumb/v7e-m+fp/hard/crtbegin.o
 .text.__do_global_dtors_aux
                0x08000b64       0x28 C:/ProgramData/MATLAB/SupportPackages/R2024b/3P.instrset/gnuarm-armcortex.instrset/win/bin/../lib/gcc/arm-none-eabi/13.2.1/thumb/v7e-m+fp/hard/crtbegin.o
 .text.frame_dummy
                0x08000b8c       0x24 C:/ProgramData/MATLAB/SupportPackages/R2024b/3P.instrset/gnuarm-armcortex.instrset/win/bin/../lib/gcc/arm-none-eabi/13.2.1/thumb/v7e-m+fp/hard/crtbegin.o
 .text.LL_TIM_GetCounterMode
                0x08000bb0       0x30 stm_timer_ll.o
 .text.LL_TIM_GetCounter
                0x08000be0       0x18 stm_timer_ll.o
 .text.LL_TIM_GetRepetitionCounter
                0x08000bf8       0x18 stm_timer_ll.o
 .text.LL_TIM_CC_EnableChannel
                0x08000c10       0x22 stm_timer_ll.o
 .text.LL_TIM_CC_DisableChannel
                0x08000c32       0x24 stm_timer_ll.o
 .text.LL_TIM_EnableAllOutputs
                0x08000c56       0x20 stm_timer_ll.o
 .text.LL_TIM_IsActiveFlag_IDX
                0x08000c76       0x28 stm_timer_ll.o
 .text.LL_TIM_EnableIT_UPDATE
                0x08000c9e       0x20 stm_timer_ll.o
 .text.LL_TIM_DisableIT_UPDATE
                0x08000cbe       0x20 stm_timer_ll.o
 .text.LL_TIM_IsEnabledIT_UPDATE
                0x08000cde       0x26 stm_timer_ll.o
 .text.LL_TIM_EnableIT_CC1
                0x08000d04       0x20 stm_timer_ll.o
 .text.LL_TIM_DisableIT_CC1
                0x08000d24       0x20 stm_timer_ll.o
 .text.LL_TIM_IsEnabledIT_CC1
                0x08000d44       0x26 stm_timer_ll.o
 .text.LL_TIM_EnableIT_CC2
                0x08000d6a       0x20 stm_timer_ll.o
 .text.LL_TIM_DisableIT_CC2
                0x08000d8a       0x20 stm_timer_ll.o
 .text.LL_TIM_IsEnabledIT_CC2
                0x08000daa       0x26 stm_timer_ll.o
 .text.LL_TIM_EnableIT_CC3
                0x08000dd0       0x20 stm_timer_ll.o
 .text.LL_TIM_DisableIT_CC3
                0x08000df0       0x20 stm_timer_ll.o
 .text.LL_TIM_IsEnabledIT_CC3
                0x08000e10       0x26 stm_timer_ll.o
 .text.LL_TIM_EnableIT_CC4
                0x08000e36       0x20 stm_timer_ll.o
 .text.LL_TIM_DisableIT_CC4
                0x08000e56       0x20 stm_timer_ll.o
 .text.LL_TIM_IsEnabledIT_CC4
                0x08000e76       0x26 stm_timer_ll.o
 .text.LL_TIM_EnableIT_COM
                0x08000e9c       0x20 stm_timer_ll.o
 .text.LL_TIM_DisableIT_COM
                0x08000ebc       0x20 stm_timer_ll.o
 .text.LL_TIM_IsEnabledIT_COM
                0x08000edc       0x26 stm_timer_ll.o
 .text.LL_TIM_EnableIT_TRIG
                0x08000f02       0x20 stm_timer_ll.o
 .text.LL_TIM_DisableIT_TRIG
                0x08000f22       0x20 stm_timer_ll.o
 .text.LL_TIM_IsEnabledIT_TRIG
                0x08000f42       0x26 stm_timer_ll.o
 .text.LL_TIM_EnableIT_BRK
                0x08000f68       0x20 stm_timer_ll.o
 .text.LL_TIM_DisableIT_BRK
                0x08000f88       0x20 stm_timer_ll.o
 .text.LL_TIM_IsEnabledIT_BRK
                0x08000fa8       0x26 stm_timer_ll.o
 .text.LL_TIM_EnableIT_TERR
                0x08000fce       0x20 stm_timer_ll.o
 .text.LL_TIM_DisableIT_TERR
                0x08000fee       0x20 stm_timer_ll.o
 .text.LL_TIM_IsEnabledIT_TERR
                0x0800100e       0x28 stm_timer_ll.o
 .text.LL_TIM_EnableIT_IERR
                0x08001036       0x20 stm_timer_ll.o
 .text.LL_TIM_DisableIT_IERR
                0x08001056       0x20 stm_timer_ll.o
 .text.LL_TIM_IsEnabledIT_IERR
                0x08001076       0x28 stm_timer_ll.o
 .text.LL_TIM_EnableIT_DIR
                0x0800109e       0x20 stm_timer_ll.o
 .text.LL_TIM_DisableIT_DIR
                0x080010be       0x20 stm_timer_ll.o
 .text.LL_TIM_IsEnabledIT_DIR
                0x080010de       0x28 stm_timer_ll.o
 .text.LL_TIM_EnableIT_IDX
                0x08001106       0x20 stm_timer_ll.o
 .text.LL_TIM_DisableIT_IDX
                0x08001126       0x20 stm_timer_ll.o
 .text.LL_TIM_IsEnabledIT_IDX
                0x08001146       0x28 stm_timer_ll.o
 .text.TIM_IsActiveFlagIDX
                0x0800116e       0x34 stm_timer_ll.o
                0x0800116e                TIM_IsActiveFlagIDX
 .text.enableTimerInterrupts
                0x080011a2      0x1c4 stm_timer_ll.o
                0x080011a2                enableTimerInterrupts
 .text.disableTimerInterrupts
                0x08001366      0x1c4 stm_timer_ll.o
                0x08001366                disableTimerInterrupts
 *fill*         0x0800152a        0x2 
 .text.enableTimerChannel1
                0x0800152c       0xb0 stm_timer_ll.o
                0x0800152c                enableTimerChannel1
 .text.disableTimerChannel1
                0x080015dc       0xb0 stm_timer_ll.o
                0x080015dc                disableTimerChannel1
 .text.enableTimerChannel2
                0x0800168c       0xb0 stm_timer_ll.o
                0x0800168c                enableTimerChannel2
 .text.disableTimerChannel2
                0x0800173c       0xb0 stm_timer_ll.o
                0x0800173c                disableTimerChannel2
 .text.Timer_Handle_Init
                0x080017ec      0x140 stm_timer_ll.o
                0x080017ec                Timer_Handle_Init
 .text.getTimerCounterValueForG4
                0x0800192c       0x64 stm_timer_ll.o
                0x0800192c                getTimerCounterValueForG4
 .text.extmodeParseArgs
                0x08001990       0x1e xcp_ext_mode.o
                0x08001990                extmodeParseArgs
 *fill*         0x080019ae        0x2 
 .text.extmodeInit
                0x080019b0      0x128 xcp_ext_mode.o
                0x080019b0                extmodeInit
 .text.extmodeWaitForHostRequest
                0x08001ad8       0xcc xcp_ext_mode.o
                0x08001ad8                extmodeWaitForHostRequest
 .text.extmodeEvent
                0x08001ba4       0xfc xcp_ext_mode.o
                0x08001ba4                extmodeEvent
 .text.extmodeBackgroundRun
                0x08001ca0       0x20 xcp_ext_mode.o
                0x08001ca0                extmodeBackgroundRun
 .text.extmodeReset
                0x08001cc0       0x40 xcp_ext_mode.o
                0x08001cc0                extmodeReset
 .text.extmodeStopRequested
                0x08001d00       0x18 xcp_ext_mode.o
                0x08001d00                extmodeStopRequested
 .text.extmodeSimulationComplete
                0x08001d18       0x18 xcp_ext_mode.o
                0x08001d18                extmodeSimulationComplete
 .text.LL_TIM_EnableCounter
                0x08001d30       0x20 Read_Encoder.o
 .text.LL_TIM_DisableCounter
                0x08001d50       0x20 Read_Encoder.o
 .text.LL_TIM_SetUpdateSource
                0x08001d70       0x26 Read_Encoder.o
 .text.LL_TIM_GetUpdateSource
                0x08001d96       0x1c Read_Encoder.o
 .text.LL_TIM_SetRepetitionCounter
                0x08001db2       0x1c Read_Encoder.o
 .text.LL_TIM_GenerateEvent_UPDATE
                0x08001dce       0x20 Read_Encoder.o
 .text.LL_GPIO_ReadInputPort
                0x08001dee       0x18 Read_Encoder.o
 *fill*         0x08001e06        0x2 
 .text.isSlaveTriggerModeEnabled
                0x08001e08       0x30 Read_Encoder.o
 .text.enableCounter
                0x08001e38      0x118 Read_Encoder.o
 .text.disableCounter
                0x08001f50       0x1a Read_Encoder.o
 .text.Read_Encoder_ChangeUnit_Init
                0x08001f6a       0x1c Read_Encoder.o
                0x08001f6a                Read_Encoder_ChangeUnit_Init
 *fill*         0x08001f86        0x2 
 .text.Read_Encoder_ChangeUnit
                0x08001f88       0xa0 Read_Encoder.o
                0x08001f88                Read_Encoder_ChangeUnit
 .text.Read_Encoder_SystemCore_setup
                0x08002028       0x94 Read_Encoder.o
 .text.Read_Encoder_SystemCore_setup_l
                0x080020bc       0x94 Read_Encoder.o
 .text.Read_Encode_SystemCore_setup_l2
                0x08002150       0x94 Read_Encoder.o
 *fill*         0x080021e4        0x4 
 .text.Read_Encoder_step
                0x080021e8      0x678 Read_Encoder.o
                0x080021e8                Read_Encoder_step
 .text.Read_Encoder_initialize
                0x08002860      0x180 Read_Encoder.o
                0x08002860                Read_Encoder_initialize
 .text.Read_Encoder_terminate
                0x080029e0      0x114 Read_Encoder.o
                0x080029e0                Read_Encoder_terminate
 .text.rt_OneStep
                0x08002af4       0x78 ert_main.o
                0x08002af4                rt_OneStep
 .text.main     0x08002b6c      0x18c ert_main.o
                0x08002b6c                main
 .text.xcp_void_printf
                0x08002cf8       0x12 xcp_ext_common.o
                0x08002cf8                xcp_void_printf
 .text.xcpCopyTimeValue
                0x08002d0a       0x26 xcp_ext_common.o
 .text.xcpExtModeUpdateTime
                0x08002d30      0x13c xcp_ext_common.o
                0x08002d30                xcpExtModeUpdateTime
 .text.xcpExtModeInit
                0x08002e6c       0xb0 xcp_ext_common.o
                0x08002e6c                xcpExtModeInit
 .text.xcpExtModeRunBackground
                0x08002f1c      0x13c xcp_ext_common.o
                0x08002f1c                xcpExtModeRunBackground
 .text.xcpExtModeReset
                0x08003058      0x128 xcp_ext_common.o
                0x08003058                xcpExtModeReset
 .text.sampleSignalTrigger
                0x08003180      0x1b4 xcp_ext_classic_trigger.o
 .text.updateTriggerStatus
                0x08003334      0x2b8 xcp_ext_classic_trigger.o
 .text.xcpExtModeClassicTriggerInit
                0x080035ec       0x68 xcp_ext_classic_trigger.o
                0x080035ec                xcpExtModeClassicTriggerInit
 .text.xcpExtModeClassicTriggerEnabled
                0x08003654      0x100 xcp_ext_classic_trigger.o
                0x08003654                xcpExtModeClassicTriggerEnabled
 .text.xcpExtModeClassicTriggerReset
                0x08003754       0xf4 xcp_ext_classic_trigger.o
                0x08003754                xcpExtModeClassicTriggerReset
 .text.xcpExtModeClassicTriggerForceEnableStatusUpdate
                0x08003848       0x78 xcp_ext_classic_trigger.o
                0x08003848                xcpExtModeClassicTriggerForceEnableStatusUpdate
 .text.msgBufferRealloc
                0x080038c0       0x72 xcp.o
 *fill*         0x08003932        0x2 
 .text.discardInputPacketHandler
                0x08003934       0x3c xcp.o
 .text.unknownInputPacketHandler
                0x08003970       0x34 xcp.o
 .text.xcpGetPacketGroupID
                0x080039a4       0x74 xcp.o
 .text.xcpGetPacketHandlers
                0x08003a18      0x124 xcp.o
 .text.xcpStatusSet
                0x08003b3c       0x20 xcp.o
                0x08003b3c                xcpStatusSet
 .text.xcpSessionStatusGet
                0x08003b5c       0x18 xcp.o
                0x08003b5c                xcpSessionStatusGet
 .text.xcpSessionStatusSetMask
                0x08003b74       0x28 xcp.o
                0x08003b74                xcpSessionStatusSetMask
 .text.xcpSessionStatusClearMask
                0x08003b9c       0x34 xcp.o
                0x08003b9c                xcpSessionStatusClearMask
 .text.xcpResourceProtectionStatusGet
                0x08003bd0       0x18 xcp.o
                0x08003bd0                xcpResourceProtectionStatusGet
 .text.xcpSessionConfigurationIdGet
                0x08003be8       0x18 xcp.o
                0x08003be8                xcpSessionConfigurationIdGet
 .text.genericOutputPacketHandler
                0x08003c00      0x11c xcp.o
                0x08003c00                genericOutputPacketHandler
 .text.xcpFindPacket
                0x08003d1c       0x6e xcp.o
                0x08003d1c                xcpFindPacket
 *fill*         0x08003d8a        0x2 
 .text.xcpInit  0x08003d8c       0x64 xcp.o
                0x08003d8c                xcpInit
 .text.xcpRun   0x08003df0      0x194 xcp.o
                0x08003df0                xcpRun
 .text.xcpEvent
                0x08003f84       0x50 xcp.o
                0x08003f84                xcpEvent
 .text.xcpGetStatus
                0x08003fd4       0x18 xcp.o
                0x08003fd4                xcpGetStatus
 .text.xcpReset
                0x08003fec       0x40 xcp.o
                0x08003fec                xcpReset
 .text.xcpPackedModeEventsFlush
                0x0800402c       0x1e xcp.o
                0x0800402c                xcpPackedModeEventsFlush
 .text.xcpPackedModeEventReset
                0x0800404a       0x2a xcp.o
                0x0800404a                xcpPackedModeEventReset
 .text.isValidUploadSize
                0x08004074       0x30 xcp_standard.o
 .text.xcpMemcpyFromMTA
                0x080040a4       0x38 xcp_standard.o
 .text.connectInputPacketHandler
                0x080040dc       0xa4 xcp_standard.o
 .text.connectOutputPacketHandler
                0x08004180       0xd4 xcp_standard.o
 .text.disconnectInputPacketHandler
                0x08004254       0x54 xcp_standard.o
 .text.getStatusInputPacketHandler
                0x080042a8       0x28 xcp_standard.o
 .text.getStatusOutputPacketHandler
                0x080042d0       0x80 xcp_standard.o
 .text.synchInputPacketHandler
                0x08004350       0x44 xcp_standard.o
 .text.setMTAInputPacketHandler
                0x08004394       0x78 xcp_standard.o
 .text.uploadInputPacketHandler
                0x0800440c       0x98 xcp_standard.o
 .text.uploadOutputPacketHandler
                0x080044a4       0x9c xcp_standard.o
 .text.shortUploadInputPacketHandler
                0x08004540       0xa4 xcp_standard.o
 .text.shortUploadOutputPacketHandler
                0x080045e4       0x9c xcp_standard.o
 .text.getPacket
                0x08004680       0x24 xcp_standard.o
 .text.xcpStandardInit
                0x080046a4       0x18 xcp_standard.o
                0x080046a4                xcpStandardInit
 .text.xcpStandardGetPacketLookup
                0x080046bc       0x18 xcp_standard.o
                0x080046bc                xcpStandardGetPacketLookup
 .text.xcpStandardSetPacketLookup
                0x080046d4       0x20 xcp_standard.o
                0x080046d4                xcpStandardSetPacketLookup
 .text.xcpStandardReset
                0x080046f4       0x12 xcp_standard.o
                0x080046f4                xcpStandardReset
 *fill*         0x08004706        0x2 
 .text.xcpStandardGetAddressFromMta
                0x08004708       0x18 xcp_standard.o
                0x08004708                xcpStandardGetAddressFromMta
 .text.xcpStandardSetMta
                0x08004720       0x3c xcp_standard.o
                0x08004720                xcpStandardSetMta
 .text.xcpStandardIncrementMta
                0x0800475c       0x28 xcp_standard.o
                0x0800475c                xcpStandardIncrementMta
 .text.xcpStandardExtendedInit
                0x08004784        0xe xcp_standard.o
                0x08004784                xcpStandardExtendedInit
 .text.xcpStandardExtendedReset
                0x08004792        0xe xcp_standard.o
                0x08004792                xcpStandardExtendedReset
 .text.xcpDaqWriteLock
                0x080047a0       0x4c xcp_daq.o
 .text.xcpDaqWriteUnlock
                0x080047ec       0x20 xcp_daq.o
 .text.xcpDaqReadLock
                0x0800480c       0x38 xcp_daq.o
 .text.xcpDaqReadUnlock
                0x08004844       0x38 xcp_daq.o
 .text.isActiveDaqList
                0x0800487c       0x50 xcp_daq.o
 .text.noActiveDaqLists
                0x080048cc       0x50 xcp_daq.o
 .text.isValidDaqPtr
                0x0800491c       0xb8 xcp_daq.o
 .text.isValidDaqEntry
                0x080049d4       0x36 xcp_daq.o
 .text.isSupportedDaqListMode
                0x08004a0a       0x26 xcp_daq.o
 .text.isValidStartStopMode
                0x08004a30       0x32 xcp_daq.o
 .text.isValidStartStopSynchMode
                0x08004a62       0x32 xcp_daq.o
 .text.absoluteOdtNumberIdentification
                0x08004a94       0x10 xcp_daq.o
 .text.isDaqPackedModeEnabled
                0x08004aa4       0x6c xcp_daq.o
 .text.odtPacketSize
                0x08004b10       0x54 xcp_daq.o
 .text.createDaqReservedPool
                0x08004b64       0x88 xcp_daq.o
 .text.destroyDaqReservedPool
                0x08004bec       0x2c xcp_daq.o
 .text.setDaqPtrInputPacketHandler
                0x08004c18       0xdc xcp_daq.o
 .text.writeDaqInputPacketHandler
                0x08004cf4      0x198 xcp_daq.o
 .text.setDaqListModeInputPacketHandler
                0x08004e8c      0x1c8 xcp_daq.o
 .text.startStopDaqListInputPacketHandler
                0x08005054      0x3f4 xcp_daq.o
 .text.startStopDaqListOutputPacketHandler
                0x08005448       0x5c xcp_daq.o
 .text.startStopSynchInputPacketHandler
                0x080054a4      0x328 xcp_daq.o
 .text.getDaqProcessorInfoInputPacketHandler
                0x080057cc       0x28 xcp_daq.o
 .text.getDaqProcessorInfoOutputPacketHandler
                0x080057f4       0xac xcp_daq.o
 .text.getDaqResolutionInfoInputPacketHandler
                0x080058a0       0x28 xcp_daq.o
 .text.getDaqResolutionInfoOutputPacketHandler
                0x080058c8       0xb8 xcp_daq.o
 .text.freeDaqInputPacketHandler
                0x08005980       0x5c xcp_daq.o
 .text.allocDaqInputPacketHandler
                0x080059dc      0x18c xcp_daq.o
 .text.allocOdtInputPacketHandler
                0x08005b68      0x1c0 xcp_daq.o
 .text.allocOdtEntryInputPacketHandler
                0x08005d28      0x270 xcp_daq.o
 .text.getDaqClockInputPacketHandler
                0x08005f98       0x22 xcp_daq.o
 *fill*         0x08005fba        0x2 
 .text.setDaqPackedModeInputPacketHandler
                0x08005fbc      0x21c xcp_daq.o
 .text.level1CommandInputPacketHandler
                0x080061d8       0x64 xcp_daq.o
 .text.getPacket
                0x0800623c       0x24 xcp_daq.o
 .text.xcpDaqInit
                0x08006260       0x38 xcp_daq.o
                0x08006260                xcpDaqInit
 .text.xcpDaqGetPacketLookup
                0x08006298       0x18 xcp_daq.o
                0x08006298                xcpDaqGetPacketLookup
 .text.xcpDaqSetPacketLookup
                0x080062b0       0x20 xcp_daq.o
                0x080062b0                xcpDaqSetPacketLookup
 .text.xcpResetDaq
                0x080062d0       0xa4 xcp_daq.o
 .text.daqWriteXCPDataForOdt
                0x08006374       0x7c xcp_daq.o
 .text.odtWriteEntries
                0x080063f0       0x9c xcp_daq.o
 .text.xcpProcessDaq
                0x0800648c      0x208 xcp_daq.o
 .text.xcpDaqEvent
                0x08006694      0x108 xcp_daq.o
                0x08006694                xcpDaqEvent
 .text.xcpDaqEventsFlush
                0x0800679c      0x284 xcp_daq.o
                0x0800679c                xcpDaqEventsFlush
 .text.xcpDaqLock
                0x08006a20       0x1e xcp_daq.o
                0x08006a20                xcpDaqLock
 .text.xcpDaqUnlock
                0x08006a3e        0xe xcp_daq.o
                0x08006a3e                xcpDaqUnlock
 .text.xcpResetDaqListStatus
                0x08006a4c      0x19c xcp_daq.o
                0x08006a4c                xcpResetDaqListStatus
 .text.xcpDaqReset
                0x08006be8       0x20 xcp_daq.o
                0x08006be8                xcpDaqReset
 .text.xcpDaqExtendedInit
                0x08006c08        0xe xcp_daq.o
                0x08006c08                xcpDaqExtendedInit
 .text.xcpDaqExtendedReset
                0x08006c16        0xe xcp_daq.o
                0x08006c16                xcpDaqExtendedReset
 .text.isValidShortDownloadSize
                0x08006c24       0x34 xcp_calibration.o
 .text.isValidDownloadSize
                0x08006c58       0x3a xcp_calibration.o
 *fill*         0x08006c92        0x2 
 .text.xcpMemcpyToMTA
                0x08006c94       0x34 xcp_calibration.o
 .text.downloadInputPacketHandler
                0x08006cc8       0xb0 xcp_calibration.o
 .text.shortDownloadInputPacketHandler
                0x08006d78       0xb8 xcp_calibration.o
 .text.getPacket
                0x08006e30       0x24 xcp_calibration.o
 .text.xcpCalibrationInit
                0x08006e54       0x14 xcp_calibration.o
                0x08006e54                xcpCalibrationInit
 .text.xcpCalibrationGetPacketLookup
                0x08006e68       0x18 xcp_calibration.o
                0x08006e68                xcpCalibrationGetPacketLookup
 .text.xcpCalibrationSetPacketLookup
                0x08006e80       0x20 xcp_calibration.o
                0x08006e80                xcpCalibrationSetPacketLookup
 .text.xcpCalibrationReset
                0x08006ea0        0xe xcp_calibration.o
                0x08006ea0                xcpCalibrationReset
 .text.xcpFifoInit
                0x08006eae       0x20 xcp_fifo.o
                0x08006eae                xcpFifoInit
 .text.xcpFifoEnqueue
                0x08006ece       0x2a xcp_fifo.o
                0x08006ece                xcpFifoEnqueue
 .text.xcpFifoDequeue
                0x08006ef8       0x3e xcp_fifo.o
                0x08006ef8                xcpFifoDequeue
 .text.xcpFifoEnqueueHead
                0x08006f36       0x32 xcp_fifo.o
                0x08006f36                xcpFifoEnqueueHead
 .text.xcpFifoReset
                0x08006f68       0x16 xcp_fifo.o
                0x08006f68                xcpFifoReset
 *fill*         0x08006f7e        0x2 
 .text.xcpTransportEmptyTxFifo
                0x08006f80       0x6c xcp_transport.o
 .text.xcpTransportEmptyRxFifo
                0x08006fec       0x6c xcp_transport.o
 .text.xcpTransportInit
                0x08007058      0x138 xcp_transport.o
                0x08007058                xcpTransportInit
 .text.xcpTransportTxReady
                0x08007190       0x1a xcp_transport.o
                0x08007190                xcpTransportTxReady
 .text.xcpTransportTxTrigger
                0x080071aa       0x1a xcp_transport.o
                0x080071aa                xcpTransportTxTrigger
 .text.xcpTransportTxPacketSet
                0x080071c4      0x144 xcp_transport.o
                0x080071c4                xcpTransportTxPacketSet
 .text.xcpTransportTx
                0x08007308       0xec xcp_transport.o
                0x08007308                xcpTransportTx
 .text.xcpTransportRx
                0x080073f4       0x80 xcp_transport.o
                0x080073f4                xcpTransportRx
 .text.xcpTransportRxPacketGet
                0x08007474      0x12c xcp_transport.o
                0x08007474                xcpTransportRxPacketGet
 .text.xcpTransportPacketOffset
                0x080075a0       0x20 xcp_transport.o
                0x080075a0                xcpTransportPacketOffset
 .text.xcpTransportMsgBufferSize
                0x080075c0       0x70 xcp_transport.o
                0x080075c0                xcpTransportMsgBufferSize
 .text.xcpTransportMaxDtoSize
                0x08007630        0xe xcp_transport.o
                0x08007630                xcpTransportMaxDtoSize
 .text.xcpTransportMaxCtoSize
                0x0800763e        0xe xcp_transport.o
                0x0800763e                xcpTransportMaxCtoSize
 .text.xcpTransportRestart
                0x0800764c       0x44 xcp_transport.o
                0x0800764c                xcpTransportRestart
 .text.xcpTransportResynch
                0x08007690       0x40 xcp_transport.o
                0x08007690                xcpTransportResynch
 .text.xcpTransportCtoReservedMemPoolId
                0x080076d0       0x18 xcp_transport.o
                0x080076d0                xcpTransportCtoReservedMemPoolId
 .text.xcpTransportReset
                0x080076e8       0xe4 xcp_transport.o
                0x080076e8                xcpTransportReset
 .text.xcpInitializePoolMemoryArea
                0x080077cc       0x72 xcp_mem_default.o
 *fill*         0x0800783e        0x2 
 .text.xcpMemInit
                0x08007840      0x1d4 xcp_mem_default.o
                0x08007840                xcpMemInit
 .text.xcpMemAlloc
                0x08007a14       0xe8 xcp_mem_default.o
                0x08007a14                xcpMemAlloc
 .text.xcpMemFree
                0x08007afc      0x170 xcp_mem_default.o
                0x08007afc                xcpMemFree
 .text.xcpMemReservedPoolCreate
                0x08007c6c      0x224 xcp_mem_default.o
                0x08007c6c                xcpMemReservedPoolCreate
 .text.xcpMemReservedPoolDestroy
                0x08007e90      0x158 xcp_mem_default.o
                0x08007e90                xcpMemReservedPoolDestroy
 .text.xcpMemCustomPoolCreate
                0x08007fe8       0xbc xcp_mem_default.o
                0x08007fe8                xcpMemCustomPoolCreate
 .text.xcpMemCustomPoolDestroy
                0x080080a4       0x64 xcp_mem_default.o
                0x080080a4                xcpMemCustomPoolDestroy
 .text.xcpMemAllocFromPool
                0x08008108      0x170 xcp_mem_default.o
                0x08008108                xcpMemAllocFromPool
 .text.xcpMemReset
                0x08008278       0x50 xcp_mem_default.o
                0x08008278                xcpMemReset
 .text.xcpDrvOpen
                0x080082c8       0x64 xcp_drv_rtiostream.o
                0x080082c8                xcpDrvOpen
 .text.xcpDrvIoctl
                0x0800832c       0x4c xcp_drv_rtiostream.o
                0x0800832c                xcpDrvIoctl
 .text.xcpDrvSend
                0x08008378      0x14c xcp_drv_rtiostream.o
                0x08008378                xcpDrvSend
 .text.xcpDrvRecv
                0x080084c4      0x14c xcp_drv_rtiostream.o
                0x080084c4                xcpDrvRecv
 .text.xcpDrvClose
                0x08008610       0x5c xcp_drv_rtiostream.o
                0x08008610                xcpDrvClose
 .text.xcpSortArray
                0x0800866c       0xcc xcp_utils.o
                0x0800866c                xcpSortArray
 .text.xcpSxiHtons
                0x08008738       0x18 xcp_frame_serial.o
 .text.xcpSxiNtohs
                0x08008750       0x1c xcp_frame_serial.o
 .text.xcpSxiChecksum
                0x0800876c       0x3e xcp_frame_serial.o
                0x0800876c                xcpSxiChecksum
 *fill*         0x080087aa        0x2 
 .text.xcpFrameInit
                0x080087ac       0x70 xcp_frame_serial.o
                0x080087ac                xcpFrameInit
 .text.xcpFrameMsgSend
                0x0800881c      0x188 xcp_frame_serial.o
                0x0800881c                xcpFrameMsgSend
 .text.xcpFrameMsgRecv
                0x080089a4      0x180 xcp_frame_serial.o
                0x080089a4                xcpFrameMsgRecv
 .text.xcpFrameCreateMsg
                0x08008b24       0x94 xcp_frame_serial.o
                0x08008b24                xcpFrameCreateMsg
 .text.xcpFrameExtractPacket
                0x08008bb8      0x158 xcp_frame_serial.o
                0x08008bb8                xcpFrameExtractPacket
 .text.xcpFrameHeaderSize
                0x08008d10       0x10 xcp_frame_serial.o
                0x08008d10                xcpFrameHeaderSize
 .text.xcpFrameTailSize
                0x08008d20       0x10 xcp_frame_serial.o
                0x08008d20                xcpFrameTailSize
 .text.xcpFrameMaxDtoSize
                0x08008d30       0x12 xcp_frame_serial.o
                0x08008d30                xcpFrameMaxDtoSize
 .text.xcpFrameMaxCtoSize
                0x08008d42       0x10 xcp_frame_serial.o
                0x08008d42                xcpFrameMaxCtoSize
 *fill*         0x08008d52        0x2 
 .text.xcpFrameRestart
                0x08008d54       0x30 xcp_frame_serial.o
                0x08008d54                xcpFrameRestart
 .text.xcpFrameSetCtoReservedMemPoolId
                0x08008d84       0x20 xcp_frame_serial.o
                0x08008d84                xcpFrameSetCtoReservedMemPoolId
 .text.xcpFrameReset
                0x08008da4       0x70 xcp_frame_serial.o
                0x08008da4                xcpFrameReset
 .text.xcpTransportGetInitParameters
                0x08008e14       0x2e xcp_ext_param_default_serial.o
                0x08008e14                xcpTransportGetInitParameters
 .text.xcpGetInitParameters
                0x08008e42       0x2e xcp_ext_param_default_serial.o
                0x08008e42                xcpGetInitParameters
 .text.HAL_Delay
                0x08008e70       0x2e overrideHALDelay.o
                0x08008e70                HAL_Delay
 *fill*         0x08008e9e        0x2 
 .text.PeriphCommonClock_Config
                0x08008ea0       0x10 platform_timer.o
                0x08008ea0                PeriphCommonClock_Config
 .text.getCurrentTimestampInMicros
                0x08008eb0       0x3c platform_timer.o
                0x08008eb0                getCurrentTimestampInMicros
 .text.returnTimeElapsed
                0x08008eec       0x2c platform_timer.o
                0x08008eec                returnTimeElapsed
 .text.timestampInit
                0x08008f18       0x28 platform_timer.o
 .text.getCurrentTimestamp
                0x08008f40       0x44 platform_timer.o
                0x08008f40                getCurrentTimestamp
 .text.__NVIC_SetPriority
                0x08008f84       0x54 SysTickScheduler.o
 .text.SysTick_Config
                0x08008fd8       0x44 SysTickScheduler.o
 .text.SysTick_Isr
                0x0800901c       0x48 SysTickScheduler.o
 .text.SysTick_Handler
                0x08009064       0x20 SysTickScheduler.o
                0x08009064                SysTick_Handler
 .text.ARMCM_SysTick_Config
                0x08009084       0xb0 SysTickScheduler.o
                0x08009084                ARMCM_SysTick_Config
 .text.PendSV_Handler
                0x08009134       0x44 m3m4m4f_multitasking.o
                0x08009134                PendSV_Handler
 .text.SVC_Handler
                0x08009178       0x58 m3m4m4f_multitasking.o
                0x08009178                SVC_Handler
 .text.rtIOStreamOpen
                0x080091d0       0x44 rtiostream_serial.o
                0x080091d0                rtIOStreamOpen
 .text.rtIOStreamSend
                0x08009214       0x38 rtiostream_serial.o
                0x08009214                rtIOStreamSend
 .text.rtIOStreamRecv
                0x0800924c       0x48 rtiostream_serial.o
                0x0800924c                rtIOStreamRecv
 .text.rtIOStreamClose
                0x08009294       0x20 rtiostream_serial.o
                0x08009294                rtIOStreamClose
 .text.LL_DMA_GetDataLength
                0x080092b4       0x30 stm_usart.o
 .text.getAvailableDataInBuffer
                0x080092e4       0xcc stm_usart.o
                0x080092e4                getAvailableDataInBuffer
 .text.getBytesToBeReadFromBuffer
                0x080093b0       0x6e stm_usart.o
                0x080093b0                getBytesToBeReadFromBuffer
 *fill*         0x0800941e        0x2 
 .text.readDataFromBuffer
                0x08009420       0xdc stm_usart.o
                0x08009420                readDataFromBuffer
 .text.__NVIC_GetPriorityGrouping
                0x080094fc       0x1c stm_lpuart.o
 .text.__NVIC_EnableIRQ
                0x08009518       0x3c stm_lpuart.o
 .text.__NVIC_SetPriority
                0x08009554       0x54 stm_lpuart.o
 .text.NVIC_EncodePriority
                0x080095a8       0x66 stm_lpuart.o
 *fill*         0x0800960e        0x2 
 .text.LL_DMA_EnableChannel
                0x08009610       0x44 stm_lpuart.o
 .text.LL_DMA_DisableChannel
                0x08009654       0x44 stm_lpuart.o
 .text.LL_DMA_GetMode
                0x08009698       0x34 stm_lpuart.o
 .text.LL_DMA_SetDataLength
                0x080096cc       0x4c stm_lpuart.o
 .text.LL_DMA_ConfigAddresses
                0x08009718       0x7c stm_lpuart.o
 .text.LL_DMA_IsActiveFlag_TC1
                0x08009794       0x26 stm_lpuart.o
 .text.LL_DMA_ClearFlag_TC1
                0x080097ba       0x1a stm_lpuart.o
 .text.LL_DMA_EnableIT_TC
                0x080097d4       0x44 stm_lpuart.o
 .text.LL_DMA_DisableIT_TC
                0x08009818       0x44 stm_lpuart.o
 .text.LL_DMA_IsEnabledIT_TC
                0x0800985c       0x3c stm_lpuart.o
 .text.LL_LPUART_Enable
                0x08009898       0x20 stm_lpuart.o
 .text.LL_LPUART_Disable
                0x080098b8       0x20 stm_lpuart.o
 .text.LL_LPUART_IsEnabled
                0x080098d8       0x26 stm_lpuart.o
 .text.LL_LPUART_IsActiveFlag_PE
                0x080098fe       0x26 stm_lpuart.o
 .text.LL_LPUART_IsActiveFlag_FE
                0x08009924       0x26 stm_lpuart.o
 .text.LL_LPUART_IsActiveFlag_NE
                0x0800994a       0x26 stm_lpuart.o
 .text.LL_LPUART_IsActiveFlag_ORE
                0x08009970       0x26 stm_lpuart.o
 .text.LL_LPUART_IsActiveFlag_TC
                0x08009996       0x26 stm_lpuart.o
 .text.LL_LPUART_IsActiveFlag_TXE_TXFNF
                0x080099bc       0x26 stm_lpuart.o
 .text.LL_LPUART_ClearFlag_PE
                0x080099e2       0x1a stm_lpuart.o
 .text.LL_LPUART_ClearFlag_FE
                0x080099fc       0x1a stm_lpuart.o
 .text.LL_LPUART_ClearFlag_NE
                0x08009a16       0x1a stm_lpuart.o
 .text.LL_LPUART_ClearFlag_ORE
                0x08009a30       0x1a stm_lpuart.o
 .text.LL_LPUART_EnableIT_RXNE_RXFNE
                0x08009a4a       0x42 stm_lpuart.o
 .text.LL_LPUART_EnableIT_PE
                0x08009a8c       0x42 stm_lpuart.o
 .text.LL_LPUART_EnableIT_ERROR
                0x08009ace       0x46 stm_lpuart.o
 .text.LL_LPUART_DisableIT_RXNE_RXFNE
                0x08009b14       0x42 stm_lpuart.o
 .text.LL_LPUART_DisableIT_TXE_TXFNF
                0x08009b56       0x42 stm_lpuart.o
 .text.LL_LPUART_DisableIT_PE
                0x08009b98       0x42 stm_lpuart.o
 .text.LL_LPUART_DisableIT_ERROR
                0x08009bda       0x46 stm_lpuart.o
 .text.LL_LPUART_EnableDMAReq_RX
                0x08009c20       0x46 stm_lpuart.o
 .text.LL_LPUART_DisableDMAReq_RX
                0x08009c66       0x46 stm_lpuart.o
 .text.LL_LPUART_EnableDMAReq_TX
                0x08009cac       0x46 stm_lpuart.o
 .text.LL_LPUART_DisableDMAReq_TX
                0x08009cf2       0x46 stm_lpuart.o
 .text.LL_LPUART_DMA_GetRegAddr
                0x08009d38       0x2c stm_lpuart.o
 .text.LL_LPUART_ReceiveData8
                0x08009d64       0x1a stm_lpuart.o
 .text.LL_LPUART_TransmitData8
                0x08009d7e       0x1e stm_lpuart.o
 .text.LPUART_RXDMAInterruptHandler
                0x08009d9c       0xd4 stm_lpuart.o
                0x08009d9c                LPUART_RXDMAInterruptHandler
 .text.LPUART_IsActiveFlagError
                0x08009e70       0xf4 stm_lpuart.o
                0x08009e70                LPUART_IsActiveFlagError
 .text.LPUART1_IRQHandler
                0x08009f64       0x14 stm_lpuart.o
                0x08009f64                LPUART1_IRQHandler
 .text.DMA1_Channel1_IRQHandler
                0x08009f78       0x20 stm_lpuart.o
                0x08009f78                DMA1_Channel1_IRQHandler
 .text.LPUART_ConfigureReceiveDMA
                0x08009f98       0xae stm_lpuart.o
                0x08009f98                LPUART_ConfigureReceiveDMA
 .text.LPUART_ConfigureTransmitDMA
                0x0800a046       0x7a stm_lpuart.o
                0x0800a046                LPUART_ConfigureTransmitDMA
 .text.MW_LPUART_GetReadErrorStatus
                0x0800a0c0       0xc8 stm_lpuart.o
                0x0800a0c0                MW_LPUART_GetReadErrorStatus
 .text.MW_LPUART_Initialize
                0x0800a188      0x170 stm_lpuart.o
                0x0800a188                MW_LPUART_Initialize
 .text.MW_LPUART_ReceiveUsingBuffer
                0x0800a2f8       0x5c stm_lpuart.o
                0x0800a2f8                MW_LPUART_ReceiveUsingBuffer
 .text.MW_LPUART_TransmitUsingPolling
                0x0800a354      0x184 stm_lpuart.o
                0x0800a354                MW_LPUART_TransmitUsingPolling
 .text.MW_LPUART_DeInit
                0x0800a4d8       0xaa stm_lpuart.o
                0x0800a4d8                MW_LPUART_DeInit
 .text.sys_arch_protect
                0x0800a582       0x22 sys_arch.o
                0x0800a582                sys_arch_protect
 .text.sys_arch_unprotect
                0x0800a5a4       0x20 sys_arch.o
                0x0800a5a4                sys_arch_unprotect
 .text.__NVIC_GetPriorityGrouping
                0x0800a5c4       0x1c main.o
 .text.__NVIC_EnableIRQ
                0x0800a5e0       0x3c main.o
 .text.__NVIC_SetPriority
                0x0800a61c       0x54 main.o
 .text.NVIC_EncodePriority
                0x0800a670       0x66 main.o
 *fill*         0x0800a6d6        0x2 
 .text.LL_DMA_SetDataTransferDirection
                0x0800a6d8       0x50 main.o
 .text.LL_DMA_SetMode
                0x0800a728       0x4c main.o
 .text.LL_DMA_SetPeriphIncMode
                0x0800a774       0x4c main.o
 .text.LL_DMA_SetMemoryIncMode
                0x0800a7c0       0x4c main.o
 .text.LL_DMA_SetPeriphSize
                0x0800a80c       0x4c main.o
 .text.LL_DMA_SetMemorySize
                0x0800a858       0x4c main.o
 .text.LL_DMA_SetChannelPriorityLevel
                0x0800a8a4       0x4c main.o
 .text.LL_DMA_SetPeriphRequest
                0x0800a8f0       0x54 main.o
 .text.LL_LPUART_Enable
                0x0800a944       0x20 main.o
 .text.LL_LPUART_DisableFIFO
                0x0800a964       0x20 main.o
 .text.LL_LPUART_SetTXFIFOThreshold
                0x0800a984       0x4e main.o
 .text.LL_LPUART_SetRXFIFOThreshold
                0x0800a9d2       0x4e main.o
 .text.LL_LPUART_IsActiveFlag_TEACK
                0x0800aa20       0x28 main.o
 .text.LL_LPUART_IsActiveFlag_REACK
                0x0800aa48       0x28 main.o
 .text.LL_RCC_HSI_Enable
                0x0800aa70       0x20 main.o
 .text.LL_RCC_HSI_IsReady
                0x0800aa90       0x28 main.o
 .text.LL_RCC_HSI_SetCalibTrimming
                0x0800aab8       0x2c main.o
 .text.LL_RCC_SetSysClkSource
                0x0800aae4       0x28 main.o
 .text.LL_RCC_GetSysClkSource
                0x0800ab0c       0x1c main.o
 .text.LL_RCC_SetAHBPrescaler
                0x0800ab28       0x28 main.o
 .text.LL_RCC_SetAPB1Prescaler
                0x0800ab50       0x28 main.o
 .text.LL_RCC_SetAPB2Prescaler
                0x0800ab78       0x28 main.o
 .text.LL_RCC_SetLPUARTClockSource
                0x0800aba0       0x2c main.o
 .text.LL_RCC_PLL_Enable
                0x0800abcc       0x20 main.o
 .text.LL_RCC_PLL_IsReady
                0x0800abec       0x28 main.o
 .text.LL_RCC_PLL_ConfigDomain_SYS
                0x0800ac14       0x40 main.o
 .text.LL_RCC_PLL_EnableDomain_SYS
                0x0800ac54       0x20 main.o
 .text.LL_AHB1_GRP1_EnableClock
                0x0800ac74       0x30 main.o
 .text.LL_AHB2_GRP1_EnableClock
                0x0800aca4       0x30 main.o
 .text.LL_APB1_GRP1_EnableClock
                0x0800acd4       0x30 main.o
 .text.LL_APB1_GRP2_EnableClock
                0x0800ad04       0x30 main.o
 .text.LL_APB2_GRP1_EnableClock
                0x0800ad34       0x30 main.o
 .text.LL_SYSCFG_SetEXTISource
                0x0800ad64       0x70 main.o
 .text.LL_FLASH_SetLatency
                0x0800add4       0x28 main.o
 .text.LL_FLASH_GetLatency
                0x0800adfc       0x1c main.o
 .text.LL_PWR_EnableRange1BoostMode
                0x0800ae18       0x24 main.o
 .text.LL_TIM_DisableARRPreload
                0x0800ae3c       0x20 main.o
 .text.LL_TIM_IC_SetActiveInput
                0x0800ae5c       0xc0 main.o
 .text.LL_TIM_IC_SetPrescaler
                0x0800af1c       0xc0 main.o
 .text.LL_TIM_IC_SetFilter
                0x0800afdc       0xc0 main.o
 .text.LL_TIM_IC_SetPolarity
                0x0800b09c       0xac main.o
 .text.LL_TIM_SetEncoderMode
                0x0800b148       0x2a main.o
 .text.LL_TIM_SetTriggerOutput
                0x0800b172       0x2a main.o
 .text.LL_TIM_SetTriggerOutput2
                0x0800b19c       0x26 main.o
 .text.LL_TIM_DisableMasterSlaveMode
                0x0800b1c2       0x20 main.o
 .text.LL_GPIO_SetPinMode
                0x0800b1e2       0x7a main.o
 .text.LL_GPIO_SetPinPull
                0x0800b25c       0x7a main.o
 .text.LL_GPIO_ResetOutputPin
                0x0800b2d6       0x1c main.o
 *fill*         0x0800b2f2        0x2 
 .text.SystemClock_Config
                0x0800b2f4       0xb0 main.o
                0x0800b2f4                SystemClock_Config
 .text.MX_LPUART1_UART_Init
                0x0800b3a4      0x148 main.o
                0x0800b3a4                MX_LPUART1_UART_Init
 .text.MX_TIM3_Init
                0x0800b4ec      0x114 main.o
                0x0800b4ec                MX_TIM3_Init
 .text.MX_TIM4_Init
                0x0800b600      0x118 main.o
                0x0800b600                MX_TIM4_Init
 .text.MX_TIM8_Init
                0x0800b718      0x134 main.o
                0x0800b718                MX_TIM8_Init
 .text.MX_DMA_Init
                0x0800b84c       0x34 main.o
                0x0800b84c                MX_DMA_Init
 .text.MX_GPIO_Init
                0x0800b880      0x108 main.o
                0x0800b880                MX_GPIO_Init
 .text.HAL_TIM_PeriodElapsedCallback
                0x0800b988       0x1e main.o
                0x0800b988                HAL_TIM_PeriodElapsedCallback
 .text.Error_Handler
                0x0800b9a6        0xc main.o
                0x0800b9a6                Error_Handler
 *fill*         0x0800b9b2        0x2 
 .text.LL_EXTI_IsActiveFlag_0_31
                0x0800b9b4       0x2c stm32g4xx_it.o
 .text.LL_EXTI_ClearFlag_0_31
                0x0800b9e0       0x20 stm32g4xx_it.o
 .text.NMI_Handler
                0x0800ba00        0x8 stm32g4xx_it.o
                0x0800ba00                NMI_Handler
 .text.HardFault_Handler
                0x0800ba08        0x8 stm32g4xx_it.o
                0x0800ba08                HardFault_Handler
 .text.MemManage_Handler
                0x0800ba10        0x8 stm32g4xx_it.o
                0x0800ba10                MemManage_Handler
 .text.BusFault_Handler
                0x0800ba18        0x8 stm32g4xx_it.o
                0x0800ba18                BusFault_Handler
 .text.UsageFault_Handler
                0x0800ba20        0x8 stm32g4xx_it.o
                0x0800ba20                UsageFault_Handler
 .text.DebugMon_Handler
                0x0800ba28        0xe stm32g4xx_it.o
                0x0800ba28                DebugMon_Handler
 *fill*         0x0800ba36        0x2 
 .text.TIM2_IRQHandler
                0x0800ba38       0x14 stm32g4xx_it.o
                0x0800ba38                TIM2_IRQHandler
 .text.EXTI15_10_IRQHandler
                0x0800ba4c       0x1e stm32g4xx_it.o
                0x0800ba4c                EXTI15_10_IRQHandler
 *fill*         0x0800ba6a        0x2 
 .text.HAL_MspInit
                0x0800ba6c       0x48 stm32g4xx_hal_msp.o
                0x0800ba6c                HAL_MspInit
 .text.HAL_InitTick
                0x0800bab4       0xd8 stm32g4xx_hal_timebase_tim.o
                0x0800bab4                HAL_InitTick
 .text.LL_SetSystemCoreClock
                0x0800bb8c       0x20 stm32g4xx_ll_utils.o
                0x0800bb8c                LL_SetSystemCoreClock
 .text.LL_EXTI_EnableIT_0_31
                0x0800bbac       0x24 stm32g4xx_ll_exti.o
 .text.LL_EXTI_EnableIT_32_63
                0x0800bbd0       0x24 stm32g4xx_ll_exti.o
 .text.LL_EXTI_DisableIT_0_31
                0x0800bbf4       0x28 stm32g4xx_ll_exti.o
 .text.LL_EXTI_DisableIT_32_63
                0x0800bc1c       0x28 stm32g4xx_ll_exti.o
 .text.LL_EXTI_EnableEvent_0_31
                0x0800bc44       0x24 stm32g4xx_ll_exti.o
 .text.LL_EXTI_EnableEvent_32_63
                0x0800bc68       0x24 stm32g4xx_ll_exti.o
 .text.LL_EXTI_DisableEvent_0_31
                0x0800bc8c       0x28 stm32g4xx_ll_exti.o
 .text.LL_EXTI_DisableEvent_32_63
                0x0800bcb4       0x28 stm32g4xx_ll_exti.o
 .text.LL_EXTI_EnableRisingTrig_0_31
                0x0800bcdc       0x24 stm32g4xx_ll_exti.o
 .text.LL_EXTI_EnableRisingTrig_32_63
                0x0800bd00       0x24 stm32g4xx_ll_exti.o
 .text.LL_EXTI_DisableRisingTrig_0_31
                0x0800bd24       0x28 stm32g4xx_ll_exti.o
 .text.LL_EXTI_DisableRisingTrig_32_63
                0x0800bd4c       0x28 stm32g4xx_ll_exti.o
 .text.LL_EXTI_EnableFallingTrig_0_31
                0x0800bd74       0x24 stm32g4xx_ll_exti.o
 .text.LL_EXTI_EnableFallingTrig_32_63
                0x0800bd98       0x24 stm32g4xx_ll_exti.o
 .text.LL_EXTI_DisableFallingTrig_0_31
                0x0800bdbc       0x28 stm32g4xx_ll_exti.o
 .text.LL_EXTI_DisableFallingTrig_32_63
                0x0800bde4       0x28 stm32g4xx_ll_exti.o
 .text.LL_EXTI_Init
                0x0800be0c      0x1ec stm32g4xx_ll_exti.o
                0x0800be0c                LL_EXTI_Init
 .text.LL_GPIO_SetPinMode
                0x0800bff8       0x7a stm32g4xx_ll_gpio.o
 .text.LL_GPIO_SetPinOutputType
                0x0800c072       0x30 stm32g4xx_ll_gpio.o
 .text.LL_GPIO_SetPinSpeed
                0x0800c0a2       0x7a stm32g4xx_ll_gpio.o
 .text.LL_GPIO_SetPinPull
                0x0800c11c       0x7a stm32g4xx_ll_gpio.o
 .text.LL_GPIO_SetAFPin_0_7
                0x0800c196       0x7a stm32g4xx_ll_gpio.o
 .text.LL_GPIO_SetAFPin_8_15
                0x0800c210       0x7e stm32g4xx_ll_gpio.o
 .text.LL_GPIO_Init
                0x0800c28e       0xdc stm32g4xx_ll_gpio.o
                0x0800c28e                LL_GPIO_Init
 .text.LL_LPUART_IsEnabled
                0x0800c36a       0x26 stm32g4xx_ll_lpuart.o
 .text.LL_LPUART_SetPrescaler
                0x0800c390       0x28 stm32g4xx_ll_lpuart.o
 .text.LL_LPUART_SetStopBitsLength
                0x0800c3b8       0x26 stm32g4xx_ll_lpuart.o
 .text.LL_LPUART_SetHWFlowCtrl
                0x0800c3de       0x26 stm32g4xx_ll_lpuart.o
 .text.LL_LPUART_SetBaudRate
                0x0800c404       0x98 stm32g4xx_ll_lpuart.o
 .text.LL_LPUART_Init
                0x0800c49c       0x98 stm32g4xx_ll_lpuart.o
                0x0800c49c                LL_LPUART_Init
 .text.LL_RCC_HSI_IsReady
                0x0800c534       0x28 stm32g4xx_ll_rcc.o
 .text.LL_RCC_LSE_IsReady
                0x0800c55c       0x28 stm32g4xx_ll_rcc.o
 .text.LL_RCC_GetSysClkSource
                0x0800c584       0x1c stm32g4xx_ll_rcc.o
 .text.LL_RCC_GetAHBPrescaler
                0x0800c5a0       0x1c stm32g4xx_ll_rcc.o
 .text.LL_RCC_GetAPB1Prescaler
                0x0800c5bc       0x1c stm32g4xx_ll_rcc.o
 .text.LL_RCC_GetLPUARTClockSource
                0x0800c5d8       0x24 stm32g4xx_ll_rcc.o
 .text.LL_RCC_PLL_GetMainSource
                0x0800c5fc       0x1c stm32g4xx_ll_rcc.o
 .text.LL_RCC_PLL_GetN
                0x0800c618       0x1c stm32g4xx_ll_rcc.o
 .text.LL_RCC_PLL_GetR
                0x0800c634       0x1c stm32g4xx_ll_rcc.o
 .text.LL_RCC_PLL_GetDivider
                0x0800c650       0x1c stm32g4xx_ll_rcc.o
 .text.LL_RCC_GetLPUARTClockFreq
                0x0800c66c       0x84 stm32g4xx_ll_rcc.o
                0x0800c66c                LL_RCC_GetLPUARTClockFreq
 .text.RCC_GetSystemClockFreq
                0x0800c6f0       0x4c stm32g4xx_ll_rcc.o
 .text.RCC_GetHCLKClockFreq
                0x0800c73c       0x30 stm32g4xx_ll_rcc.o
 .text.RCC_GetPCLK1ClockFreq
                0x0800c76c       0x2c stm32g4xx_ll_rcc.o
 .text.RCC_PLL_GetFreqDomain_SYS
                0x0800c798       0x68 stm32g4xx_ll_rcc.o
 .text.HAL_Init
                0x0800c800       0x30 stm32g4xx_hal.o
                0x0800c800                HAL_Init
 .text.HAL_IncTick
                0x0800c830       0x24 stm32g4xx_hal.o
                0x0800c830                HAL_IncTick
 .text.HAL_GetTick
                0x0800c854       0x18 stm32g4xx_hal.o
                0x0800c854                HAL_GetTick
 .text.HAL_RCC_GetHCLKFreq
                0x0800c86c       0x18 stm32g4xx_hal_rcc.o
                0x0800c86c                HAL_RCC_GetHCLKFreq
 .text.HAL_RCC_GetPCLK1Freq
                0x0800c884       0x2c stm32g4xx_hal_rcc.o
                0x0800c884                HAL_RCC_GetPCLK1Freq
 .text.HAL_RCC_GetClockConfig
                0x0800c8b0       0x64 stm32g4xx_hal_rcc.o
                0x0800c8b0                HAL_RCC_GetClockConfig
 .text.HAL_PWREx_DisableUCPDDeadBattery
                0x0800c914       0x20 stm32g4xx_hal_pwr_ex.o
                0x0800c914                HAL_PWREx_DisableUCPDDeadBattery
 .text.__NVIC_SetPriorityGrouping
                0x0800c934       0x48 stm32g4xx_hal_cortex.o
 .text.__NVIC_GetPriorityGrouping
                0x0800c97c       0x1c stm32g4xx_hal_cortex.o
 .text.__NVIC_EnableIRQ
                0x0800c998       0x3c stm32g4xx_hal_cortex.o
 .text.__NVIC_SetPriority
                0x0800c9d4       0x54 stm32g4xx_hal_cortex.o
 .text.NVIC_EncodePriority
                0x0800ca28       0x66 stm32g4xx_hal_cortex.o
 .text.HAL_NVIC_SetPriorityGrouping
                0x0800ca8e       0x16 stm32g4xx_hal_cortex.o
                0x0800ca8e                HAL_NVIC_SetPriorityGrouping
 .text.HAL_NVIC_SetPriority
                0x0800caa4       0x34 stm32g4xx_hal_cortex.o
                0x0800caa4                HAL_NVIC_SetPriority
 .text.HAL_NVIC_EnableIRQ
                0x0800cad8       0x1c stm32g4xx_hal_cortex.o
                0x0800cad8                HAL_NVIC_EnableIRQ
 .text.HAL_TIM_Base_Init
                0x0800caf4       0xae stm32g4xx_hal_tim.o
                0x0800caf4                HAL_TIM_Base_Init
 .text.HAL_TIM_Base_MspInit
                0x0800cba2       0x14 stm32g4xx_hal_tim.o
                0x0800cba2                HAL_TIM_Base_MspInit
 *fill*         0x0800cbb6        0x2 
 .text.HAL_TIM_Base_Start_IT
                0x0800cbb8       0xf0 stm32g4xx_hal_tim.o
                0x0800cbb8                HAL_TIM_Base_Start_IT
 .text.HAL_TIM_IRQHandler
                0x0800cca8      0x2fe stm32g4xx_hal_tim.o
                0x0800cca8                HAL_TIM_IRQHandler
 .text.HAL_TIM_OC_DelayElapsedCallback
                0x0800cfa6       0x14 stm32g4xx_hal_tim.o
                0x0800cfa6                HAL_TIM_OC_DelayElapsedCallback
 .text.HAL_TIM_IC_CaptureCallback
                0x0800cfba       0x14 stm32g4xx_hal_tim.o
                0x0800cfba                HAL_TIM_IC_CaptureCallback
 .text.HAL_TIM_PWM_PulseFinishedCallback
                0x0800cfce       0x14 stm32g4xx_hal_tim.o
                0x0800cfce                HAL_TIM_PWM_PulseFinishedCallback
 .text.HAL_TIM_TriggerCallback
                0x0800cfe2       0x14 stm32g4xx_hal_tim.o
                0x0800cfe2                HAL_TIM_TriggerCallback
 *fill*         0x0800cff6        0x2 
 .text.TIM_Base_SetConfig
                0x0800cff8      0x150 stm32g4xx_hal_tim.o
                0x0800cff8                TIM_Base_SetConfig
 .text.HAL_TIMEx_CommutCallback
                0x0800d148       0x14 stm32g4xx_hal_tim_ex.o
                0x0800d148                HAL_TIMEx_CommutCallback
 .text.HAL_TIMEx_BreakCallback
                0x0800d15c       0x14 stm32g4xx_hal_tim_ex.o
                0x0800d15c                HAL_TIMEx_BreakCallback
 .text.HAL_TIMEx_Break2Callback
                0x0800d170       0x14 stm32g4xx_hal_tim_ex.o
                0x0800d170                HAL_TIMEx_Break2Callback
 .text.HAL_TIMEx_EncoderIndexCallback
                0x0800d184       0x14 stm32g4xx_hal_tim_ex.o
                0x0800d184                HAL_TIMEx_EncoderIndexCallback
 .text.HAL_TIMEx_DirectionChangeCallback
                0x0800d198       0x14 stm32g4xx_hal_tim_ex.o
                0x0800d198                HAL_TIMEx_DirectionChangeCallback
 .text.HAL_TIMEx_IndexErrorCallback
                0x0800d1ac       0x14 stm32g4xx_hal_tim_ex.o
                0x0800d1ac                HAL_TIMEx_IndexErrorCallback
 .text.HAL_TIMEx_TransitionErrorCallback
                0x0800d1c0       0x14 stm32g4xx_hal_tim_ex.o
                0x0800d1c0                HAL_TIMEx_TransitionErrorCallback
 .text.LL_TIM_SetPrescaler
                0x0800d1d4       0x1c stm32g4xx_ll_tim.o
 .text.LL_TIM_SetAutoReload
                0x0800d1f0       0x1c stm32g4xx_ll_tim.o
 .text.LL_TIM_SetRepetitionCounter
                0x0800d20c       0x1c stm32g4xx_ll_tim.o
 .text.LL_TIM_GenerateEvent_UPDATE
                0x0800d228       0x20 stm32g4xx_ll_tim.o
 .text.LL_TIM_Init
                0x0800d248      0x144 stm32g4xx_ll_tim.o
                0x0800d248                LL_TIM_Init
 .text.SystemInit
                0x0800d38c       0x24 system_stm32g4xx.o
                0x0800d38c                SystemInit
 .text.Reset_Handler
                0x0800d3b0       0x50 startup_stm32g474retx.o
                0x0800d3b0                Reset_Handler
 .text.Default_Handler
                0x0800d400        0x2 startup_stm32g474retx.o
                0x0800d400                RTC_Alarm_IRQHandler
                0x0800d400                EXTI2_IRQHandler
                0x0800d400                TIM8_TRG_COM_IRQHandler
                0x0800d400                TIM8_CC_IRQHandler
                0x0800d400                HRTIM1_Master_IRQHandler
                0x0800d400                SPI4_IRQHandler
                0x0800d400                FDCAN3_IT0_IRQHandler
                0x0800d400                TIM1_CC_IRQHandler
                0x0800d400                HRTIM1_FLT_IRQHandler
                0x0800d400                HRTIM1_TIMF_IRQHandler
                0x0800d400                USB_HP_IRQHandler
                0x0800d400                CORDIC_IRQHandler
                0x0800d400                HRTIM1_TIMD_IRQHandler
                0x0800d400                DMA2_Channel8_IRQHandler
                0x0800d400                EXTI3_IRQHandler
                0x0800d400                I2C3_ER_IRQHandler
                0x0800d400                EXTI0_IRQHandler
                0x0800d400                I2C2_EV_IRQHandler
                0x0800d400                FPU_IRQHandler
                0x0800d400                FDCAN1_IT1_IRQHandler
                0x0800d400                TIM1_UP_TIM16_IRQHandler
                0x0800d400                ADC1_2_IRQHandler
                0x0800d400                HRTIM1_TIME_IRQHandler
                0x0800d400                SPI1_IRQHandler
                0x0800d400                TIM6_DAC_IRQHandler
                0x0800d400                HRTIM1_TIMC_IRQHandler
                0x0800d400                TIM8_UP_IRQHandler
                0x0800d400                DMA2_Channel2_IRQHandler
                0x0800d400                DMA1_Channel4_IRQHandler
                0x0800d400                TIM20_TRG_COM_IRQHandler
                0x0800d400                USART3_IRQHandler
                0x0800d400                DMA1_Channel7_IRQHandler
                0x0800d400                UART5_IRQHandler
                0x0800d400                ADC3_IRQHandler
                0x0800d400                TIM4_IRQHandler
                0x0800d400                DMA2_Channel1_IRQHandler
                0x0800d400                QUADSPI_IRQHandler
                0x0800d400                I2C1_EV_IRQHandler
                0x0800d400                DMA1_Channel6_IRQHandler
                0x0800d400                UART4_IRQHandler
                0x0800d400                DMA2_Channel4_IRQHandler
                0x0800d400                TIM3_IRQHandler
                0x0800d400                RCC_IRQHandler
                0x0800d400                TIM20_UP_IRQHandler
                0x0800d400                Default_Handler
                0x0800d400                DMA2_Channel7_IRQHandler
                0x0800d400                RTC_TAMP_LSECSS_IRQHandler
                0x0800d400                FMAC_IRQHandler
                0x0800d400                DMA1_Channel8_IRQHandler
                0x0800d400                HRTIM1_TIMA_IRQHandler
                0x0800d400                TIM7_DAC_IRQHandler
                0x0800d400                FDCAN3_IT1_IRQHandler
                0x0800d400                TIM5_IRQHandler
                0x0800d400                UCPD1_IRQHandler
                0x0800d400                I2C3_EV_IRQHandler
                0x0800d400                EXTI9_5_IRQHandler
                0x0800d400                RTC_WKUP_IRQHandler
                0x0800d400                PVD_PVM_IRQHandler
                0x0800d400                SPI2_IRQHandler
                0x0800d400                ADC5_IRQHandler
                0x0800d400                DMA2_Channel5_IRQHandler
                0x0800d400                CRS_IRQHandler
                0x0800d400                DMA1_Channel5_IRQHandler
                0x0800d400                USB_LP_IRQHandler
                0x0800d400                EXTI4_IRQHandler
                0x0800d400                RNG_IRQHandler
                0x0800d400                HRTIM1_TIMB_IRQHandler
                0x0800d400                TIM1_TRG_COM_TIM17_IRQHandler
                0x0800d400                FDCAN2_IT1_IRQHandler
                0x0800d400                DMA1_Channel3_IRQHandler
                0x0800d400                ADC4_IRQHandler
                0x0800d400                WWDG_IRQHandler
                0x0800d400                I2C4_EV_IRQHandler
                0x0800d400                FDCAN2_IT0_IRQHandler
                0x0800d400                DMA2_Channel6_IRQHandler
                0x0800d400                FDCAN1_IT0_IRQHandler
                0x0800d400                COMP7_IRQHandler
                0x0800d400                COMP1_2_3_IRQHandler
                0x0800d400                EXTI1_IRQHandler
                0x0800d400                USART2_IRQHandler
                0x0800d400                COMP4_5_6_IRQHandler
                0x0800d400                TIM20_BRK_IRQHandler
                0x0800d400                I2C2_ER_IRQHandler
                0x0800d400                DMA1_Channel2_IRQHandler
                0x0800d400                TIM8_BRK_IRQHandler
                0x0800d400                FLASH_IRQHandler
                0x0800d400                TIM20_CC_IRQHandler
                0x0800d400                USART1_IRQHandler
                0x0800d400                SPI3_IRQHandler
                0x0800d400                I2C1_ER_IRQHandler
                0x0800d400                FMC_IRQHandler
                0x0800d400                LPTIM1_IRQHandler
                0x0800d400                DMAMUX_OVR_IRQHandler
                0x0800d400                I2C4_ER_IRQHandler
                0x0800d400                USBWakeUp_IRQHandler
                0x0800d400                SAI1_IRQHandler
                0x0800d400                DMA2_Channel3_IRQHandler
                0x0800d400                TIM1_BRK_TIM15_IRQHandler
 *fill*         0x0800d402        0x2 
 .text.fmod     0x0800d404       0x6c C:/ProgramData/MATLAB/SupportPackages/R2024b/3P.instrset/gnuarm-armcortex.instrset/win/bin/../lib/gcc/arm-none-eabi/13.2.1/thumb/v7e-m+fp/hard\libm.a(libm_a-w_fmod.o)
                0x0800d404                fmod
 .text.__ieee754_fmod
                0x0800d470      0x30c C:/ProgramData/MATLAB/SupportPackages/R2024b/3P.instrset/gnuarm-armcortex.instrset/win/bin/../lib/gcc/arm-none-eabi/13.2.1/thumb/v7e-m+fp/hard\libm.a(libm_a-e_fmod.o)
                0x0800d470                __ieee754_fmod
 .text.__udivmoddi4
                0x0800d77c      0x2bc C:/ProgramData/MATLAB/SupportPackages/R2024b/3P.instrset/gnuarm-armcortex.instrset/win/bin/../lib/gcc/arm-none-eabi/13.2.1/thumb/v7e-m+fp/hard\libgcc.a(_udivmoddi4.o)
                0x0800d77c                __udivmoddi4
 .text.memset   0x0800da38       0x10 C:/ProgramData/MATLAB/SupportPackages/R2024b/3P.instrset/gnuarm-armcortex.instrset/win/bin/../lib/gcc/arm-none-eabi/13.2.1/thumb/v7e-m+fp/hard\libg_nano.a(libc_a-memset.o)
                0x0800da38                memset
 .text.__errno  0x0800da48        0xc C:/ProgramData/MATLAB/SupportPackages/R2024b/3P.instrset/gnuarm-armcortex.instrset/win/bin/../lib/gcc/arm-none-eabi/13.2.1/thumb/v7e-m+fp/hard\libg_nano.a(libc_a-errno.o)
                0x0800da48                __errno
 .text.__libc_init_array
                0x0800da54       0x48 C:/ProgramData/MATLAB/SupportPackages/R2024b/3P.instrset/gnuarm-armcortex.instrset/win/bin/../lib/gcc/arm-none-eabi/13.2.1/thumb/v7e-m+fp/hard\libg_nano.a(libc_a-init.o)
                0x0800da54                __libc_init_array
 .text.memcpy   0x0800da9c       0x1c C:/ProgramData/MATLAB/SupportPackages/R2024b/3P.instrset/gnuarm-armcortex.instrset/win/bin/../lib/gcc/arm-none-eabi/13.2.1/thumb/v7e-m+fp/hard\libg_nano.a(libc_a-memcpy-stub.o)
                0x0800da9c                memcpy
 *(.glue_7)
 .glue_7        0x0800dab8        0x0 linker stubs
 *(.glue_7t)
 .glue_7t       0x0800dab8        0x0 linker stubs
 *(.eh_frame)
 .eh_frame      0x0800dab8        0x0 C:/ProgramData/MATLAB/SupportPackages/R2024b/3P.instrset/gnuarm-armcortex.instrset/win/bin/../lib/gcc/arm-none-eabi/13.2.1/thumb/v7e-m+fp/hard/crtbegin.o
 *(.init)
 .init          0x0800dab8        0x4 C:/ProgramData/MATLAB/SupportPackages/R2024b/3P.instrset/gnuarm-armcortex.instrset/win/bin/../lib/gcc/arm-none-eabi/13.2.1/thumb/v7e-m+fp/hard/crti.o
                0x0800dab8                _init
 .init          0x0800dabc        0x8 C:/ProgramData/MATLAB/SupportPackages/R2024b/3P.instrset/gnuarm-armcortex.instrset/win/bin/../lib/gcc/arm-none-eabi/13.2.1/thumb/v7e-m+fp/hard/crtn.o
 *(.fini)
 .fini          0x0800dac4        0x4 C:/ProgramData/MATLAB/SupportPackages/R2024b/3P.instrset/gnuarm-armcortex.instrset/win/bin/../lib/gcc/arm-none-eabi/13.2.1/thumb/v7e-m+fp/hard/crti.o
                0x0800dac4                _fini
 .fini          0x0800dac8        0x8 C:/ProgramData/MATLAB/SupportPackages/R2024b/3P.instrset/gnuarm-armcortex.instrset/win/bin/../lib/gcc/arm-none-eabi/13.2.1/thumb/v7e-m+fp/hard/crtn.o
                0x0800dad0                        . = ALIGN (0x4)
                0x0800dad0                        _etext = .

.vfp11_veneer   0x0800dad0        0x0
 .vfp11_veneer  0x0800dad0        0x0 linker stubs

.v4_bx          0x0800dad0        0x0
 .v4_bx         0x0800dad0        0x0 linker stubs

.iplt           0x0800dad0        0x0
 .iplt          0x0800dad0        0x0 C:/ProgramData/MATLAB/SupportPackages/R2024b/3P.instrset/gnuarm-armcortex.instrset/win/bin/../lib/gcc/arm-none-eabi/13.2.1/thumb/v7e-m+fp/hard/crtbegin.o

.rodata         0x0800dad0     0x2a18
                0x0800dad0                        . = ALIGN (0x4)
 *(.rodata)
 .rodata        0x0800dad0      0x2b9 xcp_ext_mode.o
 *fill*         0x0800dd89        0x3 
 .rodata        0x0800dd8c      0x12e xcp_ext_common.o
 *fill*         0x0800deba        0x2 
 .rodata        0x0800debc       0x4c xcp_ext_classic_trigger.o
 .rodata        0x0800df08      0x278 xcp.o
 .rodata        0x0800e180      0x3a9 xcp_standard.o
 *fill*         0x0800e529        0x3 
 .rodata        0x0800e52c     0x1010 xcp_daq.o
 .rodata        0x0800f53c       0xdd xcp_calibration.o
 *fill*         0x0800f619        0x3 
 .rodata        0x0800f61c      0x56e xcp_transport.o
 *fill*         0x0800fb8a        0x2 
 .rodata        0x0800fb8c       0xf5 xcp_mem_default.o
 *fill*         0x0800fc81        0x3 
 .rodata        0x0800fc84      0x228 xcp_drv_rtiostream.o
 .rodata        0x0800feac      0x4aa xcp_frame_serial.o
 *(.rodata*)
 *fill*         0x08010356        0x2 
 .rodata.Read_Encoder_M
                0x08010358        0x4 Read_Encoder.o
                0x08010358                Read_Encoder_M
 .rodata.rtAlwaysEnabled.0
                0x0801035c        0x1 Read_Encoder.o
 *fill*         0x0801035d        0x3 
 .rodata.standardSupportedRxPacket
                0x08010360       0x54 xcp_standard.o
 .rodata.daqSupportedRxPacket
                0x080103b4       0x9c xcp_daq.o
 .rodata.calibrationSupportedRxPacket
                0x08010450       0x18 xcp_calibration.o
 .rodata.CHANNEL_OFFSET_TAB
                0x08010468        0x8 stm_usart.o
 .rodata.CHANNEL_OFFSET_TAB
                0x08010470        0x8 stm_lpuart.o
 .rodata.CHANNEL_OFFSET_TAB
                0x08010478        0x8 main.o
 .rodata.OFFSET_TAB_CCMRx
                0x08010480        0xa main.o
 *fill*         0x0801048a        0x2 
 .rodata.SHIFT_TAB_ICxx
                0x0801048c        0xa main.o
 *fill*         0x08010496        0x2 
 .rodata.SHIFT_TAB_CCxP
                0x08010498        0xa main.o
 *fill*         0x080104a2        0x2 
 .rodata.LPUART_PRESCALER_TAB
                0x080104a4       0x18 stm32g4xx_ll_lpuart.o
 .rodata.AHBPrescTable
                0x080104bc       0x10 system_stm32g4xx.o
                0x080104bc                AHBPrescTable
 .rodata.APBPrescTable
                0x080104cc        0x8 system_stm32g4xx.o
                0x080104cc                APBPrescTable
 *fill*         0x080104d4        0x4 
 .rodata.Zero   0x080104d8       0x10 C:/ProgramData/MATLAB/SupportPackages/R2024b/3P.instrset/gnuarm-armcortex.instrset/win/bin/../lib/gcc/arm-none-eabi/13.2.1/thumb/v7e-m+fp/hard\libm.a(libm_a-e_fmod.o)
                0x080104e8                        . = ALIGN (0x4)

.ARM.extab      0x080104e8        0x0
                0x080104e8                        . = ALIGN (0x4)
 *(.ARM.extab* .gnu.linkonce.armextab.*)
                0x080104e8                        . = ALIGN (0x4)

.ARM            0x080104e8        0x8
                0x080104e8                        . = ALIGN (0x4)
                0x080104e8                        __exidx_start = .
 *(.ARM.exidx*)
 .ARM.exidx.text.__udivmoddi4
                0x080104e8        0x8 C:/ProgramData/MATLAB/SupportPackages/R2024b/3P.instrset/gnuarm-armcortex.instrset/win/bin/../lib/gcc/arm-none-eabi/13.2.1/thumb/v7e-m+fp/hard\libgcc.a(_udivmoddi4.o)
                0x080104f0                        __exidx_end = .
                0x080104f0                        . = ALIGN (0x4)

.preinit_array  0x080104f0        0x0
                0x080104f0                        . = ALIGN (0x4)
                0x080104f0                        PROVIDE (__preinit_array_start = .)
 *(.preinit_array*)
                0x080104f0                        PROVIDE (__preinit_array_end = .)
                0x080104f0                        . = ALIGN (0x4)

.init_array     0x080104f0        0x4
                0x080104f0                        . = ALIGN (0x4)
                0x080104f0                        PROVIDE (__init_array_start = .)
 *(SORT_BY_NAME(.init_array.*))
 *(.init_array*)
 .init_array    0x080104f0        0x4 C:/ProgramData/MATLAB/SupportPackages/R2024b/3P.instrset/gnuarm-armcortex.instrset/win/bin/../lib/gcc/arm-none-eabi/13.2.1/thumb/v7e-m+fp/hard/crtbegin.o
                0x080104f4                        PROVIDE (__init_array_end = .)
                0x080104f4                        . = ALIGN (0x4)

.fini_array     0x080104f4        0x4
                0x080104f4                        . = ALIGN (0x4)
                [!provide]                        PROVIDE (__fini_array_start = .)
 *(SORT_BY_NAME(.fini_array.*))
 *(.fini_array*)
 .fini_array    0x080104f4        0x4 C:/ProgramData/MATLAB/SupportPackages/R2024b/3P.instrset/gnuarm-armcortex.instrset/win/bin/../lib/gcc/arm-none-eabi/13.2.1/thumb/v7e-m+fp/hard/crtbegin.o
                [!provide]                        PROVIDE (__fini_array_end = .)
                0x080104f8                        . = ALIGN (0x4)
                0x080104f8                        _sidata = LOADADDR (.data)

.rel.dyn        0x080104f8        0x0
 .rel.iplt      0x080104f8        0x0 C:/ProgramData/MATLAB/SupportPackages/R2024b/3P.instrset/gnuarm-armcortex.instrset/win/bin/../lib/gcc/arm-none-eabi/13.2.1/thumb/v7e-m+fp/hard/crtbegin.o

.data           0x20000000       0xe4 load address 0x080104f8
                0x20000000                        . = ALIGN (0x4)
                0x20000000                        _sdata = .
 *(.data)
 *(.data*)
 .data.xcpExtmodeFinalSimulationTime
                0x20000000        0x8 xcp_ext_common.o
                0x20000000                xcpExtmodeFinalSimulationTime
 .data.xcpClassicTriggerDuration
                0x20000008        0x4 xcp_ext_classic_trigger.o
                0x20000008                xcpClassicTriggerDuration
 .data.xcpClassicTriggerArmRequest
                0x2000000c        0x1 xcp_ext_classic_trigger.o
                0x2000000c                xcpClassicTriggerArmRequest
 *fill*         0x2000000d        0x3 
 .data.startStopDaqListId
                0x20000010        0x4 xcp_daq.o
 .data.xcpCurrentDaq
                0x20000014        0x4 xcp_daq.o
 .data.xcpEventCustomMemoryManager
                0x20000018        0xc xcp_daq.o
 .data.xcpCtoReservedMemPoolId
                0x20000024        0x4 xcp_transport.o
 .data.xcpMemMainBlockSizes
                0x20000028        0xc xcp_mem_default.o
 .data.xcpMemMainBlocksNumber
                0x20000034        0xc xcp_mem_default.o
 .data.drvID    0x20000040        0x4 xcp_drv_rtiostream.o
 .data.xcpCtoReservedMemPoolId
                0x20000044        0x4 xcp_frame_serial.o
 .data.uartObj  0x20000048       0x40 rtiostream_serial.o
                0x20000048                uartObj
 .data.uwTickPrio
                0x20000088        0x4 stm32g4xx_hal.o
                0x20000088                uwTickPrio
 .data.uwTickFreq
                0x2000008c        0x4 stm32g4xx_hal.o
                0x2000008c                uwTickFreq
 .data.SystemCoreClock
                0x20000090        0x4 system_stm32g4xx.o
                0x20000090                SystemCoreClock
 .data._impure_ptr
                0x20000094        0x4 C:/ProgramData/MATLAB/SupportPackages/R2024b/3P.instrset/gnuarm-armcortex.instrset/win/bin/../lib/gcc/arm-none-eabi/13.2.1/thumb/v7e-m+fp/hard\libg_nano.a(libc_a-impure.o)
                0x20000094                _impure_ptr
 .data._impure_data
                0x20000098       0x4c C:/ProgramData/MATLAB/SupportPackages/R2024b/3P.instrset/gnuarm-armcortex.instrset/win/bin/../lib/gcc/arm-none-eabi/13.2.1/thumb/v7e-m+fp/hard\libg_nano.a(libc_a-impure.o)
                0x20000098                _impure_data
 *(.RamFunc)
 *(.RamFunc*)
                0x200000e4                        . = ALIGN (0x4)
                0x200000e4                        _edata = .

.tm_clone_table
                0x200000e4        0x0 load address 0x080105dc
 .tm_clone_table
                0x200000e4        0x0 C:/ProgramData/MATLAB/SupportPackages/R2024b/3P.instrset/gnuarm-armcortex.instrset/win/bin/../lib/gcc/arm-none-eabi/13.2.1/thumb/v7e-m+fp/hard/crtbegin.o
 .tm_clone_table
                0x200000e4        0x0 C:/ProgramData/MATLAB/SupportPackages/R2024b/3P.instrset/gnuarm-armcortex.instrset/win/bin/../lib/gcc/arm-none-eabi/13.2.1/thumb/v7e-m+fp/hard/crtend.o

.igot.plt       0x200000e4        0x0 load address 0x080105dc
 .igot.plt      0x200000e4        0x0 C:/ProgramData/MATLAB/SupportPackages/R2024b/3P.instrset/gnuarm-armcortex.instrset/win/bin/../lib/gcc/arm-none-eabi/13.2.1/thumb/v7e-m+fp/hard/crtbegin.o
                0x200000e4                        . = ALIGN (0x4)

.bss            0x200000e8     0x1ef4 load address 0x080105dc
                0x200000e8                        _sbss = .
                0x200000e8                        __bss_start__ = _sbss
 *(.bss)
 *(.bss*)
 .bss.completed.1
                0x200000e8        0x1 C:/ProgramData/MATLAB/SupportPackages/R2024b/3P.instrset/gnuarm-armcortex.instrset/win/bin/../lib/gcc/arm-none-eabi/13.2.1/thumb/v7e-m+fp/hard/crtbegin.o
 *fill*         0x200000e9        0x3 
 .bss.object.0  0x200000ec       0x18 C:/ProgramData/MATLAB/SupportPackages/R2024b/3P.instrset/gnuarm-armcortex.instrset/win/bin/../lib/gcc/arm-none-eabi/13.2.1/thumb/v7e-m+fp/hard/crtbegin.o
 .bss.mw_tim3   0x20000104       0x8c stm_timer_ll.o
                0x20000104                mw_tim3
 .bss.mw_tim4   0x20000190       0x8c stm_timer_ll.o
                0x20000190                mw_tim4
 .bss.mw_tim8   0x2000021c       0x8c stm_timer_ll.o
                0x2000021c                mw_tim8
 .bss.firstIndexReceived.0
                0x200002a8        0x1 stm_timer_ll.o
 *fill*         0x200002a9        0x3 
 .bss.xcpCustomTriggerFunction
                0x200002ac        0x8 xcp_ext_mode.o
 *fill*         0x200002b4        0x4 
 .bss.Read_Encoder_B
                0x200002b8       0x60 Read_Encoder.o
                0x200002b8                Read_Encoder_B
 .bss.Read_Encoder_DW
                0x20000318       0xe0 Read_Encoder.o
                0x20000318                Read_Encoder_DW
 .bss.Read_Encoder_M_
                0x200003f8       0x48 Read_Encoder.o
 .bss.rt_ExtModeInfo.2
                0x20000440       0x14 Read_Encoder.o
 .bss.systemRan.1
                0x20000454       0x48 Read_Encoder.o
 .bss.IsrOverrun
                0x2000049c        0x4 ert_main.o
                0x2000049c                IsrOverrun
 .bss.OverrunFlag
                0x200004a0        0x1 ert_main.o
 .bss.stopRequested
                0x200004a1        0x1 ert_main.o
                0x200004a1                stopRequested
 .bss.runModel  0x200004a2        0x1 ert_main.o
                0x200004a2                runModel
 .bss.xcpModelStartRequest
                0x200004a3        0x1 xcp_ext_common.o
                0x200004a3                xcpModelStartRequest
 .bss.xcpModelStopRequest
                0x200004a4        0x1 xcp_ext_common.o
                0x200004a4                xcpModelStopRequest
 .bss.xcpModelStatus
                0x200004a5        0x1 xcp_ext_common.o
                0x200004a5                xcpModelStatus
 *fill*         0x200004a6        0x2 
 .bss.xcpModelChecksum0
                0x200004a8        0x4 xcp_ext_common.o
                0x200004a8                xcpModelChecksum0
 .bss.xcpModelChecksum1
                0x200004ac        0x4 xcp_ext_common.o
                0x200004ac                xcpModelChecksum1
 .bss.xcpModelChecksum2
                0x200004b0        0x4 xcp_ext_common.o
                0x200004b0                xcpModelChecksum2
 .bss.xcpModelChecksum3
                0x200004b4        0x4 xcp_ext_common.o
                0x200004b4                xcpModelChecksum3
 .bss.xcpModelIntegerCode
                0x200004b8        0x4 xcp_ext_common.o
                0x200004b8                xcpModelIntegerCode
 .bss.xcpExtmodeSimulationComplete
                0x200004bc        0x1 xcp_ext_common.o
                0x200004bc                xcpExtmodeSimulationComplete
 *fill*         0x200004bd        0x3 
 .bss.xcpDummyDoubleVariable
                0x200004c0        0x8 xcp_ext_common.o
                0x200004c0                xcpDummyDoubleVariable
 .bss.xcpDummyUint64Variable
                0x200004c8        0x8 xcp_ext_common.o
                0x200004c8                xcpDummyUint64Variable
 .bss.xcpCurrentSimulationTimeInMs
                0x200004d0        0x8 xcp_ext_common.o
                0x200004d0                xcpCurrentSimulationTimeInMs
 .bss.xcpBaseRateSimulationTime
                0x200004d8        0x8 xcp_ext_common.o
 .bss.xcpClassicTriggerEventId
                0x200004e0        0x2 xcp_ext_classic_trigger.o
                0x200004e0                xcpClassicTriggerEventId
 *fill*         0x200004e2        0x2 
 .bss.xcpClassicTriggerSignalAddress
                0x200004e4        0x4 xcp_ext_classic_trigger.o
                0x200004e4                xcpClassicTriggerSignalAddress
 .bss.xcpClassicTriggerSignalAddressExtension
                0x200004e8        0x1 xcp_ext_classic_trigger.o
                0x200004e8                xcpClassicTriggerSignalAddressExtension
 *fill*         0x200004e9        0x7 
 .bss.xcpClassicTriggerLevel
                0x200004f0        0x8 xcp_ext_classic_trigger.o
                0x200004f0                xcpClassicTriggerLevel
 .bss.xcpClassicTriggerHoldOff
                0x200004f8        0x4 xcp_ext_classic_trigger.o
                0x200004f8                xcpClassicTriggerHoldOff
 .bss.xcpClassicTriggerDelay
                0x200004fc        0x4 xcp_ext_classic_trigger.o
                0x200004fc                xcpClassicTriggerDelay
 .bss.xcpClassicTriggerDirection
                0x20000500        0x1 xcp_ext_classic_trigger.o
                0x20000500                xcpClassicTriggerDirection
 .bss.xcpClassicTriggerCancelRequest
                0x20000501        0x1 xcp_ext_classic_trigger.o
                0x20000501                xcpClassicTriggerCancelRequest
 .bss.xcpClassicTriggerSource
                0x20000502        0x1 xcp_ext_classic_trigger.o
                0x20000502                xcpClassicTriggerSource
 .bss.xcpClassicTriggerMode
                0x20000503        0x1 xcp_ext_classic_trigger.o
                0x20000503                xcpClassicTriggerMode
 .bss.xcpClassicTriggerStatus
                0x20000504        0x1 xcp_ext_classic_trigger.o
                0x20000504                xcpClassicTriggerStatus
 *fill*         0x20000505        0x3 
 .bss.xcpOldSignalValue
                0x20000508        0x8 xcp_ext_classic_trigger.o
 .bss.xcpOldSignalValueAvailable
                0x20000510        0x1 xcp_ext_classic_trigger.o
 .bss.xcpOldClassicTriggerSource
                0x20000511        0x1 xcp_ext_classic_trigger.o
 .bss.xcpTriggerEnabled
                0x20000512        0x1 xcp_ext_classic_trigger.o
 .bss.xcpSignalTriggerFired
                0x20000513        0x1 xcp_ext_classic_trigger.o
 .bss.xcpTriggerCount
                0x20000514        0x4 xcp_ext_classic_trigger.o
 .bss.xcpForcedTriggerEnabled
                0x20000518        0x1 xcp_ext_classic_trigger.o
 .bss.xcpForceTriggerEnableRequest
                0x20000519        0x1 xcp_ext_classic_trigger.o
 .bss.initialized
                0x2000051a        0x1 xcp.o
 .bss.xcpStatus
                0x2000051b        0x1 xcp.o
 .bss.xcpSessionStatus
                0x2000051c        0x1 xcp.o
 .bss.xcpResourceProtectionStatus
                0x2000051d        0x1 xcp.o
 .bss.xcpSessionConfigurationId
                0x2000051e        0x2 xcp.o
 .bss.groupPacketLookup
                0x20000520       0x10 xcp.o
 .bss.xcpMta    0x20000530        0x8 xcp_standard.o
 .bss.xcpUploadSize
                0x20000538        0x1 xcp_standard.o
 *fill*         0x20000539        0x3 
 .bss.packetLookup
                0x2000053c        0x4 xcp_standard.o
 .bss.xcpDynamicDaqLists
                0x20000540        0x8 xcp_daq.o
 .bss.xcpRunningEventCounter
                0x20000548        0x4 xcp_daq.o
 .bss.daqLock   0x2000054c        0x4 xcp_daq.o
 .bss.packetLookup
                0x20000550        0x4 xcp_daq.o
 .bss.packetLookup
                0x20000554        0x4 xcp_calibration.o
 .bss.txFifo    0x20000558       0x10 xcp_transport.o
 .bss.txLock    0x20000568        0x4 xcp_transport.o
 .bss.rxFifo    0x2000056c        0x8 xcp_transport.o
 .bss.rxLock    0x20000574        0x4 xcp_transport.o
 .bss.initialized
                0x20000578        0x1 xcp_transport.o
 *fill*         0x20000579        0x3 
 .bss.xcpMemPoolDescriptors
                0x2000057c       0xc0 xcp_mem_default.o
 .bss.xcpMemCustomPoolDescriptors
                0x2000063c        0x8 xcp_mem_default.o
 .bss.xcpMemMainChunk
                0x20000644      0x4c7 xcp_mem_default.o
 *fill*         0x20000b0b        0x1 
 .bss.xcpMemReservedPoolsChunk
                0x20000b0c      0xed1 xcp_mem_default.o
 *fill*         0x200019dd        0x3 
 .bss.xcpMemReservedPoolsChunkUsedBytes
                0x200019e0        0x4 xcp_mem_default.o
 .bss.xcpMemLock
                0x200019e4        0x4 xcp_mem_default.o
 .bss.forceBlocking
                0x200019e8        0x1 xcp_drv_rtiostream.o
 *fill*         0x200019e9        0x1 
 .bss.txCounter
                0x200019ea        0x2 xcp_frame_serial.o
 .bss.rxCounter
                0x200019ec        0x2 xcp_frame_serial.o
 *fill*         0x200019ee        0x2 
 .bss.firstRxCounterReceived
                0x200019f0        0x4 xcp_frame_serial.o
 .bss.initialized
                0x200019f4        0x1 xcp_frame_serial.o
 *fill*         0x200019f5        0x3 
 .bss.timestampInitialized
                0x200019f8        0x4 platform_timer.o
 .bss.timestampStartTime
                0x200019fc        0x4 platform_timer.o
 .bss.schdl_counter
                0x20001a00        0x4 SysTickScheduler.o
                0x20001a00                schdl_counter
 .bss.schdl_counter_max
                0x20001a04        0x4 SysTickScheduler.o
                0x20001a04                schdl_counter_max
 .bss.taskToSchedule
                0x20001a08        0x4 m3m4m4f_multitasking.o
                0x20001a08                taskToSchedule
 .bss.mw_ext_h  0x20001a0c        0x4 rtiostream_serial.o
                0x20001a0c                mw_ext_h
 .bss.UARTRxBuffer
                0x20001a10        0x4 rtiostream_serial.o
                0x20001a10                UARTRxBuffer
 .bss.mw_lpuart1
                0x20001a14       0x40 stm_lpuart.o
                0x20001a14                mw_lpuart1
 .bss.LPUART1ReceiveBuffer
                0x20001a54      0x400 stm_lpuart.o
                0x20001a54                LPUART1ReceiveBuffer
 .bss.htim2     0x20001e54       0x4c stm32g4xx_hal_timebase_tim.o
                0x20001e54                htim2
 .bss.uwTick    0x20001ea0        0x4 stm32g4xx_hal.o
                0x20001ea0                uwTick
 .bss.__sf      0x20001ea4      0x138 C:/ProgramData/MATLAB/SupportPackages/R2024b/3P.instrset/gnuarm-armcortex.instrset/win/bin/../lib/gcc/arm-none-eabi/13.2.1/thumb/v7e-m+fp/hard\libg_nano.a(libc_a-findfp.o)
                0x20001ea4                __sf
 *(COMMON)
                0x20001fdc                        . = ALIGN (0x4)
                0x20001fdc                        _ebss = .
                0x20001fdc                        __bss_end__ = _ebss

._user_heap_stack
                0x20001fdc      0x604 load address 0x080105dc
                0x20001fe0                        . = ALIGN (0x8)
 *fill*         0x20001fdc        0x4 
                [!provide]                        PROVIDE (end = .)
                0x20001fe0                        PROVIDE (_end = .)
                0x200021e0                        . = (. + _Min_Heap_Size)
 *fill*         0x20001fe0      0x200 
                0x200025e0                        . = (. + _Min_Stack_Size)
 *fill*         0x200021e0      0x400 
                0x200025e0                        . = ALIGN (0x8)

/DISCARD/
 libc.a(*)
 libm.a(*)
 libgcc.a(*)

.ARM.attributes
                0x00000000       0x30
 *(.ARM.attributes)
 .ARM.attributes
                0x00000000       0x22 C:/ProgramData/MATLAB/SupportPackages/R2024b/3P.instrset/gnuarm-armcortex.instrset/win/bin/../lib/gcc/arm-none-eabi/13.2.1/thumb/v7e-m+fp/hard/crti.o
 .ARM.attributes
                0x00000022       0x34 C:/ProgramData/MATLAB/SupportPackages/R2024b/3P.instrset/gnuarm-armcortex.instrset/win/bin/../lib/gcc/arm-none-eabi/13.2.1/thumb/v7e-m+fp/hard/crtbegin.o
 .ARM.attributes
                0x00000056       0x34 stm_timer_ll.o
 .ARM.attributes
                0x0000008a       0x34 xcp_ext_mode.o
 .ARM.attributes
                0x000000be       0x34 Read_Encoder.o
 .ARM.attributes
                0x000000f2       0x34 ert_main.o
 .ARM.attributes
                0x00000126       0x34 xcp_ext_common.o
 .ARM.attributes
                0x0000015a       0x34 xcp_ext_classic_trigger.o
 .ARM.attributes
                0x0000018e       0x34 xcp.o
 .ARM.attributes
                0x000001c2       0x34 xcp_standard.o
 .ARM.attributes
                0x000001f6       0x34 xcp_daq.o
 .ARM.attributes
                0x0000022a       0x34 xcp_calibration.o
 .ARM.attributes
                0x0000025e       0x34 xcp_fifo.o
 .ARM.attributes
                0x00000292       0x34 xcp_transport.o
 .ARM.attributes
                0x000002c6       0x34 xcp_mem_default.o
 .ARM.attributes
                0x000002fa       0x34 xcp_drv_rtiostream.o
 .ARM.attributes
                0x0000032e       0x34 xcp_utils.o
 .ARM.attributes
                0x00000362       0x34 xcp_frame_serial.o
 .ARM.attributes
                0x00000396       0x34 xcp_ext_param_default_serial.o
 .ARM.attributes
                0x000003ca       0x34 overrideHALDelay.o
 .ARM.attributes
                0x000003fe       0x34 platform_timer.o
 .ARM.attributes
                0x00000432       0x34 SysTickScheduler.o
 .ARM.attributes
                0x00000466       0x34 m3m4m4f_multitasking.o
 .ARM.attributes
                0x0000049a       0x34 rtiostream_serial.o
 .ARM.attributes
                0x000004ce       0x34 stm_usart.o
 .ARM.attributes
                0x00000502       0x34 stm_lpuart.o
 .ARM.attributes
                0x00000536       0x34 sys_arch.o
 .ARM.attributes
                0x0000056a       0x34 main.o
 .ARM.attributes
                0x0000059e       0x34 stm32g4xx_it.o
 .ARM.attributes
                0x000005d2       0x34 stm32g4xx_hal_msp.o
 .ARM.attributes
                0x00000606       0x34 stm32g4xx_hal_timebase_tim.o